05-15 12:08:28.370  1338  1338 E Hyphenator: 	at libcore.io.IoBridge.open(IoBridge.java:455)
05-15 12:08:28.370  1338  1338 E Hyphenator: 	at java.io.RandomAccessFile.<init>(RandomAccessFile.java:247)
05-15 12:08:28.370  1338  1338 E Hyphenator: 	at android.text.Hyphenator.loadHyphenator(Hyphenator.java:118)
05-15 12:08:28.370  1338  1338 E Hyphenator: 	at android.text.Hyphenator.init(Hyphenator.java:224)
05-15 12:08:28.370  1338  1338 E Hyphenator: 	at com.android.internal.os.ZygoteInit.preloadTextResources(ZygoteInit.java:252)
05-15 12:08:28.370  1338  1338 E Hyphenator: 	at com.android.internal.os.ZygoteInit.preload(ZygoteInit.java:206)
05-15 12:08:28.370  1338  1338 E Hyphenator: 	at com.android.internal.os.ZygoteInit.main(ZygoteInit.java:723)
05-15 12:08:28.370  1338  1338 E Hyphenator: Caused by: android.system.ErrnoException: open failed: ENOENT (No such file or directory)
05-15 12:08:28.370  1338  1338 E Hyphenator: 	at libcore.io.Posix.open(Native Method)
05-15 12:08:28.370  1338  1338 E Hyphenator: 	at libcore.io.BlockGuardOs.open(BlockGuardOs.java:187)
05-15 12:08:28.370  1338  1338 E Hyphenator: 	at libcore.io.IoBridge.open(IoBridge.java:441)
05-15 12:08:28.370  1338  1338 E Hyphenator: 	... 6 more
05-15 12:08:28.370  1338  1338 E Hyphenator: error loading hyphenation /system/usr/hyphen-data/hyph-und-ethi.hyb
05-15 12:08:28.370  1338  1338 E Hyphenator: java.io.FileNotFoundException: /system/usr/hyphen-data/hyph-und-ethi.hyb: open failed: ENOENT (No such file or directory)
05-15 12:08:28.370  1338  1338 E Hyphenator: 	at libcore.io.IoBridge.open(IoBridge.java:455)
05-15 12:08:28.370  1338  1338 E Hyphenator: 	at java.io.RandomAccessFile.<init>(RandomAccessFile.java:247)
05-15 12:08:28.370  1338  1338 E Hyphenator: 	at android.text.Hyphenator.loadHyphenator(Hyphenator.java:118)
05-15 12:08:28.370  1338  1338 E Hyphenator: 	at android.text.Hyphenator.init(Hyphenator.java:224)
05-15 12:08:28.370  1338  1338 E Hyphenator: 	at com.android.internal.os.ZygoteInit.preloadTextResources(ZygoteInit.java:252)
05-15 12:08:28.370  1338  1338 E Hyphenator: 	at com.android.internal.os.ZygoteInit.preload(ZygoteInit.java:206)
05-15 12:08:28.370  1338  1338 E Hyphenator: 	at com.android.internal.os.ZygoteInit.main(ZygoteInit.java:723)
05-15 12:08:28.370  1338  1338 E Hyphenator: Caused by: android.system.ErrnoException: open failed: ENOENT (No such file or directory)
05-15 12:08:28.370  1338  1338 E Hyphenator: 	at libcore.io.Posix.open(Native Method)
05-15 12:08:28.370  1338  1338 E Hyphenator: 	at libcore.io.BlockGuardOs.open(BlockGuardOs.java:187)
05-15 12:08:28.370  1338  1338 E Hyphenator: 	at libcore.io.IoBridge.open(IoBridge.java:441)
05-15 12:08:28.370  1338  1338 E Hyphenator: 	... 6 more
05-15 12:08:28.371  1337  1337 I Zygote  : Installed AndroidKeyStoreProvider in 13ms.
05-15 12:08:28.376  1337  1337 I Zygote  : Warmed up JCA providers in 5ms.
05-15 12:08:28.376  1337  1337 D Zygote  : end preload
05-15 12:08:28.376  1337  1337 I art     : Starting a blocking GC Explicit
05-15 12:08:28.377  1338  1338 I Zygote  : Uninstalled ICU cache reference pinning...
05-15 12:08:28.381  1337  1337 I art     : Explicit concurrent mark sweep GC freed 14195(1119KB) AllocSpace objects, 2(92KB) LOS objects, 44% free, 5MB/9MB, paused 291us total 4.492ms
05-15 12:08:28.381  1337  1337 I art     : Starting a blocking GC Explicit
05-15 12:08:28.382  1338  1338 I Zygote  : Installed AndroidKeyStoreProvider in 5ms.
05-15 12:08:28.385  1337  1337 I art     : Explicit concurrent mark sweep GC freed 537(19KB) AllocSpace objects, 0(0B) LOS objects, 44% free, 5MB/9MB, paused 271us total 3.612ms
05-15 12:08:28.385  1337  1658 I art     : Starting a blocking GC HeapTrim
05-15 12:08:28.386  1337  1337 I art     : Starting a blocking GC Background
05-15 12:08:28.388  1338  1338 I Zygote  : Warmed up JCA providers in 6ms.
05-15 12:08:28.388  1338  1338 D Zygote  : end preload
05-15 12:08:28.388  1338  1338 I art     : Starting a blocking GC Explicit
05-15 12:08:28.394  1338  1338 I art     : Explicit concurrent mark sweep GC freed 15229(1160KB) AllocSpace objects, 0(0B) LOS objects, 43% free, 5MB/9MB, paused 296us total 5.710ms
05-15 12:08:28.394  1338  1338 I art     : Starting a blocking GC Explicit
05-15 12:08:28.397  1337  1337 I Zygote  : System server process 1669 has been created
05-15 12:08:28.397  1337  1337 I Zygote  : Accepting command socket connections
05-15 12:08:28.399  1338  1338 I art     : Explicit concurrent mark sweep GC freed 1461(69KB) AllocSpace objects, 2(92KB) LOS objects, 44% free, 4MB/8MB, paused 313us total 4.377ms
05-15 12:08:28.399  1338  1338 I Zygote  : Accepting command socket connections
05-15 12:08:28.414  1669  1669 I Zygote  : Process: zygote socket opened, supported ABIS: x86
05-15 12:08:28.415  1669  1669 I InstallerConnection: connecting...
05-15 12:08:28.415  1342  1342 I         : new connection
05-15 12:08:28.429  1669  1669 I InstallerConnection: disconnecting...
05-15 12:08:28.429  1342  1342 E         : eof
05-15 12:08:28.429  1342  1342 E         : failed to read size
05-15 12:08:28.429  1342  1342 I         : closing connection
05-15 12:08:28.487  1669  1669 I SystemServer: Entered the Android system server!
05-15 12:08:28.518  1340  1340 I ServiceManager: Waiting for service media.camera.proxy...
05-15 12:08:28.641  1669  1669 I SystemServiceManager: Starting com.android.server.pm.Installer
05-15 12:08:28.646  1669  1669 I Installer: Waiting for installd to be ready.
05-15 12:08:28.646  1669  1669 I InstallerConnection: connecting...
05-15 12:08:28.646  1342  1342 I         : new connection
05-15 12:08:28.646  1669  1669 I SystemServiceManager: Starting com.android.server.am.ActivityManagerService$Lifecycle
05-15 12:08:28.681  1669  1669 I ActivityManager: Memory class: 384
05-15 12:08:28.701  1669  1683 I ServiceThread: Enabled StrictMode logging for ActivityManager looper.
05-15 12:08:28.713  1669  1684 I ServiceThread: Enabled StrictMode logging for android.ui looper.
05-15 12:08:28.737  1669  1669 D BatteryStatsImpl: Reading daily items from /data/system/batterystats-daily.xml
05-15 12:08:28.766  1669  1669 I AppOps  : No existing app ops /data/system/appops.xml; starting empty
05-15 12:08:28.794  1669  1669 I IntentFirewall: Read new rules (A:0 B:0 S:0)
05-15 12:08:28.800  1669  1690 I ServiceThread: Enabled StrictMode logging for android.display looper.
05-15 12:08:28.804  1669  1669 D AppOps  : AppOpsService published
05-15 12:08:28.805  1669  1669 I SystemServiceManager: Starting com.android.server.power.PowerManagerService
05-15 12:08:28.807  1669  1692 I ServiceThread: Enabled StrictMode logging for PowerManagerService looper.
05-15 12:08:28.807  1669  1669 E PowerManagerService-JNI: Couldn't load power module (No such file or directory)
05-15 12:08:28.807  1669  1669 W libsuspend: Error writing 'on' to /sys/power/state: Invalid argument
05-15 12:08:28.808  1669  1669 I libsuspend: Selected wakeup count
05-15 12:08:28.811  1669  1669 I SystemServiceManager: Starting com.android.server.lights.LightsService
05-15 12:08:28.816  1669  1669 I SystemServiceManager: Starting com.android.server.display.DisplayManagerService
05-15 12:08:28.831  1669  1669 I SystemServiceManager: Starting phase 100
05-15 12:08:28.832  1332  1394 E SurfaceFlinger: ro.sf.lcd_density must be defined as a build property
05-15 12:08:28.833  1669  1690 I DisplayManagerService: Display device added: DisplayDeviceInfo{"Built-in Screen": uniqueId="local:0", 1080 x 1920, modeId 1, defaultModeId 1, supportedModes [{id=1, width=1080, height=1920, fps=60.000004}], colorTransformId 1, defaultColorTransformId 1, supportedColorTransforms [{id=1, colorTransform=0}], HdrCapabilities android.view.Display$HdrCapabilities@551c8d9, density 420, 420.0 x 420.0 dpi, appVsyncOff 0, presDeadline 17666666, touch INTERNAL, rotation 0, type BUILT_IN, state UNKNOWN, FLAG_DEFAULT_DISPLAY, FLAG_ROTATES_WITH_CONTENT, FLAG_SECURE, FLAG_SUPPORTS_PROTECTED_BUFFERS}
05-15 12:08:28.833  1332  1332 D SurfaceFlinger: Set power mode=2, type=0 flinger=0x7658fa447000
05-15 12:08:28.833  1332  1332 D SurfaceFlinger: Screen type=0 is already mode=2
05-15 12:08:28.834  1669  1690 I DisplayManagerService: Display device changed state: "Built-in Screen", ON
05-15 12:08:28.835  1669  1669 I SystemServer: StartPackageManagerService
05-15 12:08:28.880  1669  1669 W FileUtils: Failed to chmod(/data/system/packages.list): android.system.ErrnoException: chmod failed: ENOENT (No such file or directory)
05-15 12:08:28.891  1669  1669 W SystemConfig: No directory /system/etc/sysconfig, skipping
05-15 12:08:28.918  1669  1669 D SELinuxMMAC: Using policy file /system/etc/security/mac_permissions.xml
05-15 12:08:28.922  1669  1669 I PackageManager: No settings file; creating initial state
05-15 12:08:28.939  1669  1669 E art     : DexFile_getDexOptNeeded file '/system/framework/org.apache.http.legacy.jar' does not exist
05-15 12:08:28.939  1669  1669 W PackageManager: Library not found: /system/framework/org.apache.http.legacy.jar
05-15 12:08:28.951  1669  1669 E art     : DexFile_getDexOptNeeded file '/system/framework/org.apache.http.legacy.jar' does not exist
05-15 12:08:28.951  1669  1669 W PackageManager: Library not found: /system/framework/org.apache.http.legacy.jar
05-15 12:08:28.955  1669  1669 D PackageManager: No files in app dir /vendor/overlay
05-15 12:08:28.976  1669  1669 I PackageManager: /system/framework/framework-res.apk changed; collecting certs
05-15 12:08:29.160  1669  1669 W PackageManager: Failed to parse /system/framework/oat: Missing base APK in /system/framework/oat
05-15 12:08:29.160  1669  1669 W PackageManager: Failed to parse /system/framework/x86: Missing base APK in /system/framework/x86
05-15 12:08:29.160  1669  1669 W PackageManager: Failed to parse /system/framework/x86_64: Missing base APK in /system/framework/x86_64
05-15 12:08:29.164  1669  1669 I PackageManager: /system/priv-app/BackupRestoreConfirmation changed; collecting certs
05-15 12:08:29.174  1669  1669 I PackageManager: /system/priv-app/BlockedNumberProvider changed; collecting certs
05-15 12:08:29.175  1669  1669 I PackageManager: New shared user android.uid.shared: id=10001
05-15 12:08:29.178  1669  1669 I PackageManager: /system/priv-app/CalendarProvider changed; collecting certs
05-15 12:08:29.179  1669  1669 I PackageManager: New shared user android.uid.calendar: id=10002
05-15 12:08:29.183  1669  1669 I PackageManager: /system/priv-app/CarrierConfig changed; collecting certs
05-15 12:08:29.191  1669  1669 I PackageManager: /system/priv-app/CellBroadcastReceiver changed; collecting certs
05-15 12:08:29.214  1669  1669 W PackageParser: No actions in intent filter at /system/priv-app/Contacts/Contacts.apk Binary XML file line #403
05-15 12:08:29.214  1669  1669 I PackageManager: /system/priv-app/Contacts changed; collecting certs
05-15 12:08:29.253  1669  1669 I PackageManager: /system/priv-app/ContactsProvider changed; collecting certs
05-15 12:08:29.257  1669  1669 I PackageManager: /system/priv-app/CtsShimPrivPrebuilt changed; collecting certs
05-15 12:08:29.259  1669  1669 I PackageManager: /system/priv-app/DefaultContainerService changed; collecting certs
05-15 12:08:29.287  1669  1669 W PackageParser: No actions in intent filter at /system/priv-app/Dialer/Dialer.apk Binary XML file line #185
05-15 12:08:29.288  1669  1669 I PackageManager: /system/priv-app/Dialer changed; collecting certs
05-15 12:08:29.349  1669  1669 I PackageManager: /system/priv-app/DocumentsUI changed; collecting certs
05-15 12:08:29.360  1669  1669 I PackageManager: /system/priv-app/DownloadProvider changed; collecting certs
05-15 12:08:29.362  1669  1669 I PackageManager: New shared user android.media: id=10010
05-15 12:08:29.362  1669  1669 W PackageManager: Permission android.permission.DOWNLOAD_WITHOUT_NOTIFICATION from package com.android.providers.downloads in an unknown group android.permission-group.NETWORK
05-15 12:08:29.377  1669  1669 I PackageManager: /system/priv-app/EmergencyInfo changed; collecting certs
05-15 12:08:29.395  1669  1669 I PackageManager: New shared user com.android.emergency.uid: id=10011
05-15 12:08:29.398  1669  1669 I PackageManager: /system/priv-app/ExtServices changed; collecting certs
05-15 12:08:29.402  1669  1669 I PackageManager: /system/priv-app/ExternalStorageProvider changed; collecting certs
05-15 12:08:29.405  1669  1669 I PackageManager: /system/priv-app/FusedLocation changed; collecting certs
05-15 12:08:29.410  1669  1669 I PackageManager: /system/priv-app/InputDevices changed; collecting certs
05-15 12:08:29.419  1669  1669 I PackageManager: /system/priv-app/Launcher3 changed; collecting certs
05-15 12:08:29.428  1669  1669 W PackageManager: Permission com.android.launcher.permission.INSTALL_SHORTCUT from package com.android.launcher3 in an unknown group android.permission-group.SYSTEM_TOOLS
05-15 12:08:29.428  1669  1669 W PackageManager: Permission com.android.launcher3.permission.READ_SETTINGS from package com.android.launcher3 in an unknown group android.permission-group.SYSTEM_TOOLS
05-15 12:08:29.428  1669  1669 W PackageManager: Permission com.android.launcher3.permission.WRITE_SETTINGS from package com.android.launcher3 in an unknown group android.permission-group.SYSTEM_TOOLS
05-15 12:08:29.435  1669  1669 I PackageManager: /system/priv-app/ManagedProvisioning changed; collecting certs
05-15 12:08:29.451  1669  1669 I PackageManager: /system/priv-app/MediaProvider changed; collecting certs
05-15 12:08:29.454  1669  1669 I PackageManager: /system/priv-app/MmsService changed; collecting certs
05-15 12:08:29.458  1669  1669 I PackageManager: /system/priv-app/MtpDocumentsProvider changed; collecting certs
05-15 12:08:29.487  1669  1669 I PackageManager: /system/priv-app/PackageInstaller changed; collecting certs
05-15 12:08:29.504  1669  1669 I PackageManager: /system/priv-app/ProxyHandler changed; collecting certs
05-15 12:08:29.506  1669  1669 I PackageManager: /system/priv-app/SdkSetup changed; collecting certs
05-15 12:08:29.519  1340  1340 I ServiceManager: Waiting for service media.camera.proxy...
05-15 12:08:29.563  1669  1669 W PackageParser: Ignoring duplicate uses-permissions/uses-permissions-sdk-m: android.permission.USE_CREDENTIALS in package: com.android.settings at: Binary XML file line #53
05-15 12:08:29.563  1669  1669 W PackageParser: Ignoring duplicate uses-permissions/uses-permissions-sdk-m: android.permission.READ_SYNC_SETTINGS in package: com.android.settings at: Binary XML file line #58
05-15 12:08:29.563  1669  1669 W PackageParser: Ignoring duplicate uses-permissions/uses-permissions-sdk-m: android.permission.WRITE_SYNC_SETTINGS in package: com.android.settings at: Binary XML file line #59
05-15 12:08:29.572  1669  1669 I PackageManager: /system/priv-app/Settings changed; collecting certs
05-15 12:08:29.738  1669  1669 I PackageManager: /system/priv-app/SettingsProvider changed; collecting certs
05-15 12:08:29.742  1669  1669 I PackageManager: /system/priv-app/SharedStorageBackup changed; collecting certs
05-15 12:08:29.745  1669  1669 W PackageParser: Ignoring duplicate uses-permissions/uses-permissions-sdk-m: android.permission.INSTALL_GRANT_RUNTIME_PERMISSIONS in package: com.android.shell at: Binary XML file line #102
05-15 12:08:29.745  1669  1669 I PackageManager: /system/priv-app/Shell changed; collecting certs
05-15 12:08:29.748  1669  1669 I PackageManager: /system/priv-app/StatementService changed; collecting certs
05-15 12:08:29.780  1669  1669 W PackageParser: Ignoring duplicate uses-permissions/uses-permissions-sdk-m: android.permission.CONFIGURE_WIFI_DISPLAY in package: com.android.systemui at: Binary XML file line #123
05-15 12:08:29.784  1669  1669 I PackageManager: /system/priv-app/SystemUI changed; collecting certs
05-15 12:08:29.836  1669  1669 I PackageManager: New shared user android.uid.systemui: id=10021
05-15 12:08:29.853  1669  1669 I PackageManager: /system/priv-app/TeleService changed; collecting certs
05-15 12:08:29.891  1669  1669 I PackageManager: /system/priv-app/Telecom changed; collecting certs
05-15 12:08:29.906  1669  1669 I PackageManager: /system/priv-app/TelephonyProvider changed; collecting certs
05-15 12:08:29.910  1669  1669 I PackageManager: /system/priv-app/VpnDialogs changed; collecting certs
05-15 12:08:29.914  1669  1669 I PackageManager: /system/app/BasicDreams changed; collecting certs
05-15 12:08:29.917  1669  1669 I PackageManager: /system/app/BookmarkProvider changed; collecting certs
05-15 12:08:29.919  1669  1669 I PackageManager: /system/app/Browser2 changed; collecting certs
05-15 12:08:29.932  1669  1669 I PackageManager: /system/app/Calendar changed; collecting certs
05-15 12:08:29.950  1669  1669 W PackageManager: Non-privileged app; cap priority to 0; package: com.android.calendar activity: com.android.calendar.GoogleCalendarUriIntentFilter origPrio: 50
05-15 12:08:29.965  1669  1669 I PackageManager: /system/app/Camera2 changed; collecting certs
05-15 12:08:30.066  1669  1669 I PackageManager: /system/app/CaptivePortalLogin changed; collecting certs
05-15 12:08:30.070  1669  1669 I PackageManager: /system/app/CertInstaller changed; collecting certs
05-15 12:08:30.074  1669  1669 I PackageManager: /system/app/CtsShimPrebuilt changed; collecting certs
05-15 12:08:30.075  1669  1669 W PackageManager: Non-privileged app; cap priority to 0; package: com.android.cts.ctsshim activity: com.android.cts.ctsshim.InstallPriority origPrio: 100
05-15 12:08:30.075  1669  1669 W PackageManager: Non-privileged app; cap priority to 0; package: com.android.cts.ctsshim activity: com.android.cts.ctsshim.InstallPriority origPrio: 100
05-15 12:08:30.075  1669  1669 W PackageManager: Non-privileged app; cap priority to 0; package: com.android.cts.ctsshim activity: com.android.cts.ctsshim.InstallPriority origPrio: 100
05-15 12:08:30.075  1669  1669 W PackageManager: Non-privileged app; cap priority to 0; package: com.android.cts.ctsshim activity: com.android.cts.ctsshim.InstallPriority origPrio: 100
05-15 12:08:30.075  1669  1669 W PackageManager: Non-privileged app; cap priority to 0; package: com.android.cts.ctsshim activity: com.android.cts.ctsshim.InstallPriority origPrio: 100
05-15 12:08:30.077  1669  1669 I PackageManager: /system/app/CustomLocale changed; collecting certs
05-15 12:08:30.092  1669  1669 I PackageManager: /system/app/DeskClock changed; collecting certs
05-15 12:08:30.126  1669  1669 I PackageManager: /system/app/Development changed; collecting certs
05-15 12:08:30.139  1669  1669 I PackageManager: /system/app/DownloadProviderUi changed; collecting certs
05-15 12:08:30.144  1669  1669 I PackageManager: /system/app/EasterEgg changed; collecting certs
05-15 12:08:30.170  1669  1669 W PackageParser: Ignoring duplicate uses-permissions/uses-permissions-sdk-m: android.permission.WRITE_CONTACTS in package: com.android.email at: Binary XML file line #40
05-15 12:08:30.174  1669  1669 I PackageManager: /system/app/Email changed; collecting certs
05-15 12:08:30.206  1669  1669 I PackageManager: /system/app/EmulatorSmokeTests changed; collecting certs
05-15 12:08:30.213  1669  1669 I PackageManager: /system/app/ExactCalculator changed; collecting certs
05-15 12:08:30.217  1669  1669 I PackageManager: /system/app/ExtShared changed; collecting certs
05-15 12:08:30.220  1669  1669 I PackageManager: /system/app/Fallback changed; collecting certs
05-15 12:08:30.251  1669  1669 W PackageParser: Unknown element under <application>: permission at /system/app/Gallery2/Gallery2.apk Binary XML file line #238
05-15 12:08:30.251  1669  1669 W PackageParser: Unknown element under <application>: permission at /system/app/Gallery2/Gallery2.apk Binary XML file line #241
05-15 12:08:30.251  1669  1669 I PackageManager: /system/app/Gallery2 changed; collecting certs
05-15 12:08:30.340  1669  1669 I PackageManager: /system/app/HTMLViewer changed; collecting certs
05-15 12:08:30.345  1669  1669 I PackageManager: /system/app/KeyChain changed; collecting certs
05-15 12:08:30.401  1669  1669 I PackageManager: /system/app/LatinIME changed; collecting certs
05-15 12:08:30.594  1669  1669 I PackageManager: /system/app/LiveWallpapersPicker changed; collecting certs
05-15 12:08:30.610  1669  1669 I PackageManager: /system/app/Music changed; collecting certs
05-15 12:08:30.618  1669  1669 I PackageManager: /system/app/NetSpeed changed; collecting certs
05-15 12:08:30.630  1669  1669 I PackageManager: /system/app/OpenWnn changed; collecting certs
05-15 12:08:30.658  1669  1669 I PackageManager: /system/app/PacProcessor changed; collecting certs
05-15 12:08:30.661  1669  1669 I PackageManager: /system/app/PicoTts changed; collecting certs
05-15 12:08:30.668  1669  1669 I PackageManager: /system/app/PrintRecommendationService changed; collecting certs
05-15 12:08:30.670  1637  1637 E ipv6proxy: Failed to forward Router Advertisement from eth0 to wlan1: Network is unreachable
05-15 12:08:30.675  1669  1669 I PackageManager: /system/app/PrintSpooler changed; collecting certs
05-15 12:08:30.682  1669  1669 I PackageManager: /system/app/Protips changed; collecting certs
05-15 12:08:30.697  1669  1669 I PackageManager: /system/app/QuickSearchBox changed; collecting certs
05-15 12:08:30.705  1669  1669 I PackageManager: /system/app/UserDictionaryProvider changed; collecting certs
05-15 12:08:30.708  1669  1669 I PackageManager: /system/app/WallpaperBackup changed; collecting certs
05-15 12:08:30.729  1669  1669 I PackageManager: /system/app/messaging changed; collecting certs
05-15 12:08:30.809  1669  1669 I PackageManager: /system/app/webview changed; collecting certs
05-15 12:08:30.880  1641  1641 E hostapd : Using interface wlan1 with hwaddr 02:00:00:00:01:00 and ssid "AndroidWifi"
05-15 12:08:30.881  1641  1641 I hostapd : wlan1: interface state COUNTRY_UPDATE->ENABLED
05-15 12:08:30.881  1641  1641 I hostapd : wlan1: AP-ENABLED 
05-15 12:08:32.225  1669  1669 D PackageManager: No files in app dir /system/vendor/app
05-15 12:08:32.225  1669  1669 D PackageManager: No files in app dir /oem/app
05-15 12:08:32.240  1669  1669 W PackageParser: No actions in intent filter at /data/app/ApiDemos/ApiDemos.apk Binary XML file line #3144
05-15 12:08:32.240  1669  1669 W PackageParser: No actions in intent filter at /data/app/ApiDemos/ApiDemos.apk Binary XML file line #3150
05-15 12:08:32.241  1669  1669 I PackageManager: /data/app/ApiDemos changed; collecting certs
05-15 12:08:32.320  1669  1669 W PackageManager: Package com.example.android.apis desires unavailable shared library com.example.will.never.exist; ignoring!
05-15 12:08:32.322  1669  1669 I PackageManager: /data/app/CubeLiveWallpapers changed; collecting certs
05-15 12:08:32.326  1669  1669 I PackageManager: /data/app/GestureBuilder changed; collecting certs
05-15 12:08:32.333  1669  1669 I PackageManager: /data/app/SmokeTest changed; collecting certs
05-15 12:08:32.336  1669  1669 I PackageManager: /data/app/SmokeTestApp changed; collecting certs
05-15 12:08:32.341  1669  1669 I PackageManager: /data/app/SoftKeyboard changed; collecting certs
05-15 12:08:32.348  1669  1669 I PackageManager: /data/app/WidgetPreview changed; collecting certs
05-15 12:08:32.351  1669  1669 D PackageManager: No files in app dir /data/app-private
05-15 12:08:32.351  1669  1669 D PackageManager: No files in app dir /data/app-ephemeral
05-15 12:08:32.352  1669  1669 E PackageManager: There should probably be exactly one setup wizard; found 0: matches=[]
05-15 12:08:32.352  1669  1669 W PackageManager: Protected action; cap priority to 0; package: com.android.cts.priv.ctsshim activity: com.android.cts.priv.ctsshim.InstallPriority origPrio: 100
05-15 12:08:32.352  1669  1669 W PackageManager: Protected action; cap priority to 0; package: com.android.cts.priv.ctsshim activity: com.android.cts.priv.ctsshim.InstallPriority origPrio: 100
05-15 12:08:32.352  1669  1669 W PackageManager: Protected action; cap priority to 0; package: com.android.cts.priv.ctsshim activity: com.android.cts.priv.ctsshim.InstallPriority origPrio: 100
05-15 12:08:32.352  1669  1669 W PackageManager: Protected action; cap priority to 0; package: com.android.cts.priv.ctsshim activity: com.android.cts.priv.ctsshim.InstallPriority origPrio: 100
05-15 12:08:32.352  1669  1669 W PackageManager: Protected action; cap priority to 0; package: com.android.packageinstaller activity: com.android.packageinstaller.PackageInstallerActivity origPrio: 1
05-15 12:08:32.352  1669  1669 W PackageManager: Package com.android.gallery3d desires unavailable shared library com.google.android.media.effects; ignoring!
05-15 12:08:32.352  1669  1669 W PackageManager: Package com.android.gallery3d desires unavailable shared library com.google.android.media.effects; ignoring!
05-15 12:08:32.352  1669  1669 W PackageManager: Package com.example.android.apis desires unavailable shared library com.example.will.never.exist; ignoring!
05-15 12:08:32.352  1669  1669 I PackageManager: Adjusting ABI for com.android.providers.downloads to x86_64 (requirer=com.android.mtp, scannedPackage=null)
05-15 12:08:32.352  1669  1669 I PackageManager: Adjusting ABI for com.android.providers.downloads.ui to x86_64 (requirer=com.android.mtp, scannedPackage=null)
05-15 12:08:32.352  1669  1669 I PackageManager: Adjusting ABI for com.android.providers.media to x86_64 (requirer=com.android.mtp, scannedPackage=null)
05-15 12:08:32.352  1669  1669 I PackageManager: Adjusting ABI for com.android.settings to x86_64 (requirer=android, scannedPackage=null)
05-15 12:08:32.353  1669  1669 I PackageManager: Adjusting ABI for com.android.wallpaperbackup to x86_64 (requirer=android, scannedPackage=null)
05-15 12:08:32.353  1669  1669 I PackageManager: Adjusting ABI for com.android.location.fused to x86_64 (requirer=android, scannedPackage=null)
05-15 12:08:32.353  1669  1669 I PackageManager: Adjusting ABI for com.android.inputdevices to x86_64 (requirer=android, scannedPackage=null)
05-15 12:08:32.353  1669  1669 I PackageManager: Adjusting ABI for com.android.keychain to x86_64 (requirer=android, scannedPackage=null)
05-15 12:08:32.353  1669  1669 I PackageManager: Adjusting ABI for com.android.providers.settings to x86_64 (requirer=android, scannedPackage=null)
05-15 12:08:32.353  1669  1669 I PackageManager: Adjusting ABI for com.android.server.telecom to x86_64 (requirer=android, scannedPackage=null)
05-15 12:08:32.354  1669  1669 I PackageManager: Time to scan packages: 3.431 seconds
05-15 12:08:32.354  1669  1669 W PackageManager: Unknown permission com.google.android.googleapps.permission.GOOGLE_AUTH in package com.android.providers.calendar
05-15 12:08:32.354  1669  1669 W PackageManager: Unknown permission com.google.android.googleapps.permission.GOOGLE_AUTH.cl in package com.android.providers.calendar
05-15 12:08:32.354  1669  1669 W PackageManager: Not granting permission android.permission.GLOBAL_SEARCH to package com.android.quicksearchbox (protectionLevel=18 flags=0x3808be45)
05-15 12:08:32.354  1669  1669 W PackageManager: Not granting permission android.permission.BIND_WALLPAPER to package com.android.camera2 (protectionLevel=18 flags=0x3058bc45)
05-15 12:08:32.354  1669  1669 W PackageManager: Unknown permission com.android.launcher.permission.READ_SETTINGS in package com.android.launcher3
05-15 12:08:32.354  1669  1669 W PackageManager: Unknown permission com.android.launcher.permission.WRITE_SETTINGS in package com.android.launcher3
05-15 12:08:32.354  1669  1669 W PackageManager: Unknown permission com.google.android.googleapps.permission.GOOGLE_AUTH.mail in package com.android.calendar
05-15 12:08:32.354  1669  1669 W PackageManager: Unknown permission com.google.android.providers.settings.permission.WRITE_GSETTINGS in package com.android.sdksetup
05-15 12:08:32.354  1669  1669 W PackageManager: Unknown permission com.google.android.permission.INSTALL_WEARABLE_PACKAGES in package com.android.packageinstaller
05-15 12:08:32.354  1669  1669 W PackageManager: Not granting permission android.permission.DELETE_PACKAGES to package com.svox.pico (protectionLevel=18 flags=0x3808be45)
05-15 12:08:32.354  1669  1669 W PackageManager: Unknown permission android.permission.RUN_INSTRUMENTATION in package org.chromium.webview_shell
05-15 12:08:32.355  1669  1669 W PackageManager: Unknown permission com.google.android.googleapps.permission.GOOGLE_AUTH in package com.android.settings
05-15 12:08:32.355  1669  1669 W PackageManager: Unknown permission com.android.launcher.permission.READ_SETTINGS in package com.android.settings
05-15 12:08:32.355  1669  1669 W PackageManager: Unknown permission com.android.launcher.permission.WRITE_SETTINGS in package com.android.settings
05-15 12:08:32.355  1669  1669 W PackageManager: Unknown permission com.android.smspush.WAPPUSH_MANAGER_BIND in package com.android.phone
05-15 12:08:32.355  1669  1669 W PackageManager: Unknown permission com.google.android.googleapps.permission.ACCESS_GOOGLE_PASSWORD in package com.android.development
05-15 12:08:32.355  1669  1669 W PackageManager: Unknown permission com.google.android.googleapps.permission.GOOGLE_AUTH in package com.android.development
05-15 12:08:32.355  1669  1669 W PackageManager: Unknown permission com.google.android.googleapps.permission.GOOGLE_AUTH.ALL_SERVICES in package com.android.development
05-15 12:08:32.355  1669  1669 W PackageManager: Unknown permission com.google.android.googleapps.permission.GOOGLE_AUTH.YouTubeUser in package com.android.development
05-15 12:08:32.355  1669  1669 W PackageManager: Not granting permission android.permission.BIND_APPWIDGET to package com.android.widgetpreview (protectionLevel=18 flags=0x3808be44)
05-15 12:08:32.355  1669  1669 V PackageManager: reconcileAppsData for null u0 0x3
05-15 12:08:32.356  1342  1342 I SELinux : SELinux: Loaded file_contexts contexts from /file_contexts.bin.
05-15 12:08:32.359  1342  1342 W installd: Requested default storage /data/user_de/0/com.android.providers.telephony is not active; migrating from /data/data/com.android.providers.telephony
05-15 12:08:32.369  1342  1342 W installd: Requested default storage /data/user_de/0/com.android.defcontainer is not active; migrating from /data/data/com.android.defcontainer
05-15 12:08:32.374  1342  1342 W installd: Requested default storage /data/user_de/0/android is not active; migrating from /data/data/android
05-15 12:08:32.386  1342  1342 W installd: Requested default storage /data/user_de/0/com.android.providers.settings is not active; migrating from /data/data/com.android.providers.settings
05-15 12:08:32.396  1342  1342 W installd: Requested default storage /data/user_de/0/com.android.inputdevices is not active; migrating from /data/data/com.android.inputdevices
05-15 12:08:32.397  1342  1342 W installd: Requested default storage /data/user_de/0/com.android.cellbroadcastreceiver is not active; migrating from /data/data/com.android.cellbroadcastreceiver
05-15 12:08:32.398  1342  1342 W installd: Requested default storage /data/user_de/0/android.ext.shared is not active; migrating from /data/data/android.ext.shared
05-15 12:08:32.400  1342  1342 W installd: Requested default storage /data/user_de/0/com.android.server.telecom is not active; migrating from /data/data/com.android.server.telecom
05-15 12:08:32.405  1342  1342 W installd: Requested default storage /data/user_de/0/android.ext.services is not active; migrating from /data/data/android.ext.services
05-15 12:08:32.406  1342  1342 W installd: Requested default storage /data/user_de/0/com.android.packageinstaller is not active; migrating from /data/data/com.android.packageinstaller
05-15 12:08:32.408  1342  1342 W installd: Requested default storage /data/user_de/0/com.android.proxyhandler is not active; migrating from /data/data/com.android.proxyhandler
05-15 12:08:32.410  1342  1342 W installd: Requested default storage /data/user_de/0/com.android.inputmethod.latin is not active; migrating from /data/data/com.android.inputmethod.latin
05-15 12:08:32.418  1342  1342 W installd: Requested default storage /data/user_de/0/com.android.settings is not active; migrating from /data/data/com.android.settings
05-15 12:08:32.426  1342  1342 W installd: Requested default storage /data/user_de/0/com.android.phone is not active; migrating from /data/data/com.android.phone
05-15 12:08:32.428  1342  1342 W installd: Requested default storage /data/user_de/0/com.android.shell is not active; migrating from /data/data/com.android.shell
05-15 12:08:32.430  1342  1342 W installd: Requested default storage /data/user_de/0/com.android.providers.blockednumber is not active; migrating from /data/data/com.android.providers.blockednumber
05-15 12:08:32.432  1342  1342 W installd: Requested default storage /data/user_de/0/com.android.emergency is not active; migrating from /data/data/com.android.emergency
05-15 12:08:32.433  1342  1342 W installd: Requested default storage /data/user_de/0/com.android.location.fused is not active; migrating from /data/data/com.android.location.fused
05-15 12:08:32.436  1342  1342 W installd: Requested default storage /data/user_de/0/com.android.systemui is not active; migrating from /data/data/com.android.systemui
05-15 12:08:32.441  1669  1669 V PackageManager: reconcileAppsData finished 79 packages; restoreconNeeded was true
05-15 12:08:32.546  1669  1669 E PackageManager: There should probably be exactly one verifier; found []
05-15 12:08:32.547  1669  1669 I art     : Starting a blocking GC Explicit
05-15 12:08:32.555  1669  1669 I art     : Explicit concurrent mark sweep GC freed 24320(1502KB) AllocSpace objects, 7(192KB) LOS objects, 33% free, 6MB/9MB, paused 324us total 7.111ms
05-15 12:08:32.559  1669  1669 I SystemServer: StartOtaDexOptService
05-15 12:08:32.562  1669  1669 I SystemServer: StartUserManagerService
05-15 12:08:32.562  1669  1669 I SystemServiceManager: Starting com.android.server.pm.UserManagerService$LifeCycle
05-15 12:08:32.570  1329  1329 I lowmemorykiller: ActivityManager connected
05-15 12:08:32.570  1669  1669 D SensorService: nuSensorService starting...
05-15 12:08:32.582  1669  1669 I SensorService: Generated new HMAC key.
05-15 12:08:32.583  1669  1669 I SystemServiceManager: Starting com.android.server.BatteryService
05-15 12:08:32.583  1669  1710 D SensorService: new thread SensorEventAckReceiver
05-15 12:08:32.583  1669  1711 D SensorService: nuSensorService thread starting...
05-15 12:08:32.592  1669  1669 I SystemServiceManager: Starting com.android.server.usage.UsageStatsService
05-15 12:08:32.610  1669  1669 I SystemServiceManager: Starting com.android.server.webkit.WebViewUpdateService
05-15 12:08:32.614  1669  1669 I SystemServer: Reading configuration...
05-15 12:08:32.614  1669  1669 I SystemServer: StartSchedulingPolicyService
05-15 12:08:32.614  1669  1669 I SystemServiceManager: Starting com.android.server.telecom.TelecomLoaderService
05-15 12:08:32.615  1669  1669 I SystemServer: StartTelephonyRegistry
05-15 12:08:32.617  1669  1669 I SystemServer: StartEntropyMixer
05-15 12:08:32.617  1669  1669 W EntropyMixer: No existing entropy file -- first boot?
05-15 12:08:32.618  1669  1669 I EntropyMixer: Writing entropy...
05-15 12:08:32.622  1669  1669 I SystemServer: Camera Service
05-15 12:08:32.622  1669  1669 I SystemServiceManager: Starting com.android.server.camera.CameraService
05-15 12:08:32.624  1669  1712 I ServiceThread: Enabled StrictMode logging for CameraService_proxy looper.
05-15 12:08:32.625  1669  1669 I SystemServer: StartAccountManagerService
05-15 12:08:32.626  1669  1669 I SystemServiceManager: Starting com.android.server.accounts.AccountManagerService$Lifecycle
05-15 12:08:32.629  1669  1669 I SystemServer: StartContentService
05-15 12:08:32.629  1669  1669 I SystemServiceManager: Starting com.android.server.content.ContentService$Lifecycle
05-15 12:08:32.632  1669  1669 I SystemServer: InstallSystemProviders
05-15 12:08:32.634  1669  1669 W System  : ClassLoader referenced unknown path: /system/priv-app/SettingsProvider/lib/x86_64
05-15 12:08:32.681  1669  1669 D SettingsProvider: Generated and saved new ANDROID_ID [f16a20745df7159e] for user 0
05-15 12:08:32.690  1669  1669 I SystemServer: StartVibratorService
05-15 12:08:32.691  1669  1669 E VibratorService: Couldn't load vibrator module (No such file or directory)
05-15 12:08:32.691  1669  1669 W VibratorService: Tried to stop vibrating but there is no vibrator device.
05-15 12:08:32.691  1669  1669 I SystemServer: StartConsumerIrService
05-15 12:08:32.691  1669  1669 E ConsumerIrService: Can't open consumer IR HW Module, error: -2
05-15 12:08:32.692  1669  1669 I SystemServer: StartAlarmManagerService
05-15 12:08:32.692  1669  1669 I SystemServiceManager: Starting com.android.server.AlarmManagerService
05-15 12:08:32.692  1669  1669 W AlarmManagerService: no wall clock RTC found
05-15 12:08:32.694  1669  1669 I SystemServer: InitWatchdog
05-15 12:08:32.694  1669  1669 I SystemServer: StartInputManagerService
05-15 12:08:32.696  1669  1669 I InputManager: Initializing input manager, mUseDevInputEventForAudioJack=true
05-15 12:08:32.696  1669  1669 I SystemServer: StartWindowManagerService
05-15 12:08:32.723  1669  1682 I SyncManager: No initial accounts
05-15 12:08:32.723  1669  1682 I SyncManager: No initial status
05-15 12:08:32.723  1669  1682 I SyncManager: No initial statistics
05-15 12:08:32.736  1669  1690 I WindowManager: No existing display settings /data/system/display_settings.xml; starting empty
05-15 12:08:32.753  1669  1669 I SystemServer: StartVrManagerService
05-15 12:08:32.753  1669  1669 I SystemServiceManager: Starting com.android.server.vr.VrManagerService
05-15 12:08:32.757  1669  1669 W VrManagerService: init_native: Could not open VR hardware module, error No such file or directory (-2).
05-15 12:08:32.758  1669  1669 I VrManagerService: No VR packages found, disabling VR components
05-15 12:08:32.760  1669  1669 I InputManager: Starting input manager
05-15 12:08:32.763  1669  1720 D EventHub: No input device configuration file found for device 'Power Button'.
05-15 12:08:32.767  1669  1720 W EventHub: Unable to disable kernel key repeat for /dev/input/event0: Function not implemented
05-15 12:08:32.767  1669  1720 I EventHub: New device: id=1, fd=94, path='/dev/input/event0', name='Power Button', classes=0x1, configuration='', keyLayout='/system/usr/keylayout/Generic.kl', keyCharacterMap='/system/usr/keychars/Generic.kcm', builtinKeyboard=false, wakeMechanism=EPOLLWAKEUP, usingClockIoctl=true
05-15 12:08:32.770  1669  1720 W EventHub: Unable to disable kernel key repeat for /dev/input/event1: Function not implemented
05-15 12:08:32.770  1669  1720 I EventHub: New device: id=2, fd=95, path='/dev/input/event1', name='qwerty2', classes=0xb7, configuration='/system/usr/idc/qwerty2.idc', keyLayout='/system/usr/keylayout/qwerty.kl', keyCharacterMap='/system/usr/keychars/qwerty2.kcm', builtinKeyboard=true, wakeMechanism=EPOLLWAKEUP, usingClockIoctl=true
05-15 12:08:32.770  1669  1720 E EventHub: could not get driver version for /dev/input/mice, Not a typewriter
05-15 12:08:32.782  1669  1669 I SystemServer: No Bluetooth Service (emulator)
05-15 12:08:32.782  1669  1669 I SystemServer: ConnectivityMetricsLoggerService
05-15 12:08:32.782  1669  1669 I SystemServiceManager: Starting com.android.server.connectivity.MetricsLoggerService
05-15 12:08:32.785  1669  1669 I SystemServer: PinnerService
05-15 12:08:32.785  1669  1669 I SystemServiceManager: Starting com.android.server.PinnerService
05-15 12:08:32.785  1669  1669 E PinnerService: Starting PinnerService
05-15 12:08:32.785  1669  1669 I SystemServiceManager: Starting com.android.server.InputMethodManagerService$Lifecycle
05-15 12:08:32.791  1669  1669 W System  : ClassLoader referenced unknown path: 
05-15 12:08:32.816  1669  1669 W InputMethodManagerService: No IME selected. Choose the most applicable IME.
05-15 12:08:32.816  1669  1669 I InputMethodManagerService: Default found, using com.android.inputmethod.latin/.LatinIME
05-15 12:08:32.817  1669  1669 I SystemServer: StartAccessibilityManagerService
05-15 12:08:32.821  1669  1669 I ActivityManager: Config changes=1df8 {1.0 ?mcc?mnc [en_US] ldltr sw411dp w411dp h731dp 420dpi nrml long port ?uimode ?night -touch -keyb/h/h -nav/h s.2}
05-15 12:08:32.822  1669  1682 I UsageStatsDatabase: Upgrading from version 0 to 3
05-15 12:08:32.822  1669  1682 I UsageStatsDatabase: Deleting all usage stats files
05-15 12:08:32.823  1669  1682 I UsageStatsService: User[0] Rollover scheduled @ 2024-05-16 04:08:32(1715832512822)
05-15 12:08:32.823  1669  1682 D UsageStatsService: Initializing defaults for system apps on user 0
05-15 12:08:32.824  1669  1682 E AppIdleHistory: Unable to read app idle file for user 0
05-15 12:08:32.825  1669  1669 I ActivityManager: Config changes=500 {1.0 ?mcc?mnc [en_US] ldltr sw411dp w411dp h659dp 420dpi nrml port ?uimode ?night -touch -keyb/h/h -nav/h s.3}
05-15 12:08:32.832  1669  1720 I InputReader: Device added: id=-1, name='Virtual', sources=0x00000301
05-15 12:08:32.832  1669  1720 I InputReader:   Touch device 'qwerty2' could not query the properties of its associated display.  The device will be inoperable until the display size becomes available.
05-15 12:08:32.833  1669  1720 I InputReader: Device added: id=0, name='qwerty2', sources=0x80005303
05-15 12:08:32.833  1669  1720 I InputReader: Device added: id=1, name='Power Button', sources=0x00000101
05-15 12:08:32.833  1669  1690 I ActivityManager: Config changes=78 {1.0 ?mcc?mnc [en_US] ldltr sw411dp w411dp h659dp 420dpi nrml port ?uimode ?night finger qwerty/v/v dpad/v s.4}
05-15 12:08:32.834  1669  1669 I SystemServiceManager: Starting com.android.server.MountService$Lifecycle
05-15 12:08:32.835  1669  1720 I InputReader: Reconfiguring input devices.  changes=0x00000004
05-15 12:08:32.835  1669  1720 I InputReader: Device reconfigured: id=0, name='qwerty2', size 1080x1920, orientation 0, mode 1, display id 0
05-15 12:08:32.867  1669  1669 I SystemServiceManager: Starting com.android.server.UiModeManagerService
05-15 12:08:32.868  1669  1721 D MountService: Thinking about init, mSystemReady=false, mDaemonConnected=true
05-15 12:08:32.868  1669  1721 D MountService: Thinking about reset, mSystemReady=false, mDaemonConnected=true
05-15 12:08:32.868  1669  1721 D MountService: Thinking about init, mSystemReady=false, mDaemonConnected=true
05-15 12:08:32.868  1669  1721 D MountService: Thinking about reset, mSystemReady=false, mDaemonConnected=true
05-15 12:08:32.868  1669  1721 D CryptdConnector: SND -> {1 cryptfs getfield SystemLocale}
05-15 12:08:32.868  1669  1669 I ActivityManager: Config changes=200 {1.0 ?mcc?mnc [en_US] ldltr sw411dp w411dp h659dp 420dpi nrml port finger qwerty/v/v dpad/v s.5}
05-15 12:08:32.871  1669  1723 D CryptdConnector: RCV <- {200 1 -1}
05-15 12:08:32.876  1669  1669 I PackageManager.DexOptimizer: Running dexopt (dex2oat) on: /data/app/SmokeTestApp/SmokeTestApp.apk pkg=com.android.smoketest isa=x86_64 vmSafeMode=false debuggable=false target-filter=interpret-only oatDir = /data/app/SmokeTestApp/oat sharedLibraries=/system/framework/android.test.runner.jar
05-15 12:08:32.893  1669  1721 W MountService: No primary storage mounted!
05-15 12:08:32.893  1669  1721 D VoldConnector: SND -> {1 asec list}
05-15 12:08:32.893  1669  1722 D VoldConnector: RCV <- {200 1 asec operation succeeded}
05-15 12:08:32.894  1669  1721 I PackageManager: No secure containers found
05-15 12:08:32.894  1669  1721 W PackageManager: Unknown permission com.google.android.googleapps.permission.GOOGLE_AUTH in package com.android.providers.calendar
05-15 12:08:32.894  1669  1721 W PackageManager: Unknown permission com.google.android.googleapps.permission.GOOGLE_AUTH.cl in package com.android.providers.calendar
05-15 12:08:32.894  1669  1721 W PackageManager: Not granting permission android.permission.GLOBAL_SEARCH to package com.android.quicksearchbox (protectionLevel=18 flags=0x3888be45)
05-15 12:08:32.894  1669  1721 W PackageManager: Not granting permission android.permission.BIND_WALLPAPER to package com.android.camera2 (protectionLevel=18 flags=0x30d8bc45)
05-15 12:08:32.894  1669  1721 W PackageManager: Unknown permission com.android.launcher.permission.READ_SETTINGS in package com.android.launcher3
05-15 12:08:32.894  1669  1721 W PackageManager: Unknown permission com.android.launcher.permission.WRITE_SETTINGS in package com.android.launcher3
05-15 12:08:32.894  1669  1721 W PackageManager: Unknown permission com.google.android.googleapps.permission.GOOGLE_AUTH.mail in package com.android.calendar
05-15 12:08:32.894  1669  1721 W PackageManager: Unknown permission com.google.android.providers.settings.permission.WRITE_GSETTINGS in package com.android.sdksetup
05-15 12:08:32.894  1669  1721 W PackageManager: Unknown permission com.google.android.permission.INSTALL_WEARABLE_PACKAGES in package com.android.packageinstaller
05-15 12:08:32.894  1669  1721 W PackageManager: Not granting permission android.permission.DELETE_PACKAGES to package com.svox.pico (protectionLevel=18 flags=0x3888be45)
05-15 12:08:32.894  1669  1721 W PackageManager: Not granting permission android.permission.READ_CONTACTS to package com.example.android.apis because it was previously installed without
05-15 12:08:32.894  1669  1721 W PackageManager: Not granting permission android.permission.WRITE_CONTACTS to package com.example.android.apis because it was previously installed without
05-15 12:08:32.894  1669  1721 W PackageManager: Not granting permission android.permission.ACCESS_COARSE_LOCATION to package com.example.android.apis because it was previously installed without
05-15 12:08:32.894  1669  1721 W PackageManager: Not granting permission android.permission.WRITE_EXTERNAL_STORAGE to package com.example.android.apis because it was previously installed without
05-15 12:08:32.894  1669  1721 W PackageManager: Not granting permission android.permission.SEND_SMS to package com.example.android.apis because it was previously installed without
05-15 12:08:32.894  1669  1721 W PackageManager: Not granting permission android.permission.RECEIVE_SMS to package com.example.android.apis because it was previously installed without
05-15 12:08:32.894  1669  1721 W PackageManager: Not granting permission android.permission.RECEIVE_MMS to package com.example.android.apis because it was previously installed without
05-15 12:08:32.894  1669  1721 W PackageManager: Not granting permission android.permission.READ_SMS to package com.example.android.apis because it was previously installed without
05-15 12:08:32.894  1669  1721 W PackageManager: Not granting permission android.permission.READ_PHONE_STATE to package com.example.android.apis because it was previously installed without
05-15 12:08:32.894  1669  1721 W PackageManager: Not granting permission android.permission.RECORD_AUDIO to package com.example.android.apis because it was previously installed without
05-15 12:08:32.894  1669  1721 W PackageManager: Not granting permission android.permission.CAMERA to package com.example.android.apis because it was previously installed without
05-15 12:08:32.894  1669  1721 W PackageManager: Not granting permission android.permission.READ_EXTERNAL_STORAGE to package com.example.android.apis because it was previously installed without
05-15 12:08:32.894  1669  1721 W PackageManager: Unknown permission android.permission.RUN_INSTRUMENTATION in package org.chromium.webview_shell
05-15 12:08:32.894  1669  1721 W PackageManager: Unknown permission com.google.android.googleapps.permission.GOOGLE_AUTH in package com.android.settings
05-15 12:08:32.894  1669  1721 W PackageManager: Unknown permission com.android.launcher.permission.READ_SETTINGS in package com.android.settings
05-15 12:08:32.894  1669  1721 W PackageManager: Unknown permission com.android.launcher.permission.WRITE_SETTINGS in package com.android.settings
05-15 12:08:32.895  1669  1721 W PackageManager: Unknown permission com.android.smspush.WAPPUSH_MANAGER_BIND in package com.android.phone
05-15 12:08:32.895  1669  1721 W PackageManager: Unknown permission com.google.android.googleapps.permission.ACCESS_GOOGLE_PASSWORD in package com.android.development
05-15 12:08:32.895  1669  1721 W PackageManager: Unknown permission com.google.android.googleapps.permission.GOOGLE_AUTH in package com.android.development
05-15 12:08:32.895  1669  1721 W PackageManager: Unknown permission com.google.android.googleapps.permission.GOOGLE_AUTH.ALL_SERVICES in package com.android.development
05-15 12:08:32.895  1669  1721 W PackageManager: Unknown permission com.google.android.googleapps.permission.GOOGLE_AUTH.YouTubeUser in package com.android.development
05-15 12:08:32.895  1669  1721 W PackageManager: Not granting permission android.permission.BIND_APPWIDGET to package com.android.widgetpreview (protectionLevel=18 flags=0x3808be44)
05-15 12:08:32.923  1724  1724 W dex2oat : Unexpected CPU variant for X86 using defaults: x86_64
05-15 12:08:32.923  1724  1724 I dex2oat : /system/bin/dex2oat --compiler-filter=interpret-only
05-15 12:08:32.956  1669  1721 W MountService: No primary storage defined yet; hacking together a stub
05-15 12:08:32.956  1669  1721 W MountService: No primary storage defined yet; hacking together a stub
05-15 12:08:32.957  1669  1721 W MountService: No primary storage mounted!
05-15 12:08:32.957  1669  1721 D VoldConnector: SND -> {2 asec list}
05-15 12:08:32.957  1669  1722 D VoldConnector: RCV <- {200 2 asec operation succeeded}
05-15 12:08:32.987  1724  1724 I dex2oat : dex2oat took 65.147ms (threads: 3) arena alloc=1360B (1360B) java alloc=63KB (65112B) native alloc=933KB (956320B) free=1114KB (1140832B)
