05-15 12:08:38.712  1946  2179 D IccSmsInterfaceManager: [IccSmsInterfaceManager] Failed to remove GSM cell broadcast subscription for MID range 4355 to 4355 from client com.android.cellbroadcastreceiver
05-15 12:08:38.717  1946  1960 D IccSmsInterfaceManager: [IccSmsInterfaceManager] Calling setGsmBroadcastConfig with 1 configurations
05-15 12:08:38.719  1946  1960 D IccSmsInterfaceManager: [IccSmsInterfaceManager] Failed to add GSM cell broadcast subscription for MID range 4370 to 4370 from client com.android.cellbroadcastreceiver
05-15 12:08:38.725  1946  1961 D IccSmsInterfaceManager: [IccSmsInterfaceManager] Calling setGsmBroadcastConfig with 1 configurations
05-15 12:08:38.727  1946  1961 D IccSmsInterfaceManager: [IccSmsInterfaceManager] Failed to add GSM cell broadcast subscription for MID range 4371 to 4372 from client com.android.cellbroadcastreceiver
05-15 12:08:38.729  1946  2179 D IccSmsInterfaceManager: [IccSmsInterfaceManager] Calling setGsmBroadcastConfig with 1 configurations
05-15 12:08:38.730  1946  2179 D IccSmsInterfaceManager: [IccSmsInterfaceManager] Failed to add GSM cell broadcast subscription for MID range 4373 to 4378 from client com.android.cellbroadcastreceiver
05-15 12:08:38.735  1946  1960 D IccSmsInterfaceManager: [IccSmsInterfaceManager] Calling setGsmBroadcastConfig with 1 configurations
05-15 12:08:38.736  1946  1960 D IccSmsInterfaceManager: [IccSmsInterfaceManager] Failed to add GSM cell broadcast subscription for MID range 4379 to 4379 from client com.android.cellbroadcastreceiver
05-15 12:08:38.738  1669  1760 D SntpClient: round trip: 23ms, clock offset: 514ms
05-15 12:08:38.739  1669  1760 I NetworkPolicy: No policy for subscriber 310260...; generating default policy
05-15 12:08:38.739  1332  1394 I SurfaceFlinger: Boot is finished (12997 ms)
05-15 12:08:38.740  1946  1960 D IccSmsInterfaceManager: [IccSmsInterfaceManager] Failed to remove GSM cell broadcast subscription for MID range 4380 to 4382 from client com.android.cellbroadcastreceiver
05-15 12:08:38.740  1669  1994 D SntpClient: round trip: 26ms, clock offset: 515ms
05-15 12:08:38.740  1669  1994 I GnssLocationProvider: WakeLock acquired by sendMessage(10, 0, null)
05-15 12:08:38.740  1669  1682 I GnssLocationProvider: WakeLock released by handleMessage(10, 0, null)
05-15 12:08:38.741  1669  1994 I GnssLocationProvider: WakeLock released by handleInjectNtpTime()
05-15 12:08:38.744  1839  1839 E SignalClusterView: Unexpected subscription 1
05-15 12:08:38.744  1946  2189 D IccSmsInterfaceManager: [IccSmsInterfaceManager] Calling setGsmBroadcastConfig with 1 configurations
05-15 12:08:38.745  1946  2189 D IccSmsInterfaceManager: [IccSmsInterfaceManager] Failed to add GSM cell broadcast subscription for MID range 4383 to 4383 from client com.android.cellbroadcastreceiver
05-15 12:08:38.747  1946  2179 D IccSmsInterfaceManager: [IccSmsInterfaceManager] Calling setGsmBroadcastConfig with 1 configurations
05-15 12:08:38.748  1839  1839 D PhoneStatusBar: disable: < expand* icons alerts system_info back* home* recent* clock search* quick_settings >
05-15 12:08:38.748  1946  2179 D IccSmsInterfaceManager: [IccSmsInterfaceManager] Failed to add GSM cell broadcast subscription for MID range 4384 to 4385 from client com.android.cellbroadcastreceiver
05-15 12:08:38.749  1839  1839 W KeyguardUpdateMonitor: invalid subId in handleServiceStateChange()
05-15 12:08:38.749  1839  1839 W KeyguardUpdateMonitor: invalid subId in handleSimStateChange()
05-15 12:08:38.749  1839  1839 W KeyguardUpdateMonitor: invalid subId in handleSimStateChange()
05-15 12:08:38.751  1946  2101 D IccSmsInterfaceManager: [IccSmsInterfaceManager] Calling setGsmBroadcastConfig with 1 configurations
05-15 12:08:38.752  1946  2101 D IccSmsInterfaceManager: [IccSmsInterfaceManager] Failed to add GSM cell broadcast subscription for MID range 4386 to 4391 from client com.android.cellbroadcastreceiver
05-15 12:08:38.755  1946  2191 D IccSmsInterfaceManager: [IccSmsInterfaceManager] Calling setGsmBroadcastConfig with 1 configurations
05-15 12:08:38.756  1946  2191 D IccSmsInterfaceManager: [IccSmsInterfaceManager] Failed to add GSM cell broadcast subscription for MID range 4392 to 4392 from client com.android.cellbroadcastreceiver
05-15 12:08:38.758  1946  2179 D IccSmsInterfaceManager: [IccSmsInterfaceManager] Failed to remove GSM cell broadcast subscription for MID range 4393 to 4395 from client com.android.cellbroadcastreceiver
05-15 12:08:38.762  1946  2101 D IccSmsInterfaceManager: [IccSmsInterfaceManager] Failed to remove GSM cell broadcast subscription for MID range 50 to 50 from client com.android.cellbroadcastreceiver
05-15 12:08:38.801  1342  1342 E         : Unable to unlink boot marker at /data//dalvik-cache/x86_64/.booting, error=No such file or directory
05-15 12:08:38.801  1669  1690 W ActivityManager: Unable to mark boot complete for abi: x86_64 (Failed to execute markbootcomplete [x86_64]: -1)
05-15 12:08:38.801  1342  1342 E         : Unable to unlink boot marker at /data//dalvik-cache/x86/.booting, error=No such file or directory
05-15 12:08:38.801  1669  1690 W ActivityManager: Unable to mark boot complete for abi: x86 (Failed to execute markbootcomplete [x86]: -1)
05-15 12:08:38.802  1669  1690 I SystemServiceManager: Starting phase 1000
05-15 12:08:38.816  2263  2263 W art     : Unexpected CPU variant for X86 using defaults: x86_64
05-15 12:08:38.864  1669  1690 W ActivityManager: Slow operation: 55ms so far, now at startProcess: returned from zygote!
05-15 12:08:38.864  1669  1690 W ActivityManager: Slow operation: 55ms so far, now at startProcess: done updating battery stats
05-15 12:08:38.864  1669  1690 W ActivityManager: Slow operation: 56ms so far, now at startProcess: building log message
05-15 12:08:38.864  1669  1690 I ActivityManager: Start proc 2263:android.ext.services/u0a12 for on-hold
05-15 12:08:38.864  1669  1690 W ActivityManager: Slow operation: 56ms so far, now at startProcess: starting to update pids map
05-15 12:08:38.864  1669  1690 W ActivityManager: Slow operation: 56ms so far, now at startProcess: done updating pids map
05-15 12:08:38.868  1839  2097 D EGL_emulation: eglMakeCurrent: 0x73369a045fa0: ver 3 0 (tinfo 0x73369a00c6a0)
05-15 12:08:38.874  1669  1690 D ActivityManager: Finishing user boot 0
05-15 12:08:38.875  1669  1690 D CryptdConnector: SND -> {3 cryptfs prepare_user_storage ! 0 0 2}
05-15 12:08:38.875  1287  1322 D vold    : e4crypt_prepare_user_storage for volume null, user 0, serial 0, flags 2
05-15 12:08:38.875  1287  1322 D vold    : Preparing: /data/system_ce/0
05-15 12:08:38.875  1287  1322 D vold    : Preparing: /data/misc_ce/0
05-15 12:08:38.875  1287  1322 D vold    : Preparing: /data/media/0
05-15 12:08:38.875  1287  1322 D vold    : Preparing: /data/data
05-15 12:08:38.876  1669  1723 D CryptdConnector: RCV <- {200 3 Command succeeded}
05-15 12:08:38.876  1669  1690 V UserManagerService: Found /data/user/0 with serial number 0
05-15 12:08:38.876  1669  1690 V UserManagerService: Found /data/system_ce/0 with serial number -1
05-15 12:08:38.876  1669  1690 D UserManagerService: Serial number missing on /data/system_ce/0; assuming current is valid
05-15 12:08:38.876  1669  1690 V PackageManager: reconcileAppsData for null u0 0x2
05-15 12:08:38.882  1839  2097 D EGL_emulation: eglMakeCurrent: 0x73369a045fa0: ver 3 0 (tinfo 0x73369a00c6a0)
05-15 12:08:38.886  1332  1392 D gralloc_ranchu: gralloc_alloc: Creating ashmem region of size 9547776
05-15 12:08:38.905  1669  1690 V PackageManager: reconcileAppsData finished 79 packages; restoreconNeeded was false
05-15 12:08:38.908  2133  2133 I AlarmClock: AlarmInitReceiver android.intent.action.LOCKED_BOOT_COMPLETED
05-15 12:08:38.908  1669  1683 I InputMethodManagerService: All the enabled IMEs are gone. Reset default enabled IMEs.
05-15 12:08:38.916  1669  1683 D MountService: onUnlockUser 0
05-15 12:08:38.916  1669  1683 D VoldConnector: SND -> {29 volume user_started 0}
05-15 12:08:38.917  1287  1321 D vold    : Linking /storage/emulated/0 to /mnt/user/0/primary
05-15 12:08:38.918  1669  1722 D VoldConnector: RCV <- {200 29 Command succeeded}
05-15 12:08:38.918  1669  1767 D ConnectivityService: NetworkAgentInfo [MOBILE (LTE) - 100] validation passed
05-15 12:08:38.919  1669  1721 D MountService: Volume public:253,48 broadcasting mounted to UserHandle{0}
05-15 12:08:38.920  1669  1721 D MountService: Volume emulated broadcasting mounted to UserHandle{0}
05-15 12:08:38.929  1669  1683 V BackupManagerService: No ancestral data
05-15 12:08:38.947  2133  2133 D AlarmClock/Events: [Stopwatch] [Reset] [Reboot]
05-15 12:08:38.952  2133  2159 V AlarmClock: AlarmInitReceiver finished
05-15 12:08:38.957  2297  2297 W art     : Unexpected CPU variant for X86 using defaults: x86_64
05-15 12:08:38.966  1669  1683 V KeyValueBackupJob: Scheduling k/v pass in 242 minutes
05-15 12:08:38.987  1669  2012 I ActivityManager: Start proc 2297:android.process.media/u0a10 for broadcast com.android.providers.downloads/.DownloadReceiver
05-15 12:08:39.054  2263  2263 W System  : ClassLoader referenced unknown path: /system/priv-app/ExtServices/lib/x86_64
05-15 12:08:39.063  2297  2297 W System  : ClassLoader referenced unknown path: /system/priv-app/DownloadProvider/lib/x86_64
05-15 12:08:39.073  2297  2297 W System  : ClassLoader referenced unknown path: /system/priv-app/MediaProvider/lib/x86_64
05-15 12:08:39.078  1669  1683 V BackupManagerService: Starting with transport android/com.android.internal.backup.LocalTransport
05-15 12:08:39.078  1669  1683 V BackupManagerService: Found transports: 1
05-15 12:08:39.078  1669  1683 W BackupManagerService: Proposed transport ComponentInfo{android/com.android.internal.backup.LocalTransportService} not whitelisted; ignoring
05-15 12:08:39.079  1669  1683 I BackupManagerService: Backup enable apparently not migrated
05-15 12:08:39.079  1669  1683 I BackupManagerService: Migrating enable state false
05-15 12:08:39.079  1669  1683 I BackupManagerService: Backup enabled => false
05-15 12:08:39.080  1669  2294 V KeyValueBackupJob: Scheduling k/v pass in 248 minutes
05-15 12:08:39.087  1669  1683 W AppWidgetServiceImpl: Failed to read state: java.io.FileNotFoundException: /data/system/users/0/appwidgets.xml (No such file or directory)
05-15 12:08:39.087  1669  1683 V AppWidgetServiceImpl: Upgrading widget database from 0 to 1
05-15 12:08:39.087  1669  1683 W VoiceInteractionManagerService: no available voice interaction services found for user 0
05-15 12:08:39.087  1669  1683 W VoiceInteractionManagerService: no available voice recognition services found for user 0
05-15 12:08:39.087  1669  1683 I ActivityManager: Loading recents for user 0 into memory.
05-15 12:08:39.090  1669  1683 I PreBootBroadcaster: Pre-boot of {com.android.managedprovisioning/com.android.managedprovisioning.PreBootListener} for user 0
05-15 12:08:39.096  1996  1996 D FallbackHome: User unlocked and real home found; let's go!
05-15 12:08:39.096  1946  1946 D CarrierSvcBindHelper: Received android.intent.action.USER_UNLOCKED
05-15 12:08:39.097  1946  1946 D CarrierSvcBindHelper: No carrier app for: 0
05-15 12:08:39.100  2344  2344 W art     : Unexpected CPU variant for X86 using defaults: x86_64
05-15 12:08:39.132  1669  1682 I ActivityManager: Start proc 2344:com.android.printspooler/u0a50 for service com.android.printspooler/.model.PrintSpoolerService
05-15 12:08:39.138  2357  2357 W art     : Unexpected CPU variant for X86 using defaults: x86_64
05-15 12:08:39.140  1839  2097 D EGL_emulation: eglMakeCurrent: 0x73369a045fa0: ver 3 0 (tinfo 0x73369a00c6a0)
05-15 12:08:39.145  1669  1775 I ActivityManager: Start proc 2357:com.android.keychain/1000 for service com.android.keychain/.KeyChainService
05-15 12:08:39.145  1669  1681 I ActivityManager: START u0 {act=android.intent.action.MAIN cat=[android.intent.category.HOME] flg=0x10000100 cmp=com.android.sdksetup/.DefaultActivity} from uid 0 on display 0
05-15 12:08:39.156  2372  2372 W art     : Unexpected CPU variant for X86 using defaults: x86_64
05-15 12:08:39.159  1669  1681 I ActivityManager: Start proc 2372:com.android.sdksetup/u0a18 for activity com.android.sdksetup/.DefaultActivity
05-15 12:08:39.165  2357  2357 W System  : ClassLoader referenced unknown path: /system/app/KeyChain/lib/x86_64
05-15 12:08:39.167  1669  1669 I AccountManagerService: Creating DE database for user 0
05-15 12:08:39.227  2372  2372 W System  : ClassLoader referenced unknown path: /system/priv-app/SdkSetup/lib/x86_64
05-15 12:08:39.241  2297  2297 I DownloadManager: Upgrading downloads database from version 0 to version 110, which will destroy all old data
05-15 12:08:39.259  1669  1669 I AccountManagerService: User 0 is unlocked - opening CE database
05-15 12:08:39.274  1332  1392 D gralloc_ranchu: gralloc_alloc: Creating ashmem region of size 8294400
05-15 12:08:39.290  1669  1669 I AccountManagerService: Creating CE database /data/system_ce/0/accounts_ce.db
05-15 12:08:39.333  2372  2372 E ActivityThread: Failed to find provider info for com.google.settings
05-15 12:08:39.334  2372  2372 E GoogleSettings: Can't set key use_location_for_services in content://com.google.settings/partner
05-15 12:08:39.334  2372  2372 E GoogleSettings: java.lang.IllegalArgumentException: Unknown URL content://com.google.settings/partner
05-15 12:08:39.334  2372  2372 E GoogleSettings: 	at android.content.ContentResolver.insert(ContentResolver.java:1270)
05-15 12:08:39.334  2372  2372 E GoogleSettings: 	at com.google.android.gsf.GoogleSettingsContract$NameValueTable.putString(GoogleSettingsContract.java:53)
05-15 12:08:39.334  2372  2372 E GoogleSettings: 	at com.google.android.gsf.GoogleSettingsContract$Partner.putString(GoogleSettingsContract.java:124)
05-15 12:08:39.334  2372  2372 E GoogleSettings: 	at com.google.android.gsf.GoogleSettingsContract$Partner.putInt(GoogleSettingsContract.java:136)
05-15 12:08:39.334  2372  2372 E GoogleSettings: 	at com.google.android.gsf.UseLocationForServices.forceSetUseLocationForServices(UseLocationForServices.java:153)
05-15 12:08:39.334  2372  2372 E GoogleSettings: 	at com.android.sdksetup.DefaultActivity.onCreate(DefaultActivity.java:56)
05-15 12:08:39.334  2372  2372 E GoogleSettings: 	at android.app.Activity.performCreate(Activity.java:6662)
05-15 12:08:39.334  2372  2372 E GoogleSettings: 	at android.app.Instrumentation.callActivityOnCreate(Instrumentation.java:1118)
05-15 12:08:39.334  2372  2372 E GoogleSettings: 	at android.app.ActivityThread.performLaunchActivity(ActivityThread.java:2599)
05-15 12:08:39.334  2372  2372 E GoogleSettings: 	at android.app.ActivityThread.handleLaunchActivity(ActivityThread.java:2707)
05-15 12:08:39.334  2372  2372 E GoogleSettings: 	at android.app.ActivityThread.-wrap12(ActivityThread.java)
05-15 12:08:39.334  2372  2372 E GoogleSettings: 	at android.app.ActivityThread$H.handleMessage(ActivityThread.java:1460)
05-15 12:08:39.334  2372  2372 E GoogleSettings: 	at android.os.Handler.dispatchMessage(Handler.java:102)
05-15 12:08:39.334  2372  2372 E GoogleSettings: 	at android.os.Looper.loop(Looper.java:154)
05-15 12:08:39.334  2372  2372 E GoogleSettings: 	at android.app.ActivityThread.main(ActivityThread.java:6077)
05-15 12:08:39.334  2372  2372 E GoogleSettings: 	at java.lang.reflect.Method.invoke(Native Method)
05-15 12:08:39.334  2372  2372 E GoogleSettings: 	at com.android.internal.os.ZygoteInit$MethodAndArgsCaller.run(ZygoteInit.java:866)
05-15 12:08:39.334  2372  2372 E GoogleSettings: 	at com.android.internal.os.ZygoteInit.main(ZygoteInit.java:756)
05-15 12:08:39.334  2372  2372 W Settings: Setting install_non_market_apps has moved from android.provider.Settings.Global to android.provider.Settings.Secure, value is unchanged.
05-15 12:08:39.336  2297  2297 I MediaProvider: Upgrading media database from version 0 to 800, which will destroy all old data
05-15 12:08:39.342  1669  1695 I ActivityManager: Killing 2372:com.android.sdksetup/u0a18 (adj 0): change com.android.sdksetup
05-15 12:08:39.343  1669  1695 D ActivityManager: cleanUpApplicationRecord -- 2372
05-15 12:08:39.362  1669  1695 I ActivityManager: START u0 {act=android.intent.action.MAIN cat=[android.intent.category.HOME] flg=0x10000100 cmp=com.android.launcher3/.Launcher} from uid 0 on display 0
05-15 12:08:39.376  2297  2297 D MediaProvider: Adjusting external storage paths to: /storage/emulated/0
05-15 12:08:39.378  2387  2387 W art     : Unexpected CPU variant for X86 using defaults: x86_64
05-15 12:08:39.397  1669  1695 I ActivityManager: Start proc 2387:com.android.launcher3/u0a14 for activity com.android.launcher3/.Launcher
05-15 12:08:39.406  1669  1680 I PackageManager: Replacing preferred activity com.android.messaging/.ui.conversation.LaunchConversationActivity for user 0:
05-15 12:08:39.406  1669  1680 I PackageManager:   Action: "android.intent.action.SENDTO"
05-15 12:08:39.406  1669  1680 I PackageManager:   Category: "android.intent.category.DEFAULT"
05-15 12:08:39.406  1669  1680 I PackageManager:   Scheme: "sms"
05-15 12:08:39.406  1669  1680 I PackageManager:   AutoVerify=false
05-15 12:08:39.407  1669  2012 I PackageManager: Replacing preferred activity com.android.messaging/.ui.conversation.LaunchConversationActivity for user 0:
05-15 12:08:39.407  1669  2012 I PackageManager:   Action: "android.intent.action.SENDTO"
05-15 12:08:39.407  1669  2012 I PackageManager:   Category: "android.intent.category.DEFAULT"
05-15 12:08:39.407  1669  2012 I PackageManager:   Scheme: "smsto"
05-15 12:08:39.407  1669  2012 I PackageManager:   AutoVerify=false
05-15 12:08:39.408  1669  1979 I PackageManager: Replacing preferred activity com.android.messaging/.ui.conversation.LaunchConversationActivity for user 0:
05-15 12:08:39.408  1669  1979 I PackageManager:   Action: "android.intent.action.SENDTO"
05-15 12:08:39.408  1669  1979 I PackageManager:   Category: "android.intent.category.DEFAULT"
05-15 12:08:39.408  1669  1979 I PackageManager:   Scheme: "mms"
05-15 12:08:39.408  1669  1979 I PackageManager:   AutoVerify=false
05-15 12:08:39.409  1669  1681 I PackageManager: Replacing preferred activity com.android.messaging/.ui.conversation.LaunchConversationActivity for user 0:
05-15 12:08:39.409  1669  1681 I PackageManager:   Action: "android.intent.action.SENDTO"
05-15 12:08:39.409  1669  1681 I PackageManager:   Category: "android.intent.category.DEFAULT"
05-15 12:08:39.409  1669  1681 I PackageManager:   Scheme: "mmsto"
05-15 12:08:39.409  1669  1681 I PackageManager:   AutoVerify=false
05-15 12:08:39.411  2387  2387 W System  : ClassLoader referenced unknown path: /system/priv-app/Launcher3/lib/x86_64
05-15 12:08:39.419  1946  1946 D CarrierSvcBindHelper: No carrier app for: 0
05-15 12:08:39.421  2297  2297 E SQLiteLog: (1) no such table: album_info
05-15 12:08:39.425  1669  1682 W LocationProviderProxy-network: Odd, no component found for service com.android.location.service.v3.NetworkLocationProvider
05-15 12:08:39.425  1669  1682 W GeocoderProxy: Odd, no component found for service com.android.location.service.GeocodeProvider
05-15 12:08:39.425  1669  1682 W GeofenceProxy: Odd, no component found for service com.android.location.service.GeofenceProvider
05-15 12:08:39.425  1669  1682 W ActivityRecognitionProxy: Odd, no component found for service com.android.location.service.ActivityRecognitionProvider
05-15 12:08:39.426  1669  1682 W GnssLocationProvider: Could not open GPS configuration file /etc/gps.conf
05-15 12:08:39.426  1669  1682 E GnssLocationProvider: no AGPS interface in set_agps_server
05-15 12:08:39.428  1669  1669 I DevicePolicyManagerService: Set ro.device_owner property to false
05-15 12:08:39.436  1669  1690 W WindowManager: App freeze timeout expired.
05-15 12:08:39.438  1669  1720 I InputReader: Reconfiguring input devices.  changes=0x00000010
05-15 12:08:39.443  1332  1392 D gralloc_ranchu: gralloc_alloc: Creating ashmem region of size 8294400
05-15 12:08:39.500  1669  1669 I DefaultPermGrantPolicy: Granting permissions to default sms app for user:0
05-15 12:08:39.500  1669  1682 W LocationProviderProxy-network: Odd, no component found for service com.android.location.service.v3.NetworkLocationProvider
05-15 12:08:39.501  1669  1682 W GeocoderProxy: Odd, no component found for service com.android.location.service.GeocodeProvider
05-15 12:08:39.501  1669  1682 W GeofenceProxy: Odd, no component found for service com.android.location.service.GeofenceProvider
05-15 12:08:39.501  1669  1682 W ActivityRecognitionProxy: Odd, no component found for service com.android.location.service.ActivityRecognitionProvider
05-15 12:08:39.505  1669  1690 I WindowManager: Destroying surface Surface(name=Starting com.android.sdksetup) called by com.android.server.wm.WindowStateAnimator.destroySurface:2014 com.android.server.wm.WindowStateAnimator.destroySurfaceLocked:881 com.android.server.wm.WindowState.removeLocked:1449 com.android.server.wm.WindowManagerService.removeWindowInnerLocked:2478 com.android.server.wm.WindowManagerService.removeWindowLocked:2436 com.android.server.wm.WindowManagerService.removeWindowLocked:2305 com.android.server.wm.WindowManagerService.removeWindow:2300 com.android.server.wm.Session.remove:193 
05-15 12:08:39.518  1996  2030 D EGL_emulation: eglMakeCurrent: 0x7336a13e70c0: ver 3 0 (tinfo 0x7336977e6e00)
05-15 12:08:39.519  1332  1394 D         : HostConnection::get() New Host Connection established 0x7658fa42fbe0, tid 1394
05-15 12:08:39.520  1332  1531 D gralloc_ranchu: gralloc_alloc: Creating ashmem region of size 8294400
05-15 12:08:39.525  1839  2097 D EGL_emulation: eglMakeCurrent: 0x73369a045fa0: ver 3 0 (tinfo 0x73369a00c6a0)
05-15 12:08:39.528  2297  2297 D MediaScannerReceiver: action: android.intent.action.MEDIA_MOUNTED path: /storage/0D1E-2B06
05-15 12:08:39.539  2297  2297 D MediaScannerReceiver: action: android.intent.action.MEDIA_MOUNTED path: /storage/emulated/0
05-15 12:08:39.546  2427  2427 W art     : Unexpected CPU variant for X86 using defaults: x86_64
05-15 12:08:39.551  1669  2012 I ActivityManager: Start proc 2427:com.android.managedprovisioning/u0a15 for broadcast com.android.managedprovisioning/.PreBootListener
05-15 12:08:39.578  2387  2387 V Launcher: LauncherAppState inited
05-15 12:08:39.595  2297  2426 V MediaScanner: pruneDeadThumbnailFiles... android.content.ContentProviderClient$CursorWrapperInner@fee486f
05-15 12:08:39.596  2297  2426 V MediaScanner: /pruneDeadThumbnailFiles... android.content.ContentProviderClient$CursorWrapperInner@fee486f
05-15 12:08:39.617  2427  2427 W System  : ClassLoader referenced unknown path: /system/priv-app/ManagedProvisioning/lib/x86_64
05-15 12:08:39.639  2387  2387 D Launcher.Model: Old launcher provider: content://com.android.launcher2.settings/favorites?notify=true
05-15 12:08:39.639  2387  2387 D Launcher.Model: Old launcher provider does not exist.
05-15 12:08:39.645  2297  2426 V MediaScanner: pruneDeadThumbnailFiles... android.content.ContentProviderClient$CursorWrapperInner@70b0675
05-15 12:08:39.645  2297  2426 V MediaScanner: /pruneDeadThumbnailFiles... android.content.ContentProviderClient$CursorWrapperInner@70b0675
05-15 12:08:39.650  1669  2011 I PreBootBroadcaster: Pre-boot of {com.android.providers.calendar/com.android.providers.calendar.CalendarUpgradeReceiver} for user 0
05-15 12:08:39.659  2442  2442 W art     : Unexpected CPU variant for X86 using defaults: x86_64
05-15 12:08:39.666  1669  1681 I ActivityManager: Start proc 2442:com.android.providers.calendar/u0a2 for broadcast com.android.providers.calendar/.CalendarUpgradeReceiver
05-15 12:08:39.675  2442  2442 W System  : ClassLoader referenced unknown path: /system/priv-app/CalendarProvider/lib/x86_64
05-15 12:08:39.718  2442  2442 I CalendarDatabaseHelper: Bootstrapping database
05-15 12:08:39.734  2387  2387 W System  : ClassLoader referenced unknown path: 
05-15 12:08:39.734  2387  2387 W System  : ClassLoader referenced unknown path: /system/app/QuickSearchBox/lib/x86_64
05-15 12:08:39.735  2442  2442 I CalendarProvider2: Created com.android.providers.calendar.CalendarAlarmManager@68d1995(com.android.providers.calendar.CalendarProvider2@61d7aaa)
05-15 12:08:39.747  2442  2442 I CalendarUpgradeReceiver: Creating or opening calendar database
05-15 12:08:39.747  1669  2181 I PreBootBroadcaster: Pre-boot of {com.android.providers.contacts/com.android.providers.contacts.ContactsUpgradeReceiver} for user 0
05-15 12:08:39.775  1669  2181 I ActivityManager: Start proc 2460:com.android.quicksearchbox/u0a52 for broadcast com.android.quicksearchbox/.SearchWidgetProvider
05-15 12:08:39.776  1839  2097 D EGL_emulation: eglMakeCurrent: 0x73369a045fa0: ver 3 0 (tinfo 0x73369a00c6a0)
05-15 12:08:39.779  2460  2460 W art     : Unexpected CPU variant for X86 using defaults: x86_64
05-15 12:08:39.780  2387  2441 V GridSizeMigrationTask: Workspace migration completed in 31
05-15 12:08:39.780  2387  2441 D LauncherProvider: loading default workspace
05-15 12:08:39.783  1332  1394 E SurfaceFlinger: ro.sf.lcd_density must be defined as a build property
05-15 12:08:39.787  2387  2387 D         : HostConnection::get() New Host Connection established 0x733695832a60, tid 2387
05-15 12:08:39.795  2460  2460 W System  : ClassLoader referenced unknown path: /system/app/QuickSearchBox/lib/x86_64
05-15 12:08:39.837  2387  2470 D         : HostConnection::get() New Host Connection established 0x73369a01c7e0, tid 2470
05-15 12:08:39.839  2387  2470 I OpenGLRenderer: Initialized EGL, version 1.4
05-15 12:08:39.839  2387  2470 D OpenGLRenderer: Swap behavior 1
05-15 12:08:39.839  2387  2470 W OpenGLRenderer: Failed to choose config with EGL_SWAP_BEHAVIOR_PRESERVED, retrying without...
05-15 12:08:39.839  2387  2470 D OpenGLRenderer: Swap behavior 0
05-15 12:08:39.847  2387  2470 D EGL_emulation: eglCreateContext: 0x73369a035aa0: maj 3 min 0 rcv 3
05-15 12:08:39.849  2387  2470 D EGL_emulation: eglMakeCurrent: 0x73369a035aa0: ver 3 0 (tinfo 0x73369a00c8c0)
05-15 12:08:39.850  2387  2470 E eglCodecCommon: glUtilsParamSize: unknow param 0x00008cdf
05-15 12:08:39.850  2387  2470 E eglCodecCommon: glUtilsParamSize: unknow param 0x00008824
05-15 12:08:39.867  2387  2441 W DefaultLayoutParser: No preference or single system activity found for Intent { act=android.intent.action.MAIN cat=[android.intent.category.APP_BROWSER] }
05-15 12:08:39.886  2483  2483 W art     : Unexpected CPU variant for X86 using defaults: x86_64
05-15 12:08:39.887  1669  1810 I ActivityManager: Start proc 2483:android.process.acore/u0a1 for broadcast com.android.providers.contacts/.ContactsUpgradeReceiver
05-15 12:08:39.888  2387  2470 D EGL_emulation: eglMakeCurrent: 0x73369a035aa0: ver 3 0 (tinfo 0x73369a00c8c0)
05-15 12:08:39.934  2387  2441 W DefaultLayoutParser: No preference or single system activity found for Intent { act=android.intent.action.MAIN cat=[android.intent.category.APP_MARKET] }
05-15 12:08:39.935  2387  2441 W DefaultLayoutParser: No preference or single system activity found for Intent { act=android.intent.action.VIEW dat=market://details?id=com.android.launcher }
05-15 12:08:39.944  2483  2483 W System  : ClassLoader referenced unknown path: /system/priv-app/ContactsProvider/lib/x86_64
05-15 12:08:40.058  1669  1690 I ActivityManager: Displayed com.android.launcher3/.Launcher: +684ms (total +910ms)
05-15 12:08:40.062  2480  2480 D AndroidRuntime: >>>>>> START com.android.internal.os.RuntimeInit uid 2000 <<<<<<
05-15 12:08:40.063  2480  2480 D AndroidRuntime: CheckJNI is OFF
05-15 12:08:40.107  2480  2480 W art     : Unexpected CPU variant for X86 using defaults: x86_64
05-15 12:08:40.111  2480  2480 D ICU     : No timezone override file found: /data/misc/zoneinfo/current/icu/icu_tzdata.dat
05-15 12:08:40.136  2483  2483 W System  : ClassLoader referenced unknown path: /system/priv-app/BlockedNumberProvider/lib/x86_64
05-15 12:08:40.150  2483  2483 W System  : ClassLoader referenced unknown path: /system/app/UserDictionaryProvider/lib/x86_64
05-15 12:08:40.218  2483  2483 D StrictMode: StrictMode policy violation; ~duration=152 ms: android.os.StrictMode$StrictModeDiskWriteViolation: policy=65565 violation=1
05-15 12:08:40.218  2483  2483 D StrictMode: 	at android.os.StrictMode$AndroidBlockGuardPolicy.onWriteToDisk(StrictMode.java:1253)
05-15 12:08:40.218  2483  2483 D StrictMode: 	at libcore.io.BlockGuardOs.mkdir(BlockGuardOs.java:173)
05-15 12:08:40.218  2483  2483 D StrictMode: 	at android.system.Os.mkdir(Os.java:282)
05-15 12:08:40.218  2483  2483 D StrictMode: 	at android.app.ContextImpl.ensurePrivateDirExists(ContextImpl.java:523)
05-15 12:08:40.218  2483  2483 D StrictMode: 	at android.app.ContextImpl.getPreferencesDir(ContextImpl.java:477)
05-15 12:08:40.218  2483  2483 D StrictMode: 	at android.app.ContextImpl.getSharedPreferencesPath(ContextImpl.java:655)
05-15 12:08:40.218  2483  2483 D StrictMode: 	at android.app.ContextImpl.getSharedPreferences(ContextImpl.java:354)
05-15 12:08:40.218  2483  2483 D StrictMode: 	at android.content.ContextWrapper.getSharedPreferences(ContextWrapper.java:164)
05-15 12:08:40.218  2483  2483 D StrictMode: 	at android.preference.PreferenceManager.getDefaultSharedPreferences(PreferenceManager.java:487)
05-15 12:08:40.218  2483  2483 D StrictMode: 	at com.android.providers.contacts.FastScrollingIndexCache.getInstance(FastScrollingIndexCache.java:95)
05-15 12:08:40.218  2483  2483 D StrictMode: 	at com.android.providers.contacts.ContactsProvider2.initialize(ContactsProvider2.java:1581)
05-15 12:08:40.218  2483  2483 D StrictMode: 	at com.android.providers.contacts.ContactsProvider2.onCreate(ContactsProvider2.java:1556)
05-15 12:08:40.218  2483  2483 D StrictMode: 	at android.content.ContentProvider.attachInfo(ContentProvider.java:1751)
05-15 12:08:40.218  2483  2483 D StrictMode: 	at android.content.ContentProvider.attachInfo(ContentProvider.java:1726)
05-15 12:08:40.218  2483  2483 D StrictMode: 	at android.app.ActivityThread.installProvider(ActivityThread.java:5811)
05-15 12:08:40.218  2483  2483 D StrictMode: 	at android.app.ActivityThread.installContentProviders(ActivityThread.java:5403)
05-15 12:08:40.218  2483  2483 D StrictMode: 	at android.app.ActivityThread.handleBindApplication(ActivityThread.java:5342)
05-15 12:08:40.218  2483  2483 D StrictMode: 	at android.app.ActivityThread.-wrap2(ActivityThread.java)
05-15 12:08:40.218  2483  2483 D StrictMode: 	at android.app.ActivityThread$H.handleMessage(ActivityThread.java:1528)
05-15 12:08:40.218  2483  2483 D StrictMode: 	at android.os.Handler.dispatchMessage(Handler.java:102)
05-15 12:08:40.218  2483  2483 D StrictMode: 	at android.os.Looper.loop(Looper.java:154)
05-15 12:08:40.218  2483  2483 D StrictMode: 	at android.app.ActivityThread.main(ActivityThread.java:6077)
05-15 12:08:40.218  2483  2483 D StrictMode: 	at java.lang.reflect.Method.invoke(Native Method)
05-15 12:08:40.218  2483  2483 D StrictMode: 	at com.android.internal.os.ZygoteInit$MethodAndArgsCaller.run(ZygoteInit.java:866)
05-15 12:08:40.218  2483  2483 D StrictMode: 	at com.android.internal.os.ZygoteInit.main(ZygoteInit.java:756)
05-15 12:08:40.218  2483  2483 D StrictMode: StrictMode policy violation; ~duration=152 ms: android.os.StrictMode$StrictModeDiskWriteViolation: policy=65565 violation=1
05-15 12:08:40.218  2483  2483 D StrictMode: 	at android.os.StrictMode$AndroidBlockGuardPolicy.onWriteToDisk(StrictMode.java:1253)
05-15 12:08:40.218  2483  2483 D StrictMode: 	at libcore.io.BlockGuardOs.chmod(BlockGuardOs.java:73)
05-15 12:08:40.218  2483  2483 D StrictMode: 	at android.system.Os.chmod(Os.java:68)
05-15 12:08:40.218  2483  2483 D StrictMode: 	at android.app.ContextImpl.ensurePrivateDirExists(ContextImpl.java:524)
05-15 12:08:40.218  2483  2483 D StrictMode: 	at android.app.ContextImpl.getPreferencesDir(ContextImpl.java:477)
05-15 12:08:40.218  2483  2483 D StrictMode: 	at android.app.ContextImpl.getSharedPreferencesPath(ContextImpl.java:655)
05-15 12:08:40.218  2483  2483 D StrictMode: 	at android.app.ContextImpl.getSharedPreferences(ContextImpl.java:354)
05-15 12:08:40.218  2483  2483 D StrictMode: 	at android.content.ContextWrapper.getSharedPreferences(ContextWrapper.java:164)
05-15 12:08:40.218  2483  2483 D StrictMode: 	at android.preference.PreferenceManager.getDefaultSharedPreferences(PreferenceManager.java:487)
05-15 12:08:40.218  2483  2483 D StrictMode: 	at com.android.providers.contacts.FastScrollingIndexCache.getInstance(FastScrollingIndexCache.java:95)
05-15 12:08:40.218  2483  2483 D StrictMode: 	at com.android.providers.contacts.ContactsProvider2.initialize(ContactsProvider2.java:1581)
05-15 12:08:40.218  2483  2483 D StrictMode: 	at com.android.providers.contacts.ContactsProvider2.onCreate(ContactsProvider2.java:1556)
05-15 12:08:40.218  2483  2483 D StrictMode: 	at android.content.ContentProvider.attachInfo(ContentProvider.java:1751)
05-15 12:08:40.218  2483  2483 D StrictMode: 	at android.content.ContentProvider.attachInfo(ContentProvider.java:1726)
05-15 12:08:40.218  2483  2483 D StrictMode: 	at android.app.ActivityThread.installProvider(ActivityThread.java:5811)
05-15 12:08:40.218  2483  2483 D StrictMode: 	at android.app.ActivityThread.installContentProviders(ActivityThread.java:5403)
05-15 12:08:40.218  2483  2483 D StrictMode: 	at android.app.ActivityThread.handleBindApplication(ActivityThread.java:5342)
05-15 12:08:40.218  2483  2483 D StrictMode: 	at android.app.ActivityThread.-wrap2(ActivityThread.java)
05-15 12:08:40.218  2483  2483 D StrictMode: 	at android.app.ActivityThread$H.handleMessage(ActivityThread.java:1528)
05-15 12:08:40.218  2483  2483 D StrictMode: 	at android.os.Handler.dispatchMessage(Handler.java:102)
05-15 12:08:40.218  2483  2483 D StrictMode: 	at android.os.Looper.loop(Looper.java:154)
05-15 12:08:40.218  2483  2483 D StrictMode: 	at android.app.ActivityThread.main(ActivityThread.java:6077)
05-15 12:08:40.218  2483  2483 D StrictMode: 	at java.lang.reflect.Method.invoke(Native Method)
05-15 12:08:40.218  2483  2483 D StrictMode: 	at com.android.internal.os.ZygoteInit$MethodAndArgsCaller.run(ZygoteInit.java:866)
05-15 12:08:40.218  2483  2483 D StrictMode: 	at com.android.internal.os.ZygoteInit.main(ZygoteInit.java:756)
05-15 12:08:40.222  2480  2480 E memtrack: Couldn't load memtrack module (No such file or directory)
05-15 12:08:40.222  2480  2480 E android.os.Debug: failed to load memtrack module: -2
05-15 12:08:40.223  2480  2480 I Radio-JNI: register_android_hardware_Radio DONE
05-15 12:08:40.224  2483  2483 I ContactsUpgradeReceiver: Creating or opening contacts database
05-15 12:08:40.224  2483  2500 I ContactsDatabaseHelper: Bootstrapping database version: 1111
05-15 12:08:40.227  1996  1996 I art     : Starting a blocking GC Explicit
05-15 12:08:40.229  2480  2480 D AndroidRuntime: Calling main entry com.android.commands.wm.Wm
05-15 12:08:40.234  1996  1996 I art     : Explicit concurrent mark sweep GC freed 3476(294KB) AllocSpace objects, 0(0B) LOS objects, 24% free, 4MB/5MB, paused 331us total 7.167ms
05-15 12:08:40.274  1669  1763 D WIFI    : Registering NetworkFactory
05-15 12:08:40.275  1669  1763 D WIFI_UT : Registering NetworkFactory
05-15 12:08:40.275  1669  1767 D ConnectivityService: Got NetworkFactory Messenger for WIFI
05-15 12:08:40.275  1669  1767 D ConnectivityService: Got NetworkFactory Messenger for WIFI_UT
05-15 12:08:40.305  2480  2480 D AndroidRuntime: Shutting down VM
05-15 12:08:40.307  1996  1996 I art     : Starting a blocking GC Explicit
05-15 12:08:40.311  1669  1763 D WIFI    : got request NetworkRequest [ id=1, legacyType=-1, [ Capabilities: INTERNET&NOT_RESTRICTED&TRUSTED&NOT_VPN] ] with score 50
05-15 12:08:40.311  1669  1763 D WIFI_UT : got request NetworkRequest [ id=1, legacyType=-1, [ Capabilities: INTERNET&NOT_RESTRICTED&TRUSTED&NOT_VPN] ] with score 50
05-15 12:08:40.316  1669  1763 D WifiStateMachine: CMD_AUTO_CONNECT sup state DisconnectedState my state DisconnectedState nid=0 roam=false
05-15 12:08:40.316  1669  1763 D WifiStateMachine: CMD_AUTO_CONNECT will save config -> "AndroidWifi" nid=0
05-15 12:08:40.333  2483  2500 I ContactsProviderV1: Bootstrapping database legacy support
05-15 12:08:40.343  1669  2512 D WifiNetworkHistory: saving network history: "AndroidWifi"NONE gw: null Network Selection-status: NETWORK_SELECTION_ENABLED ephemeral=false choice:null link:0 status:1 nid:0 hasEverConnected: false
05-15 12:08:40.343  1669  2512 V WifiNetworkHistory: writeKnownNetworkHistory write config "AndroidWifi"NONE
05-15 12:08:40.346  1669  1763 D WifiStateMachine: CMD_AUTO_CONNECT did save config ->  nid=0
05-15 12:08:40.351  1996  1996 I art     : Explicit concurrent mark sweep GC freed 405(21KB) AllocSpace objects, 0(0B) LOS objects, 24% free, 4MB/5MB, paused 347us total 26.394ms
05-15 12:08:40.352  1669  2513 D WifiNetworkHistory: saving network history: "AndroidWifi"NONE gw: null Network Selection-status: NETWORK_SELECTION_ENABLED ephemeral=false choice:null link:0 status:1 nid:0 hasEverConnected: false
05-15 12:08:40.352  1669  2513 V WifiNetworkHistory: writeKnownNetworkHistory write config "AndroidWifi"NONE
05-15 12:08:40.355  1945  1945 I wpa_supplicant: wlan0: SME: Trying to authenticate with 02:00:00:00:01:00 (SSID='AndroidWifi' freq=2412 MHz)
05-15 12:08:40.357  1641  1641 I hostapd : wlan1: STA 02:00:00:44:55:66 IEEE 802.11: authenticated
05-15 12:08:40.357  1641  1641 I hostapd : wlan1: STA 02:00:00:44:55:66 IEEE 802.11: authenticated
05-15 12:08:40.357  1945  1945 I wpa_supplicant: wlan0: Trying to associate with 02:00:00:00:01:00 (SSID='AndroidWifi' freq=2412 MHz)
05-15 12:08:40.366  1669  1690 I WindowManager: Destroying surface Surface(name=Starting com.android.launcher3) called by com.android.server.wm.WindowStateAnimator.destroySurface:2014 com.android.server.wm.WindowStateAnimator.destroySurfaceLocked:881 com.android.server.wm.WindowState.destroyOrSaveSurface:2073 com.android.server.wm.AppWindowToken.destroySurfaces:363 com.android.server.wm.WindowStateAnimator.finishExit:565 com.android.server.wm.WindowStateAnimator.stepAnimationLocked:491 com.android.server.wm.WindowAnimator.updateWindowsLocked:303 com.android.server.wm.WindowAnimator.animateLocked:704 
05-15 12:08:40.371  1641  1641 I hostapd : wlan1: STA 02:00:00:44:55:66 IEEE 802.11: associated (aid 1)
05-15 12:08:40.372  1641  1641 I hostapd : wlan1: STA 02:00:00:44:55:66 IEEE 802.11: associated (aid 1)
05-15 12:08:40.374  1641  1641 I hostapd : wlan1: AP-STA-CONNECTED 02:00:00:44:55:66
05-15 12:08:40.378  1945  1945 I wpa_supplicant: wlan0: Associated with 02:00:00:00:01:00
05-15 12:08:40.378  1945  1945 I wpa_supplicant: wlan0: CTRL-EVENT-CONNECTED - Connection to 02:00:00:00:01:00 completed [id=0 id_str=%7B%22creatorUid%22%3A%22-1%22%2C%22configKey%22%3A%22%5C%22AndroidWifi%5C%22NONE%22%7D]
05-15 12:08:40.378  1945  1945 I wpa_supplicant: wlan0: CTRL-EVENT-SUBNET-STATUS-UPDATE status=0
05-15 12:08:40.384  1669  1763 E WifiScanner: listener cannot be found
05-15 12:08:40.385  1669  1763 D ConnectivityService: registerNetworkAgent NetworkAgentInfo{ ni{[type: WIFI[], state: CONNECTING/CONNECTING, reason: (unspecified), extra: "AndroidWifi", failover: false, available: true, roaming: false, metered: false]}  network{101}  nethandle{433808132830}  lp{{LinkAddresses: []  Routes: [] DnsAddresses: [] Domains: null MTU: 0}}  nc{[ Transports: WIFI Capabilities: NOT_METERED&INTERNET&NOT_RESTRICTED&TRUSTED&NOT_VPN LinkUpBandwidth>=1048576Kbps LinkDnBandwidth>=1048576Kbps]}  Score{20}  everValidated{false}  lastValidated{false}  created{false} lingering{false} explicitlySelected{false} acceptUnvalidated{false} everCaptivePortalDetected{false} lastCaptivePortalDetected{false} }
05-15 12:08:40.385  1669  1767 D ConnectivityService: NetworkAgentInfo [WIFI () - 101] EVENT_NETWORK_INFO_CHANGED, going from null to CONNECTING
05-15 12:08:40.390  1669  1763 D WifiStateMachine: Start Dhcp Watchdog 1
05-15 12:08:40.393  1669  1763 D WifiNative-wlan0: configureNeighborDiscoveryOffload(true)
05-15 12:08:40.413  1669  2012 I WindowManager: Destroying surface Surface(name=com.android.settings/com.android.settings.FallbackHome) called by com.android.server.wm.WindowStateAnimator.destroySurface:2014 com.android.server.wm.WindowStateAnimator.destroySurfaceLocked:881 com.android.server.wm.WindowState.removeLocked:1449 com.android.server.wm.WindowManagerService.removeWindowInnerLocked:2478 com.android.server.wm.WindowManagerService.removeWindowLocked:2436 com.android.server.wm.WindowManagerService.removeWindowLocked:2305 com.android.server.wm.WindowManagerService.removeWindow:2300 com.android.server.wm.Session.remove:193 
05-15 12:08:40.457  1669  2520 D DhcpClient: Receive thread started
05-15 12:08:40.459  1669  2519 D DhcpClient: Broadcasting DHCPDISCOVER
05-15 12:08:40.474  2483  2502 I CallLogDatabaseHelper: Migrating from old tables...
05-15 12:08:40.476  2483  2502 I CallLogDatabaseHelper: Source tables don't exist.
05-15 12:08:40.512  2483  2483 I ContactsDatabaseHelper: Bootstrapping database version: 1111
05-15 12:08:40.515  2483  2502 I CallLogDatabaseHelper: Migrating from old tables...
05-15 12:08:40.515  2483  2502 I CallLogDatabaseHelper: Source tables don't exist.
05-15 12:08:40.543  2483  2500 I ContactLocale: AddressBook Labels [[en_US]]: [, A, B, C, D, E, F, G, H, I, J, K, L, M, N, O, P, Q, R, S, T, U, V, W, X, Y, Z, , , , , , , , , , , , , , , , , , , , , , , , , , , , , , , , , , , , , , , , , , , , , , , , , , , , , , , , , , , , , , , , , , , , , , , , , , , , , , , , , , , , , , , , , , , , , , , , , , , , , , , , , , , , , , , , , , , , , , , , , , , , , , , , , , , , , , , , , , , , , , , , , , , , , , , , , , , , , , , , , , , , , , , , , , , , , , , , , , , , , , , , , , , #, ]
05-15 12:08:40.578  2483  2483 I ContactsProviderV1: Bootstrapping database legacy support
05-15 12:08:40.636  2483  2483 I ContactsProvider: Locale has changed from null to [en_US]
05-15 12:08:40.638  2483  2483 I ContactsDatabaseHelper: Switching to locale [en_US] (ICU v56.1)
05-15 12:08:40.691  2483  2483 I ContactsDatabaseHelper: Locale change completed in 54ms
05-15 12:08:40.692  2483  2483 I ContactsDatabaseHelper: Switching to locale [en_US] (ICU v56.1)
05-15 12:08:40.703  2483  2500 I ContactDirectoryManager: deleted 0 stale rows which don't have any relevant directory
05-15 12:08:40.707  2483  2500 I ContactDirectoryManager: Discovered 0 contact directories in 15ms
05-15 12:08:40.710  2483  2500 I ContactsProvider: Locale has changed from null to [en_US]
05-15 12:08:40.729  2483  2483 I ContactsDatabaseHelper: Locale change completed in 38ms
05-15 12:08:40.748  1669  2181 I PreBootBroadcaster: Pre-boot of {com.android.providers.media/com.android.providers.media.MediaUpgradeReceiver} for user 0
05-15 12:08:40.754  2483  2500 I ContactsFTS: Rebuild contact search index in 7ms, 0 contacts
05-15 12:08:40.758  2297  2297 I MediaUpgradeReceiver: ---> Start upgrade of media database external.db
05-15 12:08:40.764  2297  2297 I MediaUpgradeReceiver: <--- Finished upgrade of media database external.db in 6ms
05-15 12:08:40.764  1669  1979 I PreBootBroadcaster: Pre-boot of {com.android.settings/com.android.settings.SettingsInitialize} for user 0
05-15 12:08:40.764  2483  2500 I ContactsProvider: Upgrading aggregation algorithm
05-15 12:08:40.766  2483  2500 I ContactAggregator: Marked all visible contacts for aggregation: 0 raw contacts, 1 ms
05-15 12:08:40.776  2483  2500 I ContactsProvider: Aggregation algorithm upgraded for 0 raw contacts in 12ms
05-15 12:08:40.782  2442  2442 I CalendarProvider2: Sending notification intent: Intent { act=android.intent.action.PROVIDER_CHANGED dat=content://com.android.calendar flg=0x20000000 }
05-15 12:08:40.783  2442  2442 W ContentResolver: Failed to get type for: content://com.android.calendar (Unknown URL content://com.android.calendar)
05-15 12:08:40.789  1669  1810 D ActivityManager: Sending BOOT_COMPLETE user #0
05-15 12:08:40.795  2522  2522 W art     : Unexpected CPU variant for X86 using defaults: x86_64
05-15 12:08:40.800  1669  1810 I ActivityManager: Start proc 2522:com.android.calendar/u0a26 for broadcast com.android.calendar/.alerts.AlertReceiver
05-15 12:08:40.806  2522  2522 W System  : ClassLoader referenced unknown path: /system/app/Calendar/lib/x86_64
05-15 12:08:40.838  2522  2522 D ExtensionsFactory: No custom extensions.
05-15 12:08:40.843  2522  2522 D AlertReceiver: onReceive: a=android.intent.action.PROVIDER_CHANGED Intent { act=android.intent.action.PROVIDER_CHANGED dat=content://com.android.calendar flg=0x20000010 cmp=com.android.calendar/.alerts.AlertReceiver }
05-15 12:08:40.848  2522  2522 D AlertUtils: Flushing old alerts from shared prefs table
05-15 12:08:40.849  2522  2540 D AlertService: 0 Action = android.intent.action.PROVIDER_CHANGED
05-15 12:08:40.871  1669  2551 I RecoverySystem: No recovery log file
05-15 12:08:40.871  1669  2551 I BootReceiver: No existing last log timestamp file /data/system/log-files.xml; starting empty
05-15 12:08:40.872  1669  2551 I BootReceiver: Copying audit failures to DropBox
05-15 12:08:40.873  1669  2551 I BootReceiver: Checking for fsck errors
05-15 12:08:40.873  1669  2551 I BootReceiver: Copying /dev/fscklogs/log to DropBox (SYSTEM_FSCK)
05-15 12:08:40.898  2552  2552 W art     : Unexpected CPU variant for X86 using defaults: x86_64
05-15 12:08:40.899  1669  1979 I ActivityManager: Start proc 2552:com.android.dialer/u0a8 for broadcast com.android.dialer/.calllog.CallLogReceiver
05-15 12:08:40.910  2552  2552 W System  : ClassLoader referenced unknown path: /system/priv-app/Dialer/lib/x86_64
05-15 12:08:40.973  2552  2552 D ExtensionsFactory: No custom extensions.
05-15 12:08:40.979  2552  2552 I BlockedNumbersAuto: Updating state as already checked for auto-migrate.
05-15 12:08:40.981  2552  2552 I BlockedNumbersAuto: Attempting to auto-migrate.
05-15 12:08:41.001  1946  1946 V OtaStartupReceiver: onOtaspChanged: mOtaspMode=3
05-15 12:08:41.003  1946  1946 D CarrierConfigLoader: mHandler: 13 phoneId: 0
05-15 12:08:41.003  1946  1946 D CarrierConfigLoader: mHandler: 7 phoneId: 0
05-15 12:08:41.004  1946  1946 D CarrierConfigLoader: Loaded config from XML. package=com.android.carrierconfig phoneId=0
05-15 12:08:41.005  2522  2522 D AlertReceiver: onReceive: a=android.intent.action.BOOT_COMPLETED Intent { act=android.intent.action.BOOT_COMPLETED flg=0x9000010 cmp=com.android.calendar/.alerts.AlertReceiver (has extras) }
05-15 12:08:41.007  1946  1946 D CarrierConfigLoader: mHandler: 5 phoneId: 0
05-15 12:08:41.008  2552  2552 I BlockedNumbersAuto: Auto-migrating: no blocked numbers.
05-15 12:08:41.012  2573  2573 W art     : Unexpected CPU variant for X86 using defaults: x86_64
05-15 12:08:41.018  1669  2012 I ActivityManager: Start proc 2573:com.android.camera2/u0a27 for broadcast com.android.camera2/com.android.camera.DisableCameraReceiver
05-15 12:08:41.020  1669  1669 I Telecom : PhoneAccountRegistrar: SimCallManager queried, returning: null: TSI.gSCMFU@ADk
05-15 12:08:41.020  2552  2571 W CountryDetector: No location permissions, not registering for location updates.
05-15 12:08:41.102  2573  2573 V CAM_Profiler: [  0.000ms][ui] GUARD: CameraApp onCreate() - START
05-15 12:08:41.102  2573  2573 V CAM_Profiler: [  0.000ms][ui] GUARD: FirstRunDetector getTimeOfFirstRun - START
05-15 12:08:41.103  2573  2573 V CAM_Profiler: [  0.525ms][ui] GUARD: FirstRunDetector getTimeOfFirstRun - [ 0.525ms] PreferenceManager.getDefaultSharedPreferences
05-15 12:08:41.103  2573  2573 V CAM_Profiler: [  1.011ms][ui] GUARD: FirstRunDetector getTimeOfFirstRun - [ 0.487ms] preferences.getLong
05-15 12:08:41.104  2573  2573 V CAM_Profiler: [  1.281ms][ui] GUARD: FirstRunDetector getTimeOfFirstRun - [ 0.270ms] getSharedPreferences
05-15 12:08:41.104  2573  2573 V CAM_Profiler: [  1.985ms][ui] GUARD: FirstRunDetector getTimeOfFirstRun - [ 0.703ms] preferences.edit()
05-15 12:08:41.105  2573  2573 V CAM_Profiler: [  2.155ms][ui] GUARD: FirstRunDetector getTimeOfFirstRun - STOP
05-15 12:08:41.105  2573  2573 V CAM_Profiler: [  4.471ms][ui] GUARD: CameraApp onCreate() - [ 4.471ms] initializeTimeOfFirstRun
05-15 12:08:41.105  2573  2573 V CAM_Profiler: [  4.641ms][ui] GUARD: CameraApp onCreate() - [ 0.170ms] UsageStatistics.initialize
05-15 12:08:41.107  2573  2573 V CAM_Profiler: [  6.879ms][ui] GUARD: CameraApp onCreate() - [ 2.239ms] clearNotifications
05-15 12:08:41.107  2573  2573 V CAM_Profiler: [  6.879ms][ui] GUARD: CameraApp onCreate() - STOP
05-15 12:08:41.111  1340  1702 V EmulatedCamera_Camera: getCameraInfo
05-15 12:08:41.111  1340  1702 V EmulatedCamera_BaseCamera: getCameraInfo
05-15 12:08:41.112  2573  2573 I CAM_DisableCamRcver: back camera found: 0
05-15 12:08:41.114  2133  2133 I AlarmClock: AlarmInitReceiver android.intent.action.BOOT_COMPLETED
05-15 12:08:41.120  2133  2159 V AlarmClock: AlarmInitReceiver finished
05-15 12:08:41.157  2591  2591 W art     : Unexpected CPU variant for X86 using defaults: x86_64
05-15 12:08:41.159  1669  1680 I ActivityManager: Start proc 2591:com.android.email/u0a35 for broadcast com.android.email/.service.EmailUpgradeBroadcastReceiver
05-15 12:08:41.171  2591  2591 W System  : ClassLoader referenced unknown path: /system/app/Email/lib/x86_64
05-15 12:08:41.387  1669  2181 W ActivityManager: Unable to start service Intent { act=com.android.email.EXCHANGE_INTENT pkg=com.android.exchange } U=0: not found
05-15 12:08:41.399  2591  2591 D ActivityThread: Loading provider com.android.email.provider;com.android.email.notifier: com.android.email.provider.EmailProvider
05-15 12:08:41.400  1669  1680 W ActivityManager: Unable to start service Intent { act=com.android.email.EXCHANGE_INTENT pkg=com.android.exchange } U=0: not found
05-15 12:08:41.448  1669  2011 W ActivityManager: Unable to start service Intent { cmp=com.android.email/.service.AttachmentService } U=0: not found
