07-26 13:58:49.846  3147  3162 I art     :   at java.lang.Class java.lang.Class.classForName!(java.lang.String, boolean, java.lang.ClassLoader) (Class.java:-2)
07-26 13:58:49.846  3147  3162 I art     :   at java.lang.Class java.lang.Class.forName(java.lang.String, boolean, java.lang.ClassLoader) (Class.java:400)
07-26 13:58:49.846  3147  3162 I art     :   at java.lang.Class android.support.test.internal.runner.TestLoader.doLoadClass(java.lang.String) (TestLoader.java:92)
07-26 13:58:49.846  3147  3162 I art     :   at java.lang.Class android.support.test.internal.runner.TestLoader.loadIfTest(java.lang.String) (TestLoader.java:113)
07-26 13:58:49.846  3147  3162 I art     :   at void android.support.test.internal.runner.TestRequestBuilder.loadClassesFromClassPath(android.support.test.internal.runner.TestLoader, java.util.Set) (TestRequestBuilder.java:801)
07-26 13:58:49.846  3147  3162 I art     :   at android.support.test.internal.runner.TestRequest android.support.test.internal.runner.TestRequestBuilder.build() (TestRequestBuilder.java:747)
07-26 13:58:49.846  3147  3162 I art     :   at android.support.test.internal.runner.TestRequest android.support.test.runner.AndroidJUnitRunner.buildRequest(android.support.test.internal.runner.RunnerArgs, android.os.Bundle) (AndroidJUnitRunner.java:354)
07-26 13:58:49.846  3147  3162 I art     :   at void android.support.test.runner.AndroidJUnitRunner.onStart() (AndroidJUnitRunner.java:260)
07-26 13:58:49.846  3147  3162 I art     :   at void android.app.Instrumentation$InstrumentationThread.run() (Instrumentation.java:1932)
07-26 13:58:49.846  3147  3162 I art     : 
07-26 13:58:49.846  3147  3162 E TestLoader: Could not find class: com.googlecode.jsonrpc4j.spring.AutoJsonRpcClientProxyCreator
07-26 13:58:49.846  3147  3158 I art     : Background sticky concurrent mark sweep GC freed 86589(3MB) AllocSpace objects, 0(0B) LOS objects, 40% free, 5MB/9MB, paused 4.786ms total 209.258ms
07-26 13:58:49.846  3147  3162 I art     : Rejecting re-init on previously-failed class java.lang.Class<com.googlecode.jsonrpc4j.spring.AutoJsonRpcServiceExporter>: java.lang.NoClassDefFoundError: Failed resolution of: Lorg/springframework/beans/factory/config/BeanFactoryPostProcessor;
07-26 13:58:49.846  3147  3162 I art     :   at java.lang.Class java.lang.Class.classForName!(java.lang.String, boolean, java.lang.ClassLoader) (Class.java:-2)
07-26 13:58:49.846  3147  3162 I art     :   at java.lang.Class java.lang.Class.forName(java.lang.String, boolean, java.lang.ClassLoader) (Class.java:400)
07-26 13:58:49.846  3147  3162 I art     :   at java.lang.Class android.support.test.internal.runner.TestLoader.doLoadClass(java.lang.String) (TestLoader.java:92)
07-26 13:58:49.846  3147  3162 I art     :   at java.lang.Class android.support.test.internal.runner.TestLoader.loadIfTest(java.lang.String) (TestLoader.java:113)
07-26 13:58:49.846  3147  3162 I art     :   at void android.support.test.internal.runner.TestRequestBuilder.loadClassesFromClassPath(android.support.test.internal.runner.TestLoader, java.util.Set) (TestRequestBuilder.java:801)
07-26 13:58:49.846  3147  3162 I art     :   at android.support.test.internal.runner.TestRequest android.support.test.internal.runner.TestRequestBuilder.build() (TestRequestBuilder.java:747)
07-26 13:58:49.846  3147  3162 I art     :   at android.support.test.internal.runner.TestRequest android.support.test.runner.AndroidJUnitRunner.buildRequest(android.support.test.internal.runner.RunnerArgs, android.os.Bundle) (AndroidJUnitRunner.java:354)
07-26 13:58:49.846  3147  3162 I art     :   at void android.support.test.runner.AndroidJUnitRunner.onStart() (AndroidJUnitRunner.java:260)
07-26 13:58:49.846  3147  3162 I art     :   at void android.app.Instrumentation$InstrumentationThread.run() (Instrumentation.java:1932)
07-26 13:58:49.846  3147  3162 I art     : Caused by: java.lang.ClassNotFoundException: Didn't find class "org.springframework.beans.factory.config.BeanFactoryPostProcessor" on path: DexPathList[[zip file "/system/framework/android.test.runner.jar", zip file "/data/app/com.github.uiautomator.test-1/base.apk", zip file "/data/app/com.github.uiautomator-1/base.apk"],nativeLibraryDirectories=[/data/app/com.github.uiautomator.test-1/lib/x86_64, /data/app/com.github.uiautomator-1/lib/x86_64, /system/lib64, /vendor/lib64]]
07-26 13:58:49.846  3147  3162 I art     :   at java.lang.Class dalvik.system.BaseDexClassLoader.findClass(java.lang.String) (BaseDexClassLoader.java:56)
07-26 13:58:49.846  3147  3162 I art     :   at java.lang.Class java.lang.ClassLoader.loadClass(java.lang.String, boolean) (ClassLoader.java:380)
07-26 13:58:49.846  3147  3162 I art     :   at java.lang.Class java.lang.ClassLoader.loadClass(java.lang.String) (ClassLoader.java:312)
07-26 13:58:49.846  3147  3162 I art     :   at java.lang.Class java.lang.Class.classForName!(java.lang.String, boolean, java.lang.ClassLoader) (Class.java:-2)
07-26 13:58:49.846  3147  3162 I art     :   at java.lang.Class java.lang.Class.forName(java.lang.String, boolean, java.lang.ClassLoader) (Class.java:400)
07-26 13:58:49.846  3147  3162 I art     :   at java.lang.Class android.support.test.internal.runner.TestLoader.doLoadClass(java.lang.String) (TestLoader.java:92)
07-26 13:58:49.846  3147  3162 I art     :   at java.lang.Class android.support.test.internal.runner.TestLoader.loadIfTest(java.lang.String) (TestLoader.java:113)
07-26 13:58:49.846  3147  3162 I art     :   at void android.support.test.internal.runner.TestRequestBuilder.loadClassesFromClassPath(android.support.test.internal.runner.TestLoader, java.util.Set) (TestRequestBuilder.java:801)
07-26 13:58:49.846  3147  3162 I art     :   at android.support.test.internal.runner.TestRequest android.support.test.internal.runner.TestRequestBuilder.build() (TestRequestBuilder.java:747)
07-26 13:58:49.846  3147  3162 I art     :   at android.support.test.internal.runner.TestRequest android.support.test.runner.AndroidJUnitRunner.buildRequest(android.support.test.internal.runner.RunnerArgs, android.os.Bundle) (AndroidJUnitRunner.java:354)
07-26 13:58:49.846  3147  3162 I art     :   at void android.support.test.runner.AndroidJUnitRunner.onStart() (AndroidJUnitRunner.java:260)
07-26 13:58:49.846  3147  3162 I art     :   at void android.app.Instrumentation$InstrumentationThread.run() (Instrumentation.java:1932)
07-26 13:58:49.846  3147  3162 I art     : 
07-26 13:58:49.846  3147  3162 E TestLoader: Could not find class: com.googlecode.jsonrpc4j.spring.AutoJsonRpcServiceExporter
07-26 13:58:49.846  3147  3162 I art     : Rejecting re-init on previously-failed class java.lang.Class<com.googlecode.jsonrpc4j.spring.AbstractCompositeJsonServiceExporter>: java.lang.NoClassDefFoundError: Failed resolution of: Lorg/springframework/beans/factory/InitializingBean;
07-26 13:58:49.846  3147  3162 I art     :   at java.lang.Class java.lang.Class.classForName!(java.lang.String, boolean, java.lang.ClassLoader) (Class.java:-2)
07-26 13:58:49.846  3147  3162 I art     :   at java.lang.Class java.lang.Class.forName(java.lang.String, boolean, java.lang.ClassLoader) (Class.java:400)
07-26 13:58:49.846  3147  3162 I art     :   at java.lang.Class android.support.test.internal.runner.TestLoader.doLoadClass(java.lang.String) (TestLoader.java:92)
07-26 13:58:49.846  3147  3162 I art     :   at java.lang.Class android.support.test.internal.runner.TestLoader.loadIfTest(java.lang.String) (TestLoader.java:113)
07-26 13:58:49.846  3147  3162 I art     :   at void android.support.test.internal.runner.TestRequestBuilder.loadClassesFromClassPath(android.support.test.internal.runner.TestLoader, java.util.Set) (TestRequestBuilder.java:801)
07-26 13:58:49.846  3147  3162 I art     :   at android.support.test.internal.runner.TestRequest android.support.test.internal.runner.TestRequestBuilder.build() (TestRequestBuilder.java:747)
07-26 13:58:49.846  3147  3162 I art     :   at android.support.test.internal.runner.TestRequest android.support.test.runner.AndroidJUnitRunner.buildRequest(android.support.test.internal.runner.RunnerArgs, android.os.Bundle) (AndroidJUnitRunner.java:354)
07-26 13:58:49.846  3147  3162 I art     :   at void android.support.test.runner.AndroidJUnitRunner.onStart() (AndroidJUnitRunner.java:260)
07-26 13:58:49.846  3147  3162 I art     :   at void android.app.Instrumentation$InstrumentationThread.run() (Instrumentation.java:1932)
07-26 13:58:49.846  3147  3162 I art     : Caused by: java.lang.ClassNotFoundException: Didn't find class "org.springframework.beans.factory.InitializingBean" on path: DexPathList[[zip file "/system/framework/android.test.runner.jar", zip file "/data/app/com.github.uiautomator.test-1/base.apk", zip file "/data/app/com.github.uiautomator-1/base.apk"],nativeLibraryDirectories=[/data/app/com.github.uiautomator.test-1/lib/x86_64, /data/app/com.github.uiautomator-1/lib/x86_64, /system/lib64, /vendor/lib64]]
07-26 13:58:49.846  3147  3162 I art     :   at java.lang.Class dalvik.system.BaseDexClassLoader.findClass(java.lang.String) (BaseDexClassLoader.java:56)
07-26 13:58:49.846  3147  3162 I art     :   at java.lang.Class java.lang.ClassLoader.loadClass(java.lang.String, boolean) (ClassLoader.java:380)
07-26 13:58:49.846  3147  3162 I art     :   at java.lang.Class java.lang.ClassLoader.loadClass(java.lang.String) (ClassLoader.java:312)
07-26 13:58:49.846  3147  3162 I art     :   at java.lang.Class java.lang.Class.classForName!(java.lang.String, boolean, java.lang.ClassLoader) (Class.java:-2)
07-26 13:58:49.846  3147  3162 I art     :   at java.lang.Class java.lang.Class.forName(java.lang.String, boolean, java.lang.ClassLoader) (Class.java:400)
07-26 13:58:49.846  3147  3162 I art     :   at java.lang.Class android.support.test.internal.runner.TestLoader.doLoadClass(java.lang.String) (TestLoader.java:92)
07-26 13:58:49.846  3147  3162 I art     :   at java.lang.Class android.support.test.internal.runner.TestLoader.loadIfTest(java.lang.String) (TestLoader.java:113)
07-26 13:58:49.846  3147  3162 I art     :   at void android.support.test.internal.runner.TestRequestBuilder.loadClassesFromClassPath(android.support.test.internal.runner.TestLoader, java.util.Set) (TestRequestBuilder.java:801)
07-26 13:58:49.846  3147  3162 I art     :   at android.support.test.internal.runner.TestRequest android.support.test.internal.runner.TestRequestBuilder.build() (TestRequestBuilder.java:747)
07-26 13:58:49.846  3147  3162 I art     :   at android.support.test.internal.runner.TestRequest android.support.test.runner.AndroidJUnitRunner.buildRequest(android.support.test.internal.runner.RunnerArgs, android.os.Bundle) (AndroidJUnitRunner.java:354)
07-26 13:58:49.846  3147  3162 I art     :   at void android.support.test.runner.AndroidJUnitRunner.onStart() (AndroidJUnitRunner.java:260)
07-26 13:58:49.846  3147  3162 I art     :   at void android.app.Instrumentation$InstrumentationThread.run() (Instrumentation.java:1932)
07-26 13:58:49.846  3147  3162 I art     : 
07-26 13:58:49.846  3147  3162 I art     : Rejecting re-init on previously-failed class java.lang.Class<com.googlecode.jsonrpc4j.spring.CompositeJsonServiceExporter>: java.lang.NoClassDefFoundError: Failed resolution of: Lorg/springframework/beans/factory/InitializingBean;
07-26 13:58:49.846  3147  3162 I art     :   at java.lang.Class java.lang.Class.classForName!(java.lang.String, boolean, java.lang.ClassLoader) (Class.java:-2)
07-26 13:58:49.846  3147  3162 I art     :   at java.lang.Class java.lang.Class.forName(java.lang.String, boolean, java.lang.ClassLoader) (Class.java:400)
07-26 13:58:49.846  3147  3162 I art     :   at java.lang.Class android.support.test.internal.runner.TestLoader.doLoadClass(java.lang.String) (TestLoader.java:92)
07-26 13:58:49.846  3147  3162 I art     :   at java.lang.Class android.support.test.internal.runner.TestLoader.loadIfTest(java.lang.String) (TestLoader.java:113)
07-26 13:58:49.846  3147  3162 I art     :   at void android.support.test.internal.runner.TestRequestBuilder.loadClassesFromClassPath(android.support.test.internal.runner.TestLoader, java.util.Set) (TestRequestBuilder.java:801)
07-26 13:58:49.846  3147  3162 I art     :   at android.support.test.internal.runner.TestRequest android.support.test.internal.runner.TestRequestBuilder.build() (TestRequestBuilder.java:747)
07-26 13:58:49.846  3147  3162 I art     :   at android.support.test.internal.runner.TestRequest android.support.test.runner.AndroidJUnitRunner.buildRequest(android.support.test.internal.runner.RunnerArgs, android.os.Bundle) (AndroidJUnitRunner.java:354)
07-26 13:58:49.846  3147  3162 I art     :   at void android.support.test.runner.AndroidJUnitRunner.onStart() (AndroidJUnitRunner.java:260)
07-26 13:58:49.846  3147  3162 I art     :   at void android.app.Instrumentation$InstrumentationThread.run() (Instrumentation.java:1932)
07-26 13:58:49.846  3147  3162 I art     : Caused by: java.lang.ClassNotFoundException: Didn't find class "org.springframework.beans.factory.InitializingBean" on path: DexPathList[[zip file "/system/framework/android.test.runner.jar", zip file "/data/app/com.github.uiautomator.test-1/base.apk", zip file "/data/app/com.github.uiautomator-1/base.apk"],nativeLibraryDirectories=[/data/app/com.github.uiautomator.test-1/lib/x86_64, /data/app/com.github.uiautomator-1/lib/x86_64, /system/lib64, /vendor/lib64]]
07-26 13:58:49.846  3147  3162 I art     :   at java.lang.Class dalvik.system.BaseDexClassLoader.findClass(java.lang.String) (BaseDexClassLoader.java:56)
07-26 13:58:49.846  3147  3162 I art     :   at java.lang.Class java.lang.ClassLoader.loadClass(java.lang.String, boolean) (ClassLoader.java:380)
07-26 13:58:49.846  3147  3162 I art     :   at java.lang.Class java.lang.ClassLoader.loadClass(java.lang.String) (ClassLoader.java:312)
07-26 13:58:49.846  3147  3162 I art     :   at java.lang.Class java.lang.Class.classForName!(java.lang.String, boolean, java.lang.ClassLoader) (Class.java:-2)
07-26 13:58:49.846  3147  3162 I art     :   at java.lang.Class java.lang.Class.forName(java.lang.String, boolean, java.lang.ClassLoader) (Class.java:400)
07-26 13:58:49.846  3147  3162 I art     :   at java.lang.Class android.support.test.internal.runner.TestLoader.doLoadClass(java.lang.String) (TestLoader.java:92)
07-26 13:58:49.847  3147  3162 I art     :   at java.lang.Class android.support.test.internal.runner.TestLoader.loadIfTest(java.lang.String) (TestLoader.java:113)
07-26 13:58:49.847  3147  3162 I art     :   at void android.support.test.internal.runner.TestRequestBuilder.loadClassesFromClassPath(android.support.test.internal.runner.TestLoader, java.util.Set) (TestRequestBuilder.java:801)
07-26 13:58:49.847  3147  3162 I art     :   at android.support.test.internal.runner.TestRequest android.support.test.internal.runner.TestRequestBuilder.build() (TestRequestBuilder.java:747)
07-26 13:58:49.847  3147  3162 I art     :   at android.support.test.internal.runner.TestRequest android.support.test.runner.AndroidJUnitRunner.buildRequest(android.support.test.internal.runner.RunnerArgs, android.os.Bundle) (AndroidJUnitRunner.java:354)
07-26 13:58:49.847  3147  3162 I art     :   at void android.support.test.runner.AndroidJUnitRunner.onStart() (AndroidJUnitRunner.java:260)
07-26 13:58:49.847  3147  3162 I art     :   at void android.app.Instrumentation$InstrumentationThread.run() (Instrumentation.java:1932)
07-26 13:58:49.847  3147  3162 I art     : 
07-26 13:58:49.847  3147  3162 E TestLoader: Could not find class: com.googlecode.jsonrpc4j.spring.CompositeJsonServiceExporter
07-26 13:58:49.847  3147  3162 I art     : Rejecting re-init on previously-failed class java.lang.Class<com.googlecode.jsonrpc4j.spring.AbstractCompositeJsonServiceExporter>: java.lang.NoClassDefFoundError: Failed resolution of: Lorg/springframework/beans/factory/InitializingBean;
07-26 13:58:49.847  3147  3162 I art     :   at java.lang.Class java.lang.Class.classForName!(java.lang.String, boolean, java.lang.ClassLoader) (Class.java:-2)
07-26 13:58:49.847  3147  3162 I art     :   at java.lang.Class java.lang.Class.forName(java.lang.String, boolean, java.lang.ClassLoader) (Class.java:400)
07-26 13:58:49.847  3147  3162 I art     :   at java.lang.Class android.support.test.internal.runner.TestLoader.doLoadClass(java.lang.String) (TestLoader.java:92)
07-26 13:58:49.847  3147  3162 I art     :   at java.lang.Class android.support.test.internal.runner.TestLoader.loadIfTest(java.lang.String) (TestLoader.java:113)
07-26 13:58:49.847  3147  3162 I art     :   at void android.support.test.internal.runner.TestRequestBuilder.loadClassesFromClassPath(android.support.test.internal.runner.TestLoader, java.util.Set) (TestRequestBuilder.java:801)
07-26 13:58:49.847  3147  3162 I art     :   at android.support.test.internal.runner.TestRequest android.support.test.internal.runner.TestRequestBuilder.build() (TestRequestBuilder.java:747)
07-26 13:58:49.847  3147  3162 I art     :   at android.support.test.internal.runner.TestRequest android.support.test.runner.AndroidJUnitRunner.buildRequest(android.support.test.internal.runner.RunnerArgs, android.os.Bundle) (AndroidJUnitRunner.java:354)
07-26 13:58:49.847  3147  3162 I art     :   at void android.support.test.runner.AndroidJUnitRunner.onStart() (AndroidJUnitRunner.java:260)
07-26 13:58:49.847  3147  3162 I art     :   at void android.app.Instrumentation$InstrumentationThread.run() (Instrumentation.java:1932)
07-26 13:58:49.847  3147  3162 I art     : Caused by: java.lang.ClassNotFoundException: Didn't find class "org.springframework.beans.factory.InitializingBean" on path: DexPathList[[zip file "/system/framework/android.test.runner.jar", zip file "/data/app/com.github.uiautomator.test-1/base.apk", zip file "/data/app/com.github.uiautomator-1/base.apk"],nativeLibraryDirectories=[/data/app/com.github.uiautomator.test-1/lib/x86_64, /data/app/com.github.uiautomator-1/lib/x86_64, /system/lib64, /vendor/lib64]]
07-26 13:58:49.847  3147  3162 I art     :   at java.lang.Class dalvik.system.BaseDexClassLoader.findClass(java.lang.String) (BaseDexClassLoader.java:56)
07-26 13:58:49.847  3147  3162 I art     :   at java.lang.Class java.lang.ClassLoader.loadClass(java.lang.String, boolean) (ClassLoader.java:380)
07-26 13:58:49.847  3147  3162 I art     :   at java.lang.Class java.lang.ClassLoader.loadClass(java.lang.String) (ClassLoader.java:312)
07-26 13:58:49.847  3147  3162 I art     :   at java.lang.Class java.lang.Class.classForName!(java.lang.String, boolean, java.lang.ClassLoader) (Class.java:-2)
07-26 13:58:49.847  3147  3162 I art     :   at java.lang.Class java.lang.Class.forName(java.lang.String, boolean, java.lang.ClassLoader) (Class.java:400)
07-26 13:58:49.847  3147  3162 I art     :   at java.lang.Class android.support.test.internal.runner.TestLoader.doLoadClass(java.lang.String) (TestLoader.java:92)
07-26 13:58:49.847  3147  3162 I art     :   at java.lang.Class android.support.test.internal.runner.TestLoader.loadIfTest(java.lang.String) (TestLoader.java:113)
07-26 13:58:49.847  3147  3162 I art     :   at void android.support.test.internal.runner.TestRequestBuilder.loadClassesFromClassPath(android.support.test.internal.runner.TestLoader, java.util.Set) (TestRequestBuilder.java:801)
07-26 13:58:49.847  3147  3162 I art     :   at android.support.test.internal.runner.TestRequest android.support.test.internal.runner.TestRequestBuilder.build() (TestRequestBuilder.java:747)
07-26 13:58:49.847  3147  3162 I art     :   at android.support.test.internal.runner.TestRequest android.support.test.runner.AndroidJUnitRunner.buildRequest(android.support.test.internal.runner.RunnerArgs, android.os.Bundle) (AndroidJUnitRunner.java:354)
07-26 13:58:49.847  3147  3162 I art     :   at void android.support.test.runner.AndroidJUnitRunner.onStart() (AndroidJUnitRunner.java:260)
07-26 13:58:49.847  3147  3162 I art     :   at void android.app.Instrumentation$InstrumentationThread.run() (Instrumentation.java:1932)
07-26 13:58:49.847  3147  3162 I art     : 
07-26 13:58:49.847  3147  3162 I art     : Rejecting re-init on previously-failed class java.lang.Class<com.googlecode.jsonrpc4j.spring.CompositeJsonStreamServiceExporter>: java.lang.NoClassDefFoundError: Failed resolution of: Lorg/springframework/beans/factory/InitializingBean;
07-26 13:58:49.847  3147  3162 I art     :   at java.lang.Class java.lang.Class.classForName!(java.lang.String, boolean, java.lang.ClassLoader) (Class.java:-2)
07-26 13:58:49.847  3147  3162 I art     :   at java.lang.Class java.lang.Class.forName(java.lang.String, boolean, java.lang.ClassLoader) (Class.java:400)
07-26 13:58:49.847  3147  3162 I art     :   at java.lang.Class android.support.test.internal.runner.TestLoader.doLoadClass(java.lang.String) (TestLoader.java:92)
07-26 13:58:49.847  3147  3162 I art     :   at java.lang.Class android.support.test.internal.runner.TestLoader.loadIfTest(java.lang.String) (TestLoader.java:113)
07-26 13:58:49.847  3147  3162 I art     :   at void android.support.test.internal.runner.TestRequestBuilder.loadClassesFromClassPath(android.support.test.internal.runner.TestLoader, java.util.Set) (TestRequestBuilder.java:801)
07-26 13:58:49.847  3147  3162 I art     :   at android.support.test.internal.runner.TestRequest android.support.test.internal.runner.TestRequestBuilder.build() (TestRequestBuilder.java:747)
07-26 13:58:49.847  3147  3162 I art     :   at android.support.test.internal.runner.TestRequest android.support.test.runner.AndroidJUnitRunner.buildRequest(android.support.test.internal.runner.RunnerArgs, android.os.Bundle) (AndroidJUnitRunner.java:354)
07-26 13:58:49.847  3147  3162 I art     :   at void android.support.test.runner.AndroidJUnitRunner.onStart() (AndroidJUnitRunner.java:260)
07-26 13:58:49.847  3147  3162 I art     :   at void android.app.Instrumentation$InstrumentationThread.run() (Instrumentation.java:1932)
07-26 13:58:49.847  3147  3162 I art     : Caused by: java.lang.ClassNotFoundException: Didn't find class "org.springframework.beans.factory.InitializingBean" on path: DexPathList[[zip file "/system/framework/android.test.runner.jar", zip file "/data/app/com.github.uiautomator.test-1/base.apk", zip file "/data/app/com.github.uiautomator-1/base.apk"],nativeLibraryDirectories=[/data/app/com.github.uiautomator.test-1/lib/x86_64, /data/app/com.github.uiautomator-1/lib/x86_64, /system/lib64, /vendor/lib64]]
07-26 13:58:49.847  3147  3162 I art     :   at java.lang.Class dalvik.system.BaseDexClassLoader.findClass(java.lang.String) (BaseDexClassLoader.java:56)
07-26 13:58:49.847  3147  3162 I art     :   at java.lang.Class java.lang.ClassLoader.loadClass(java.lang.String, boolean) (ClassLoader.java:380)
07-26 13:58:49.847  3147  3162 I art     :   at java.lang.Class java.lang.ClassLoader.loadClass(java.lang.String) (ClassLoader.java:312)
07-26 13:58:49.847  3147  3162 I art     :   at java.lang.Class java.lang.Class.classForName!(java.lang.String, boolean, java.lang.ClassLoader) (Class.java:-2)
07-26 13:58:49.847  3147  3162 I art     :   at java.lang.Class java.lang.Class.forName(java.lang.String, boolean, java.lang.ClassLoader) (Class.java:400)
07-26 13:58:49.847  3147  3162 I art     :   at java.lang.Class android.support.test.internal.runner.TestLoader.doLoadClass(java.lang.String) (TestLoader.java:92)
07-26 13:58:49.847  3147  3162 I art     :   at java.lang.Class android.support.test.internal.runner.TestLoader.loadIfTest(java.lang.String) (TestLoader.java:113)
07-26 13:58:49.847  3147  3162 I art     :   at void android.support.test.internal.runner.TestRequestBuilder.loadClassesFromClassPath(android.support.test.internal.runner.TestLoader, java.util.Set) (TestRequestBuilder.java:801)
07-26 13:58:49.847  3147  3162 I art     :   at android.support.test.internal.runner.TestRequest android.support.test.internal.runner.TestRequestBuilder.build() (TestRequestBuilder.java:747)
07-26 13:58:49.847  3147  3162 I art     :   at android.support.test.internal.runner.TestRequest android.support.test.runner.AndroidJUnitRunner.buildRequest(android.support.test.internal.runner.RunnerArgs, android.os.Bundle) (AndroidJUnitRunner.java:354)
07-26 13:58:49.847  3147  3162 I art     :   at void android.support.test.runner.AndroidJUnitRunner.onStart() (AndroidJUnitRunner.java:260)
07-26 13:58:49.847  3147  3162 I art     :   at void android.app.Instrumentation$InstrumentationThread.run() (Instrumentation.java:1932)
07-26 13:58:49.847  3147  3162 I art     : 
07-26 13:58:49.847  3147  3162 E TestLoader: Could not find class: com.googlecode.jsonrpc4j.spring.CompositeJsonStreamServiceExporter
07-26 13:58:49.847  3147  3162 I art     : Rejecting re-init on previously-failed class java.lang.Class<com.googlecode.jsonrpc4j.spring.JsonProxyFactoryBean>: java.lang.NoClassDefFoundError: Failed resolution of: Lorg/springframework/remoting/support/UrlBasedRemoteAccessor;
07-26 13:58:49.847  3147  3162 I art     :   at java.lang.Class java.lang.Class.classForName!(java.lang.String, boolean, java.lang.ClassLoader) (Class.java:-2)
07-26 13:58:49.847  3147  3162 I art     :   at java.lang.Class java.lang.Class.forName(java.lang.String, boolean, java.lang.ClassLoader) (Class.java:400)
07-26 13:58:49.847  3147  3162 I art     :   at java.lang.Class android.support.test.internal.runner.TestLoader.doLoadClass(java.lang.String) (TestLoader.java:92)
07-26 13:58:49.847  3147  3162 I art     :   at java.lang.Class android.support.test.internal.runner.TestLoader.loadIfTest(java.lang.String) (TestLoader.java:113)
07-26 13:58:49.847  3147  3162 I art     :   at void android.support.test.internal.runner.TestRequestBuilder.loadClassesFromClassPath(android.support.test.internal.runner.TestLoader, java.util.Set) (TestRequestBuilder.java:801)
07-26 13:58:49.847  3147  3162 I art     :   at android.support.test.internal.runner.TestRequest android.support.test.internal.runner.TestRequestBuilder.build() (TestRequestBuilder.java:747)
07-26 13:58:49.847  3147  3162 I art     :   at android.support.test.internal.runner.TestRequest android.support.test.runner.AndroidJUnitRunner.buildRequest(android.support.test.internal.runner.RunnerArgs, android.os.Bundle) (AndroidJUnitRunner.java:354)
07-26 13:58:49.847  3147  3162 I art     :   at void android.support.test.runner.AndroidJUnitRunner.onStart() (AndroidJUnitRunner.java:260)
07-26 13:58:49.847  3147  3162 I art     :   at void android.app.Instrumentation$InstrumentationThread.run() (Instrumentation.java:1932)
07-26 13:58:49.847  3147  3162 I art     : Caused by: java.lang.ClassNotFoundException: Didn't find class "org.springframework.remoting.support.UrlBasedRemoteAccessor" on path: DexPathList[[zip file "/system/framework/android.test.runner.jar", zip file "/data/app/com.github.uiautomator.test-1/base.apk", zip file "/data/app/com.github.uiautomator-1/base.apk"],nativeLibraryDirectories=[/data/app/com.github.uiautomator.test-1/lib/x86_64, /data/app/com.github.uiautomator-1/lib/x86_64, /system/lib64, /vendor/lib64]]
07-26 13:58:49.847  3147  3162 I art     :   at java.lang.Class dalvik.system.BaseDexClassLoader.findClass(java.lang.String) (BaseDexClassLoader.java:56)
07-26 13:58:49.847  3147  3162 I art     :   at java.lang.Class java.lang.ClassLoader.loadClass(java.lang.String, boolean) (ClassLoader.java:380)
07-26 13:58:49.847  3147  3162 I art     :   at java.lang.Class java.lang.ClassLoader.loadClass(java.lang.String) (ClassLoader.java:312)
07-26 13:58:49.847  3147  3162 I art     :   at java.lang.Class java.lang.Class.classForName!(java.lang.String, boolean, java.lang.ClassLoader) (Class.java:-2)
07-26 13:58:49.847  3147  3162 I art     :   at java.lang.Class java.lang.Class.forName(java.lang.String, boolean, java.lang.ClassLoader) (Class.java:400)
07-26 13:58:49.847  3147  3162 I art     :   at java.lang.Class android.support.test.internal.runner.TestLoader.doLoadClass(java.lang.String) (TestLoader.java:92)
07-26 13:58:49.847  3147  3162 I art     :   at java.lang.Class android.support.test.internal.runner.TestLoader.loadIfTest(java.lang.String) (TestLoader.java:113)
07-26 13:58:49.847  3147  3162 I art     :   at void android.support.test.internal.runner.TestRequestBuilder.loadClassesFromClassPath(android.support.test.internal.runner.TestLoader, java.util.Set) (TestRequestBuilder.java:801)
07-26 13:58:49.847  3147  3162 I art     :   at android.support.test.internal.runner.TestRequest android.support.test.internal.runner.TestRequestBuilder.build() (TestRequestBuilder.java:747)
07-26 13:58:49.847  3147  3162 I art     :   at android.support.test.internal.runner.TestRequest android.support.test.runner.AndroidJUnitRunner.buildRequest(android.support.test.internal.runner.RunnerArgs, android.os.Bundle) (AndroidJUnitRunner.java:354)
07-26 13:58:49.847  3147  3162 I art     :   at void android.support.test.runner.AndroidJUnitRunner.onStart() (AndroidJUnitRunner.java:260)
07-26 13:58:49.847  3147  3162 I art     :   at void android.app.Instrumentation$InstrumentationThread.run() (Instrumentation.java:1932)
07-26 13:58:49.847  3147  3162 I art     : 
07-26 13:58:49.847  3147  3162 E TestLoader: Could not find class: com.googlecode.jsonrpc4j.spring.JsonProxyFactoryBean
07-26 13:58:49.847  3147  3162 I art     : Rejecting re-init on previously-failed class java.lang.Class<com.googlecode.jsonrpc4j.spring.AbstractJsonServiceExporter>: java.lang.NoClassDefFoundError: Failed resolution of: Lorg/springframework/remoting/support/RemoteExporter;
07-26 13:58:49.847  3147  3162 I art     :   at java.lang.Class java.lang.Class.classForName!(java.lang.String, boolean, java.lang.ClassLoader) (Class.java:-2)
07-26 13:58:49.847  3147  3162 I art     :   at java.lang.Class java.lang.Class.forName(java.lang.String, boolean, java.lang.ClassLoader) (Class.java:400)
07-26 13:58:49.847  3147  3162 I art     :   at java.lang.Class android.support.test.internal.runner.TestLoader.doLoadClass(java.lang.String) (TestLoader.java:92)
07-26 13:58:49.847  3147  3162 I art     :   at java.lang.Class android.support.test.internal.runner.TestLoader.loadIfTest(java.lang.String) (TestLoader.java:113)
07-26 13:58:49.847  3147  3162 I art     :   at void android.support.test.internal.runner.TestRequestBuilder.loadClassesFromClassPath(android.support.test.internal.runner.TestLoader, java.util.Set) (TestRequestBuilder.java:801)
07-26 13:58:49.847  3147  3162 I art     :   at android.support.test.internal.runner.TestRequest android.support.test.internal.runner.TestRequestBuilder.build() (TestRequestBuilder.java:747)
07-26 13:58:49.847  3147  3162 I art     :   at android.support.test.internal.runner.TestRequest android.support.test.runner.AndroidJUnitRunner.buildRequest(android.support.test.internal.runner.RunnerArgs, android.os.Bundle) (AndroidJUnitRunner.java:354)
07-26 13:58:49.847  3147  3162 I art     :   at void android.support.test.runner.AndroidJUnitRunner.onStart() (AndroidJUnitRunner.java:260)
07-26 13:58:49.847  3147  3162 I art     :   at void android.app.Instrumentation$InstrumentationThread.run() (Instrumentation.java:1932)
07-26 13:58:49.847  3147  3162 I art     : Caused by: java.lang.ClassNotFoundException: Didn't find class "org.springframework.remoting.support.RemoteExporter" on path: DexPathList[[zip file "/system/framework/android.test.runner.jar", zip file "/data/app/com.github.uiautomator.test-1/base.apk", zip file "/data/app/com.github.uiautomator-1/base.apk"],nativeLibraryDirectories=[/data/app/com.github.uiautomator.test-1/lib/x86_64, /data/app/com.github.uiautomator-1/lib/x86_64, /system/lib64, /vendor/lib64]]
07-26 13:58:49.847  3147  3162 I art     :   at java.lang.Class dalvik.system.BaseDexClassLoader.findClass(java.lang.String) (BaseDexClassLoader.java:56)
07-26 13:58:49.847  3147  3162 I art     :   at java.lang.Class java.lang.ClassLoader.loadClass(java.lang.String, boolean) (ClassLoader.java:380)
07-26 13:58:49.847  3147  3162 I art     :   at java.lang.Class java.lang.ClassLoader.loadClass(java.lang.String) (ClassLoader.java:312)
07-26 13:58:49.847  3147  3162 I art     :   at java.lang.Class java.lang.Class.classForName!(java.lang.String, boolean, java.lang.ClassLoader) (Class.java:-2)
07-26 13:58:49.854  3147  3162 D TestExecutor: Adding listener android.support.test.internal.runner.listener.LogRunListener
07-26 13:58:49.854  3147  3162 D TestExecutor: Adding listener android.support.test.internal.runner.listener.InstrumentationResultPrinter
07-26 13:58:49.854  3147  3162 D TestExecutor: Adding listener android.support.test.internal.runner.listener.ActivityFinisherRunListener
07-26 13:58:49.854  3147  3162 I TestRunner: run started: 2 tests
07-26 13:58:49.855  3147  3162 I TestRunner: started: testApplicationTestCaseSetUpProperly(com.github.uiautomator.ApplicationTest)
07-26 13:58:49.855  3147  3147 I MonitoringInstrumentation: Activities that are still in CREATED to STOPPED: 0
07-26 13:58:49.855  3147  3162 I TestRunner: finished: testApplicationTestCaseSetUpProperly(com.github.uiautomator.ApplicationTest)
07-26 13:58:49.856  3147  3147 I MonitoringInstrumentation: Activities that are still in CREATED to STOPPED: 0
07-26 13:58:49.857  3147  3162 I TestRunner: started: testUIAutomatorStub(com.github.uiautomator.stub.Stub)
07-26 13:58:49.857  3147  3147 I MonitoringInstrumentation: Activities that are still in CREATED to STOPPED: 0
07-26 13:58:49.914  3147  3164 D UIAutomatorStub: URI: /jsonrpc/0, Method: POST, Header: {accept-encoding=identity, host=localhost:9009, http-client-ip=127.0.0.1, content-type=application/json, remote-addr=127.0.0.1, content-length=78, user-agent=Python-urllib/3.8, connection=close}, params, {NanoHttpd.QUERY_STRING=null}, files: {postData={"jsonrpc": "2.0", "method": "ping", "id": "6c12793368f0cdd7f9d31a394b55e82b"}}
07-26 13:58:49.922  3147  3165 D UIAutomatorStub: URI: /jsonrpc/0, Method: POST, Header: {accept-encoding=identity, host=localhost:9009, http-client-ip=127.0.0.1, content-type=application/json, remote-addr=127.0.0.1, content-length=78, user-agent=Python-urllib/3.8, connection=close}, params, {NanoHttpd.QUERY_STRING=null}, files: {postData={"jsonrpc": "2.0", "method": "ping", "id": "82681549c4bf504f87ad74619860061d"}}
07-26 13:58:49.924  3147  3166 D UIAutomatorStub: URI: /jsonrpc/0, Method: POST, Header: {accept-encoding=identity, host=localhost:9009, http-client-ip=127.0.0.1, content-type=application/json, remote-addr=127.0.0.1, content-length=84, user-agent=Python-urllib/3.8, connection=close}, params, {NanoHttpd.QUERY_STRING=null}, files: {postData={"jsonrpc": "2.0", "method": "deviceInfo", "id": "055bbb1c262f0d433f0d3d773141c72e"}}
07-26 13:58:50.373  3147  3167 D UIAutomatorStub: URI: /jsonrpc/0, Method: POST, Header: {accept-encoding=identity, host=localhost:9009, http-client-ip=127.0.0.1, content-type=application/json, remote-addr=127.0.0.1, content-length=111, user-agent=Python-urllib/3.8, connection=close}, params, {NanoHttpd.QUERY_STRING=null}, files: {postData={"jsonrpc": "2.0", "method": "setOrientation", "id": "ed9e2688def1bac5ed4c4fd764cccfee", "params": ["natural"]}}
07-26 13:58:50.394  1342  1342 I         : free_cache(5338896) avail 6173315072
07-26 13:58:50.405  1839  2097 D EGL_emulation: eglMakeCurrent: 0x73369a045fa0: ver 3 0 (tinfo 0x73369a00c6a0)
07-26 13:58:51.632  1669  1695 I PackageManager.DexOptimizer: Running dexopt (dex2oat) on: /data/app/vmdl234042612.tmp/base.apk pkg=org.kore.kolabnotes.android isa=x86_64 vmSafeMode=false debuggable=true target-filter=interpret-only oatDir = /data/app/vmdl234042612.tmp/oat sharedLibraries=null
07-26 13:58:51.755  3175  3175 W dex2oat : Unexpected CPU variant for X86 using defaults: x86_64
07-26 13:58:51.755  3175  3175 I dex2oat : /system/bin/dex2oat --compiler-filter=interpret-only --debuggable
07-26 13:58:51.901  3175  3175 W dex2oat : Before Android 4.1, method int android.support.v7.widget.ListViewCompat.lookForSelectablePosition(int, boolean) would have incorrectly overridden the package-private method in android.widget.ListView
07-26 13:58:51.911  3175  3177 W dex2oat : Before Android 4.1, method android.graphics.PorterDuffColorFilter android.support.graphics.drawable.VectorDrawableCompat.updateTintFilter(android.graphics.PorterDuffColorFilter, android.content.res.ColorStateList, android.graphics.PorterDuff$Mode) would have incorrectly overridden the package-private method in android.graphics.drawable.Drawable
07-26 13:58:51.913  3175  3178 W dex2oat : Before Android 4.1, method korex.mail.Session com.sun.mail.imap.IMAPStore.getSession() would have incorrectly overridden the package-private method in korex.mail.Service
07-26 13:58:51.913  3175  3178 W dex2oat : Before Android 4.1, method korex.mail.Session com.sun.mail.pop3.POP3Store.getSession() would have incorrectly overridden the package-private method in korex.mail.Service
07-26 13:58:53.056  3175  3175 I dex2oat : dex2oat took 1.301s (threads: 3) arena alloc=3KB (3800B) java alloc=6MB (7052872B) native alloc=6MB (6387280B) free=2MB (2525616B)
07-26 13:58:53.058  1669  1683 I ActivityManager: Force stopping org.kore.kolabnotes.android appid=10062 user=-1: installPackageLI
07-26 13:58:53.058  1669  1683 I ActivityManager: Killing 3051:org.kore.kolabnotes.android/u0a62 (adj 700): stop org.kore.kolabnotes.android
07-26 13:58:53.058  1669  1683 D ActivityManager: cleanUpApplicationRecord -- 3051
07-26 13:58:53.059  1669  1683 I ActivityManager:   Force finishing activity ActivityRecord{2e981a u0 org.kore.kolabnotes.android/.MainActivity t4}
07-26 13:58:53.059  1669  1683 I WindowManager: Destroying surface Surface(name=org.kore.kolabnotes.android/org.kore.kolabnotes.android.MainActivity) called by com.android.server.wm.WindowStateAnimator.destroySurface:2014 com.android.server.wm.WindowStateAnimator.destroySurfaceLocked:881 com.android.server.wm.WindowState.removeLocked:1449 com.android.server.wm.WindowManagerService.removeWindowInnerLocked:2478 com.android.server.wm.WindowManagerService.removeWindowLocked:2436 com.android.server.wm.WindowManagerService.removeWindowLocked:2305 com.android.server.wm.AppWindowToken.removeAllWindows:530 com.android.server.wm.AppWindowToken.removeAppFromTaskLocked:326 
07-26 13:58:53.062  1669  1810 D GraphicsStats: Buffer count: 3
07-26 13:58:53.068  1669  1695 I PackageManager: Package org.kore.kolabnotes.android codePath changed from /data/app/org.kore.kolabnotes.android-1 to /data/app/org.kore.kolabnotes.android-2; Retaining data and using new
07-26 13:58:53.068  1669  1695 W PackageManager: Code path for org.kore.kolabnotes.android changing from /data/app/org.kore.kolabnotes.android-1 to /data/app/org.kore.kolabnotes.android-2
07-26 13:58:53.068  1669  1695 W PackageManager: Resource path for org.kore.kolabnotes.android changing from /data/app/org.kore.kolabnotes.android-1 to /data/app/org.kore.kolabnotes.android-2
07-26 13:58:53.087  1669  1695 I art     : Starting a blocking GC Explicit
07-26 13:58:53.095  1669  1695 I art     : Explicit concurrent mark sweep GC freed 51519(3MB) AllocSpace objects, 12(320KB) LOS objects, 26% free, 10MB/14MB, paused 351us total 8.075ms
07-26 13:58:53.096  1342  1342 E         : Couldn't opendir /data/app/vmdl234042612.tmp: No such file or directory
07-26 13:58:53.096  1669  1695 I ActivityManager: Force stopping org.kore.kolabnotes.android appid=10062 user=0: pkg removed
07-26 13:58:53.104  1669  1720 I InputReader: Reconfiguring input devices.  changes=0x00000010
07-26 13:58:53.112  1669  1720 I InputReader: Reconfiguring input devices.  changes=0x00000010
07-26 13:58:53.113  1669  1720 I InputReader: Reconfiguring input devices.  changes=0x00000010
07-26 13:58:53.128  3179  3179 W art     : Unexpected CPU variant for X86 using defaults: x86_64
07-26 13:58:53.132  1669  1680 I ActivityManager: Start proc 3179:com.android.keychain/1000 for broadcast com.android.keychain/.KeyChainBroadcastReceiver
07-26 13:58:53.139  1669  1682 W VoiceInteractionManagerService: no available voice recognition services found for user 0
07-26 13:58:53.139  1669  1682 W LocationProviderProxy-network: Odd, no component found for service com.android.location.service.v3.NetworkLocationProvider
07-26 13:58:53.139  1669  1682 W GeocoderProxy: Odd, no component found for service com.android.location.service.GeocodeProvider
07-26 13:58:53.139  1669  1682 W GeofenceProxy: Odd, no component found for service com.android.location.service.GeofenceProvider
07-26 13:58:53.139  1669  1682 W ActivityRecognitionProxy: Odd, no component found for service com.android.location.service.ActivityRecognitionProvider
07-26 13:58:53.156  1946  1946 D CarrierSvcBindHelper: No carrier app for: 0
07-26 13:58:53.156  3179  3179 W System  : ClassLoader referenced unknown path: /system/app/KeyChain/lib/x86_64
07-26 13:58:53.156  1946  1946 D CarrierSvcBindHelper: No carrier app for: 0
07-26 13:58:53.156  1946  1946 D CarrierConfigLoader: mHandler: 9 phoneId: 0
07-26 13:58:53.163  3179  3179 W ContextImpl: Calling a method in the system process without a qualified user: android.app.ContextImpl.startService:1385 android.content.ContextWrapper.startService:613 android.content.ContextWrapper.startService:613 com.android.keychain.KeyChainBroadcastReceiver.onReceive:12 android.app.ActivityThread.handleReceiver:3011 
07-26 13:58:53.451  3199  3199 D AndroidRuntime: >>>>>> START com.android.internal.os.RuntimeInit uid 2000 <<<<<<
07-26 13:58:53.452  3199  3199 D AndroidRuntime: CheckJNI is OFF
07-26 13:58:53.462  3199  3199 W art     : Unexpected CPU variant for X86 using defaults: x86_64
07-26 13:58:53.464  3199  3199 D ICU     : No timezone override file found: /data/misc/zoneinfo/current/icu/icu_tzdata.dat
07-26 13:58:53.470  3199  3199 E memtrack: Couldn't load memtrack module (No such file or directory)
07-26 13:58:53.470  3199  3199 E android.os.Debug: failed to load memtrack module: -2
07-26 13:58:53.470  3199  3199 I Radio-JNI: register_android_hardware_Radio DONE
07-26 13:58:53.473  3199  3199 D AndroidRuntime: Calling main entry com.android.commands.am.Am
07-26 13:58:53.474  1669  1681 I ActivityManager: Force stopping org.kore.kolabnotes.android appid=10062 user=0: from pid 3199
07-26 13:58:53.475  1946  1946 D CarrierSvcBindHelper: No carrier app for: 0
07-26 13:58:53.725  1669  1680 I ActivityManager: START u0 {flg=0x10000000 cmp=org.kore.kolabnotes.android/.MainActivity} from uid 2000 on display 0
07-26 13:58:53.729  3199  3199 D AndroidRuntime: Shutting down VM
07-26 13:58:53.731  3209  3209 I art     : Late-enabling -Xcheck:jni
07-26 13:58:53.732  3209  3209 W art     : Unexpected CPU variant for X86 using defaults: x86_64
07-26 13:58:53.739  1669  1979 I ActivityManager: Start proc 3209:org.kore.kolabnotes.android/u0a62 for activity org.kore.kolabnotes.android/.MainActivity
07-26 13:58:53.747  3209  3209 W System  : ClassLoader referenced unknown path: /data/app/org.kore.kolabnotes.android-2/lib/x86_64
07-26 13:58:53.765  1332  3073 D gralloc_ranchu: gralloc_alloc: Creating ashmem region of size 8294400
07-26 13:58:53.765  1332  3073 D         : HostConnection::get() New Host Connection established 0x7658fa4e3000, tid 3073
07-26 13:58:53.774  3209  3209 W art     : Before Android 4.1, method android.graphics.PorterDuffColorFilter android.support.graphics.drawable.VectorDrawableCompat.updateTintFilter(android.graphics.PorterDuffColorFilter, android.content.res.ColorStateList, android.graphics.PorterDuff$Mode) would have incorrectly overridden the package-private method in android.graphics.drawable.Drawable
07-26 13:58:53.784  3209  3209 I FloatingActionButton: Setting a custom background is not supported.
07-26 13:58:53.790  3209  3209 I AppCompatViewInflater: app:theme is now deprecated. Please move to using android:theme instead.
07-26 13:58:53.804  3209  3225 D getNoteSorting: column:null; or direction:null; is empty, so default ordering will be returned
07-26 13:58:53.807  3209  3225 D displayBlankFragment: tabletMode:false
07-26 13:58:53.807  1332  1392 E SurfaceFlinger: ro.sf.lcd_density must be defined as a build property
07-26 13:58:53.808  3209  3209 D         : HostConnection::get() New Host Connection established 0x7336958a3240, tid 3209
07-26 13:58:53.815  2387  2470 D EGL_emulation: eglMakeCurrent: 0x73369a035aa0: ver 3 0 (tinfo 0x73369a00c8c0)
07-26 13:58:53.848  3209  3228 D         : HostConnection::get() New Host Connection established 0x7336958a3360, tid 3228
07-26 13:58:53.851  3209  3228 I OpenGLRenderer: Initialized EGL, version 1.4
07-26 13:58:53.851  3209  3228 D OpenGLRenderer: Swap behavior 1
07-26 13:58:53.851  3209  3228 W OpenGLRenderer: Failed to choose config with EGL_SWAP_BEHAVIOR_PRESERVED, retrying without...
07-26 13:58:53.851  3209  3228 D OpenGLRenderer: Swap behavior 0
07-26 13:58:53.862  3209  3228 D EGL_emulation: eglCreateContext: 0x7336a13f7f60: maj 3 min 0 rcv 3
07-26 13:58:53.863  3209  3228 D EGL_emulation: eglMakeCurrent: 0x7336a13f7f60: ver 3 0 (tinfo 0x733695898c60)
07-26 13:58:53.865  3209  3228 E eglCodecCommon: glUtilsParamSize: unknow param 0x00008cdf
07-26 13:58:53.865  3209  3228 E eglCodecCommon: glUtilsParamSize: unknow param 0x00008824
07-26 13:58:53.877  3209  3228 D EGL_emulation: eglMakeCurrent: 0x7336a13f7f60: ver 3 0 (tinfo 0x733695898c60)
07-26 13:58:53.955  1669  1690 I ActivityManager: Displayed org.kore.kolabnotes.android/.MainActivity: +226ms
07-26 13:58:54.146  1669  1690 I WindowManager: Destroying surface Surface(name=Starting org.kore.kolabnotes.android) called by com.android.server.wm.WindowStateAnimator.destroySurface:2014 com.android.server.wm.WindowStateAnimator.destroySurfaceLocked:881 com.android.server.wm.WindowState.destroyOrSaveSurface:2073 com.android.server.wm.AppWindowToken.destroySurfaces:363 com.android.server.wm.WindowStateAnimator.finishExit:565 com.android.server.wm.WindowStateAnimator.stepAnimationLocked:491 com.android.server.wm.WindowAnimator.updateWindowsLocked:303 com.android.server.wm.WindowAnimator.animateLocked:704 
07-26 13:58:54.582  1669  2011 I WindowManager: Destroying surface Surface(name=com.android.launcher3/com.android.launcher3.Launcher) called by com.android.server.wm.WindowStateAnimator.destroySurface:2014 com.android.server.wm.WindowStateAnimator.destroySurfaceLocked:881 com.android.server.wm.WindowState.destroyOrSaveSurface:2073 com.android.server.wm.AppWindowToken.destroySurfaces:363 com.android.server.wm.AppWindowToken.notifyAppStopped:389 com.android.server.wm.WindowManagerService.notifyAppStopped:4456 com.android.server.am.ActivityStack.activityStoppedLocked:1252 com.android.server.am.ActivityManagerService.activityStopped:6903 
07-26 13:59:01.663  1669  2012 I ActivityManager: Killing 2460:com.android.quicksearchbox/u0a52 (adj 906): empty #17
07-26 13:59:03.263  1669  1685 E libprocessgroup: failed to kill 1 processes for processgroup 2460
07-26 13:59:04.332  1669  1810 D ActivityManager: cleanUpApplicationRecord -- 2460
07-26 13:59:07.934  3147  3248 D UIAutomatorStub: URI: /jsonrpc/0, Method: POST, Header: {accept-encoding=identity, host=localhost:9009, http-client-ip=127.0.0.1, content-type=application/json, remote-addr=127.0.0.1, content-length=188, user-agent=Python-urllib/3.8, connection=close}, params, {NanoHttpd.QUERY_STRING=null}, files: {postData={"jsonrpc": "2.0", "method": "exist", "id": "c4a2790002d21e708efa4af068c33eea", "params": [{"mask": 64, "childOrSibling": [], "childOrSiblingSelector": [], "description": "More options"}]}}
07-26 13:59:07.946  3147  3249 D UIAutomatorStub: URI: /jsonrpc/0, Method: POST, Header: {accept-encoding=identity, host=localhost:9009, http-client-ip=127.0.0.1, content-type=application/json, remote-addr=127.0.0.1, content-length=188, user-agent=Python-urllib/3.8, connection=close}, params, {NanoHttpd.QUERY_STRING=null}, files: {postData={"jsonrpc": "2.0", "method": "click", "id": "4c08bc74032a962b7634c3880aedc163", "params": [{"mask": 64, "childOrSibling": [], "childOrSiblingSelector": [], "description": "More options"}]}}
07-26 13:59:07.967  3209  3209 W art     : Before Android 4.1, method int android.support.v7.widget.ListViewCompat.lookForSelectablePosition(int, boolean) would have incorrectly overridden the package-private method in android.widget.ListView
07-26 13:59:07.967  1339  1360 W audio_hw_generic: Not supplying enough data to HAL, expected position 1821785 , only wrote 1821600
07-26 13:59:08.012  3209  3228 D EGL_emulation: eglMakeCurrent: 0x7336a13f7f60: ver 3 0 (tinfo 0x733695898c60)
07-26 13:59:08.019  3209  3228 D EGL_emulation: eglMakeCurrent: 0x7336a13f7f60: ver 3 0 (tinfo 0x733695898c60)
07-26 13:59:08.022  3209  3228 D EGL_emulation: eglMakeCurrent: 0x7336a13f7f60: ver 3 0 (tinfo 0x733695898c60)
07-26 13:59:08.033  3209  3228 D EGL_emulation: eglMakeCurrent: 0x7336a13f7f60: ver 3 0 (tinfo 0x733695898c60)
07-26 13:59:08.046  3209  3228 D EGL_emulation: eglMakeCurrent: 0x7336a13f7f60: ver 3 0 (tinfo 0x733695898c60)
07-26 13:59:08.282  3209  3228 D EGL_emulation: eglMakeCurrent: 0x7336a13f7f60: ver 3 0 (tinfo 0x733695898c60)
07-26 13:59:08.363  3147  3260 D UIAutomatorStub: URI: /jsonrpc/0, Method: POST, Header: {accept-encoding=identity, host=localhost:9009, http-client-ip=127.0.0.1, content-type=application/json, remote-addr=127.0.0.1, content-length=176, user-agent=Python-urllib/3.8, connection=close}, params, {NanoHttpd.QUERY_STRING=null}, files: {postData={"jsonrpc": "2.0", "method": "exist", "id": "0bad37eefff72c98bc21d7f95c2237e2", "params": [{"mask": 1, "childOrSibling": [], "childOrSiblingSelector": [], "text": "Settings"}]}}
