05-15 12:08:45.557  2297  2655 V MediaScanner: pruneDeadThumbnailFiles... android.content.ContentProviderClient$CursorWrapperInner@d999447
05-15 12:08:45.558  2297  2655 V MediaScanner: /pruneDeadThumbnailFiles... android.content.ContentProviderClient$CursorWrapperInner@d999447
05-15 12:08:45.858  2522  2540 I GlobalDismissManager: no sender configured
05-15 12:08:45.858  2522  2540 D AlertService: Beginning updateAlertNotification
05-15 12:08:45.863  2522  2540 D AlertService: No fired or scheduled alerts
05-15 12:08:45.866  2522  2540 D AlertService: Scheduling next alarm with AlarmScheduler. sEventReminderReceived: null
05-15 12:08:45.870  2522  2540 D AlarmScheduler: No events found starting within 1 week.
05-15 12:08:45.871  2522  2540 D AlertService: 0 Action = android.intent.action.BOOT_COMPLETED
05-15 12:08:45.871  2522  2540 D AlertService: Scheduling next alarm with AlarmScheduler. sEventReminderReceived: null
05-15 12:08:45.874  2522  2540 D AlarmScheduler: No events found starting within 1 week.
05-15 12:08:46.145  1339  1360 W audio_hw_generic: Not supplying enough data to HAL, expected position 218318 , only wrote 218160
05-15 12:08:46.367  1669  1720 I InputReader: Reconfiguring input devices.  changes=0x00000010
05-15 12:08:46.367  1669  1720 I InputReader: Reconfiguring input devices.  changes=0x00000010
05-15 12:08:46.368  1669  1720 I InputReader: Reconfiguring input devices.  changes=0x00000010
05-15 12:08:46.368  1669  1720 I InputReader: Reconfiguring input devices.  changes=0x00000010
05-15 12:08:46.378  1669  1720 I InputReader: Reconfiguring input devices.  changes=0x00000010
05-15 12:08:46.379  1669  1720 I InputReader: Reconfiguring input devices.  changes=0x00000010
05-15 12:08:46.381  1669  1720 I InputReader: Reconfiguring input devices.  changes=0x00000010
05-15 12:08:46.385  1946  1946 D CarrierSvcBindHelper: No carrier app for: 0
05-15 12:08:46.405  1669  1679 I art     : Background sticky concurrent mark sweep GC freed 47039(2MB) AllocSpace objects, 11(220KB) LOS objects, 21% free, 11MB/14MB, paused 5.257ms total 34.645ms
05-15 12:08:46.406  1946  1946 D CarrierSvcBindHelper: No carrier app for: 0
05-15 12:08:46.423  1946  1946 D CarrierSvcBindHelper: No carrier app for: 0
05-15 12:08:46.436  1946  1946 D CarrierSvcBindHelper: No carrier app for: 0
05-15 12:08:46.438  1669  1682 W LocationProviderProxy-network: Odd, no component found for service com.android.location.service.v3.NetworkLocationProvider
05-15 12:08:46.440  1669  1682 W GeocoderProxy: Odd, no component found for service com.android.location.service.GeocodeProvider
05-15 12:08:46.440  1669  1682 W GeofenceProxy: Odd, no component found for service com.android.location.service.GeofenceProvider
05-15 12:08:46.440  1669  1682 W ActivityRecognitionProxy: Odd, no component found for service com.android.location.service.ActivityRecognitionProvider
05-15 12:08:46.447  1669  1682 W LocationProviderProxy-network: Odd, no component found for service com.android.location.service.v3.NetworkLocationProvider
05-15 12:08:46.447  1669  1682 W GeocoderProxy: Odd, no component found for service com.android.location.service.GeocodeProvider
05-15 12:08:46.447  1669  1682 W GeofenceProxy: Odd, no component found for service com.android.location.service.GeofenceProvider
05-15 12:08:46.447  1669  1682 W ActivityRecognitionProxy: Odd, no component found for service com.android.location.service.ActivityRecognitionProvider
05-15 12:08:46.448  1946  1946 D CarrierSvcBindHelper: No carrier app for: 0
05-15 12:08:46.449  1669  1682 W LocationProviderProxy-network: Odd, no component found for service com.android.location.service.v3.NetworkLocationProvider
05-15 12:08:46.450  1669  1682 W GeocoderProxy: Odd, no component found for service com.android.location.service.GeocodeProvider
05-15 12:08:46.450  1669  1682 W GeofenceProxy: Odd, no component found for service com.android.location.service.GeofenceProvider
05-15 12:08:46.450  1669  1682 W ActivityRecognitionProxy: Odd, no component found for service com.android.location.service.ActivityRecognitionProvider
05-15 12:08:46.453  1669  1682 W LocationProviderProxy-network: Odd, no component found for service com.android.location.service.v3.NetworkLocationProvider
05-15 12:08:46.453  1669  1682 W GeocoderProxy: Odd, no component found for service com.android.location.service.GeocodeProvider
05-15 12:08:46.453  1669  1682 W GeofenceProxy: Odd, no component found for service com.android.location.service.GeofenceProvider
05-15 12:08:46.453  1669  1682 W ActivityRecognitionProxy: Odd, no component found for service com.android.location.service.ActivityRecognitionProvider
05-15 12:08:46.454  1946  1946 D CarrierSvcBindHelper: No carrier app for: 0
05-15 12:08:46.455  1669  1682 W LocationProviderProxy-network: Odd, no component found for service com.android.location.service.v3.NetworkLocationProvider
05-15 12:08:46.456  1669  1682 W GeocoderProxy: Odd, no component found for service com.android.location.service.GeocodeProvider
05-15 12:08:46.456  1669  1682 W GeofenceProxy: Odd, no component found for service com.android.location.service.GeofenceProvider
05-15 12:08:46.456  1669  1682 W ActivityRecognitionProxy: Odd, no component found for service com.android.location.service.ActivityRecognitionProvider
05-15 12:08:46.459  1669  1682 W LocationProviderProxy-network: Odd, no component found for service com.android.location.service.v3.NetworkLocationProvider
05-15 12:08:46.459  1669  1682 W GeocoderProxy: Odd, no component found for service com.android.location.service.GeocodeProvider
05-15 12:08:46.459  1669  1682 W GeofenceProxy: Odd, no component found for service com.android.location.service.GeofenceProvider
05-15 12:08:46.459  1669  1682 W ActivityRecognitionProxy: Odd, no component found for service com.android.location.service.ActivityRecognitionProvider
05-15 12:08:46.461  1946  1946 D CarrierSvcBindHelper: No carrier app for: 0
05-15 12:08:46.461  1669  1682 W LocationProviderProxy-network: Odd, no component found for service com.android.location.service.v3.NetworkLocationProvider
05-15 12:08:46.461  1669  1682 W GeocoderProxy: Odd, no component found for service com.android.location.service.GeocodeProvider
05-15 12:08:46.461  1669  1682 W GeofenceProxy: Odd, no component found for service com.android.location.service.GeofenceProvider
05-15 12:08:46.461  1669  1682 W ActivityRecognitionProxy: Odd, no component found for service com.android.location.service.ActivityRecognitionProvider
05-15 12:08:46.502  1669  2181 W BackupManagerService: dataChanged but no participant pkg='com.android.launcher3' uid=10014
05-15 12:08:46.545  1669  1680 W BackupManagerService: dataChanged but no participant pkg='com.android.launcher3' uid=10014
05-15 12:08:46.634  1669  1979 W BackupManagerService: dataChanged but no participant pkg='com.android.launcher3' uid=10014
05-15 12:08:46.708  1669  2012 W BackupManagerService: dataChanged but no participant pkg='com.android.launcher3' uid=10014
05-15 12:08:47.540  1339  1362 W audio_hw_generic: Not supplying enough data to HAL, expected position 351107 , only wrote 285120
05-15 12:08:57.095  1669  2012 D AlarmManagerService: Kernel timezone updated to -480 minutes west of GMT
05-15 12:08:57.097  1669  1681 D AlarmManagerService: Setting time of day to sec=1715746137
05-15 12:08:57.002  1669  1681 W AlarmManagerService: Unable to set rtc to 1715746137: No such device
05-15 12:08:57.007  1839  2097 D EGL_emulation: eglMakeCurrent: 0x73369a045fa0: ver 3 0 (tinfo 0x73369a00c6a0)
05-15 12:09:00.777  1669  1683 I ActivityManager: Waited long enough for: ServiceRecord{5ff3f8d u0 com.android.calendar/.alerts.InitAlarmsService}
05-15 12:09:13.285  1669  1767 D ConnectivityService: handleLingerComplete for NetworkAgentInfo [MOBILE (LTE) - 100]
05-15 12:09:13.285  1669  1767 D ConnectivityService: NetworkAgentInfo [MOBILE (LTE) - 100] got DISCONNECTED, was satisfying 3
05-15 12:09:13.285  1946  2102 D DcNetworkAgent: NetworkAgent: NetworkAgent channel lost
05-15 12:09:13.285  1946  2102 D DcNetworkAgent: NetworkAgent: DcNetworkAgent: [unwanted]: disconnect apnContext={mApnType=default mState=CONNECTED mWaitingApns={[[ApnSettingV3] T-Mobile US, 1, 310260, epc.tmobile.com, , http://mms.msg.eng.t-mobile.com/mms/wapenc, , , , -1, *, IP, IP, true, 0, 0, 0, false, 0, 0, 0, 0, , , false]} mApnSetting={[ApnSettingV3] T-Mobile US, 1, 310260, epc.tmobile.com, , http://mms.msg.eng.t-mobile.com/mms/wapenc, , , , -1, *, IP, IP, true, 0, 0, 0, false, 0, 0, 0, 0, , , false} mReason=dataDisabled mDataEnabled=false mDependencyMet=true}
05-15 12:09:13.288  1669  1783 D DnsEventListenerService: Logging 3 results for netId 100
05-15 12:09:13.299  1348  1633 E Netd    : netlink response contains error (No such file or directory)
05-15 12:09:15.818  2522  2743 D InitAlarmsService: Clearing and rescheduling alarms.
05-15 12:09:15.827  1669  2011 I ActivityManager: Killing 1962:com.android.settings:CryptKeeper/1000 (adj 906): empty #17
05-15 12:09:15.829  1669  1680 D ActivityManager: cleanUpApplicationRecord -- 1962
05-15 12:09:26.467  1339  1360 W audio_hw_generic: Not supplying enough data to HAL, expected position 285187 , only wrote 285120
05-15 12:09:29.507  1839  2097 D EGL_emulation: eglMakeCurrent: 0x73369a045fa0: ver 3 0 (tinfo 0x73369a00c6a0)
05-15 12:09:34.892  1669  1810 I ActivityManager: START u0 {flg=0x10804000 cmp=com.android.systemui/.recents.RecentsActivity} from uid 10021 on display 0
05-15 12:09:34.911  2387  2470 D EGL_emulation: eglMakeCurrent: 0x73369a035aa0: ver 3 0 (tinfo 0x73369a00c8c0)
05-15 12:09:34.958  1839  2097 D EGL_emulation: eglMakeCurrent: 0x73369a045fa0: ver 3 0 (tinfo 0x73369a00c6a0)
05-15 12:09:34.974  1839  2097 D EGL_emulation: eglMakeCurrent: 0x73369a045fa0: ver 3 0 (tinfo 0x73369a00c6a0)
05-15 12:09:34.979  1669  1690 I ActivityManager: Displayed com.android.systemui/.recents.RecentsActivity: +83ms
05-15 12:09:34.991  1669  1690 I WindowManager: Destroying surface Surface(name=com.android.launcher3/com.android.launcher3.Launcher) called by com.android.server.wm.WindowStateAnimator.destroySurface:2014 com.android.server.wm.WindowStateAnimator.destroySurfaceLocked:881 com.android.server.wm.WindowState.destroyOrSaveSurface:2073 com.android.server.wm.AppWindowToken.destroySurfaces:363 com.android.server.wm.WindowStateAnimator.finishExit:565 com.android.server.wm.WindowStateAnimator.stepAnimationLocked:491 com.android.server.wm.WindowAnimator.updateWindowsLocked:303 com.android.server.wm.WindowAnimator.animateLocked:704 
05-15 12:09:36.652  1839  1839 V DeadZone: consuming errant click: (288.98438,26.917969)
05-15 12:09:37.192  1839  2097 D EGL_emulation: eglMakeCurrent: 0x73369a045fa0: ver 3 0 (tinfo 0x73369a00c6a0)
05-15 12:09:37.195  1669  1979 I ActivityManager: START u0 {act=android.intent.action.MAIN cat=[android.intent.category.HOME] flg=0x10200000 cmp=com.android.launcher3/.Launcher} from uid 10021 on display 0
05-15 12:09:37.199  1669  1979 I ActivityManager: Killing 2115:com.android.cellbroadcastreceiver/u0a4 (adj 906): empty #17
05-15 12:09:37.203  1839  2097 D EGL_emulation: eglMakeCurrent: 0x73369a045fa0: ver 3 0 (tinfo 0x73369a00c6a0)
05-15 12:09:37.211  1839  2097 D EGL_emulation: eglMakeCurrent: 0x73369a045fa0: ver 3 0 (tinfo 0x73369a00c6a0)
05-15 12:09:37.237  1669  2181 D ActivityManager: cleanUpApplicationRecord -- 2115
05-15 12:09:37.242  2387  2470 D EGL_emulation: eglMakeCurrent: 0x73369a035aa0: ver 3 0 (tinfo 0x73369a00c8c0)
05-15 12:09:37.308  1669  1690 I WindowManager: Destroying surface Surface(name=com.android.systemui/com.android.systemui.recents.RecentsActivity) called by com.android.server.wm.WindowStateAnimator.destroySurface:2014 com.android.server.wm.WindowStateAnimator.destroySurfaceLocked:881 com.android.server.wm.WindowState.destroyOrSaveSurface:2073 com.android.server.wm.AppWindowToken.destroySurfaces:363 com.android.server.wm.WindowStateAnimator.finishExit:565 com.android.server.wm.AppWindowAnimator.stepAnimationLocked:427 com.android.server.wm.WindowAnimator.updateAppWindowsLocked:176 com.android.server.wm.WindowAnimator.animateLocked:678 
05-15 12:09:37.757  2387  2470 W OpenGLRenderer: Incorrectly called buildLayer on View: ShortcutAndWidgetContainer, destroying layer...
05-15 12:09:41.050  1839  1839 V DeadZone: consuming errant click: (227.9773,39.92578)
05-15 12:09:48.683  1339  1362 W audio_hw_generic: Not supplying enough data to HAL, expected position 2416185 , only wrote 1351440
05-15 12:10:00.008  1839  2097 D EGL_emulation: eglMakeCurrent: 0x73369a045fa0: ver 3 0 (tinfo 0x73369a00c6a0)
05-15 12:12:13.259  1669  1675 I art     : Debugger is no longer active
05-15 12:12:13.259  1669  1675 I art     : Starting a blocking GC Instrumentation
05-15 12:12:13.259  1790  1800 I art     : Debugger is no longer active
05-15 12:12:13.259  1790  1800 I art     : Starting a blocking GC Instrumentation
05-15 12:12:13.259  1946  1955 I art     : Debugger is no longer active
05-15 12:12:13.259  1946  1955 I art     : Starting a blocking GC Instrumentation
05-15 12:12:13.259  1839  1846 I art     : Debugger is no longer active
05-15 12:12:13.259  1839  1846 I art     : Starting a blocking GC Instrumentation
05-15 12:12:13.260  2263  2271 I art     : Debugger is no longer active
05-15 12:12:13.260  2263  2271 I art     : Starting a blocking GC Instrumentation
05-15 12:12:13.260  2387  2396 I art     : Debugger is no longer active
05-15 12:12:13.260  2387  2396 I art     : Starting a blocking GC Instrumentation
05-15 12:12:13.260  1996  2004 I art     : Debugger is no longer active
05-15 12:12:13.261  2133  2140 I art     : Debugger is no longer active
05-15 12:12:13.261  2357  2365 I art     : Debugger is no longer active
05-15 12:12:13.261  2133  2140 I art     : Starting a blocking GC Instrumentation
05-15 12:12:13.261  2357  2365 I art     : Starting a blocking GC Instrumentation
05-15 12:12:13.262  2205  2211 I art     : Debugger is no longer active
05-15 12:12:13.262  2632  2639 I art     : Debugger is no longer active
05-15 12:12:13.262  2632  2639 I art     : Starting a blocking GC Instrumentation
05-15 12:12:13.263  2614  2621 I art     : Debugger is no longer active
05-15 12:12:13.263  2614  2621 I art     : Starting a blocking GC Instrumentation
05-15 12:12:13.263  2591  2597 I art     : Debugger is no longer active
05-15 12:12:13.263  2591  2597 I art     : Starting a blocking GC Instrumentation
05-15 12:12:13.263  2573  2580 I art     : Debugger is no longer active
05-15 12:12:13.263  2573  2580 I art     : Starting a blocking GC Instrumentation
05-15 12:12:13.264  2297  2305 I art     : Debugger is no longer active
05-15 12:12:13.264  2297  2305 I art     : Starting a blocking GC Instrumentation
05-15 12:12:13.264  2344  2351 I art     : Debugger is no longer active
05-15 12:12:13.264  2344  2351 I art     : Starting a blocking GC Instrumentation
05-15 12:12:13.265  2427  2434 I art     : Debugger is no longer active
05-15 12:12:13.265  2552  2559 I art     : Debugger is no longer active
05-15 12:12:13.265  2427  2434 I art     : Starting a blocking GC Instrumentation
05-15 12:12:13.265  2552  2559 I art     : Starting a blocking GC Instrumentation
05-15 12:12:13.265  2442  2448 I art     : Debugger is no longer active
05-15 12:12:13.265  2442  2448 I art     : Starting a blocking GC Instrumentation
05-15 12:12:13.265  2522  2528 I art     : Debugger is no longer active
05-15 12:12:13.265  2522  2528 I art     : Starting a blocking GC Instrumentation
05-15 12:12:13.265  2460  2467 I art     : Debugger is no longer active
05-15 12:12:13.265  2460  2467 I art     : Starting a blocking GC Instrumentation
05-15 12:12:13.265  2205  2211 I art     : Starting a blocking GC Instrumentation
05-15 12:12:13.265  1996  2004 I art     : Starting a blocking GC Instrumentation
05-15 12:12:13.265  2483  2490 I art     : Debugger is no longer active
05-15 12:12:13.265  2483  2490 I art     : Starting a blocking GC Instrumentation
05-15 12:12:17.045  1669  2012 D AlarmManagerService: Kernel timezone updated to -480 minutes west of GMT
05-15 12:12:17.046  1669  1810 D AlarmManagerService: Setting time of day to sec=1753509297
07-26 13:54:57.002  1669  1810 W AlarmManagerService: Unable to set rtc to 1753509297: No such device
07-26 13:54:57.014  1669  1669 D ConditionProviders.SCP: onReceive android.intent.action.TIME_SET
07-26 13:54:57.016  1669  1669 D ConditionProviders.SCP: notifyCondition condition://android/schedule?days=6.7&start=23.30&end=10.0&exitAtAlarm=false STATE_FALSE reason=!meetsSchedule
07-26 13:54:57.016  1669  1669 D ConditionProviders.SCP: notifyCondition condition://android/schedule?days=1.2.3.4.5&start=22.0&end=7.0&exitAtAlarm=false STATE_FALSE reason=!meetsSchedule
07-26 13:54:57.017  1669  1669 D ConditionProviders.SCP: Scheduling evaluate for Sat Jul 26 22:00:00 GMT+08:00 2025 (1753538400000), in +8h5m2s986ms, now=Sat Jul 26 13:54:57 GMT+08:00 2025 (1753509297014)
07-26 13:54:57.017  1669  1669 D ConditionProviders.SCP: onReceive ScheduleConditionProvider.EVALUATE
07-26 13:54:57.017  1669  1669 D ConditionProviders.SCP: notifyCondition condition://android/schedule?days=6.7&start=23.30&end=10.0&exitAtAlarm=false STATE_FALSE reason=!meetsSchedule
07-26 13:54:57.017  1669  1669 D ConditionProviders.SCP: notifyCondition condition://android/schedule?days=1.2.3.4.5&start=22.0&end=7.0&exitAtAlarm=false STATE_FALSE reason=!meetsSchedule
07-26 13:54:57.018  1669  1669 D ConditionProviders.SCP: Scheduling evaluate for Sat Jul 26 22:00:00 GMT+08:00 2025 (1753538400000), in +8h5m2s983ms, now=Sat Jul 26 13:54:57 GMT+08:00 2025 (1753509297017)
07-26 13:54:57.018  2133  2133 I AlarmClock: AlarmInitReceiver android.intent.action.TIME_SET
07-26 13:54:57.018  1669  1682 I UsageStatsService: Time changed in UsageStats by 37762960 seconds
07-26 13:54:57.018  1669  1682 I UsageStatsService: User[0] Flushing usage stats to disk
07-26 13:54:57.031  2133  2159 V AlarmClock: AlarmInitReceiver finished
07-26 13:54:57.038  1669  1669 D AlarmManagerService: Kernel timezone updated to -480 minutes west of GMT
07-26 13:54:57.042  1669  1682 I UsageStatsDatabase: Time changed by +437d1h42m40s912ms. files deleted: 0 files moved: 4
07-26 13:54:57.044  1669  1682 I UsageStatsService: User[0] Rollover scheduled @ 2025-07-27 05:51:13(1753595473734)
07-26 13:55:06.051  1339  1360 W audio_hw_generic: Not supplying enough data to HAL, expected position 1351648 , only wrote 1351440
07-26 13:55:09.277  1339  1362 W audio_hw_generic: Not supplying enough data to HAL, expected position 1658916 , only wrote 1506240
07-26 13:56:00.075  1669  1679 I art     : Background sticky concurrent mark sweep GC freed 78741(2MB) AllocSpace objects, 9(176KB) LOS objects, 25% free, 10MB/14MB, paused 305us total 218.045ms
07-26 13:57:26.401  1342  1342 I         : free_cache(5338896) avail 6245826560
07-26 13:57:27.615  1669  2012 W art     : Long monitor contention with owner Binder:1669_5 (2011) at void com.android.server.pm.PackageInstallerService$InternalCallback.onSessionSealedBlocking(com.android.server.pm.PackageInstallerSession)(PackageInstallerService.java:1275) waiters=0 in android.content.pm.PackageInstaller$SessionInfo com.android.server.pm.PackageInstallerService.getSessionInfo(int) for 1.155s
07-26 13:57:27.655  3009  3009 W art     : Unexpected CPU variant for X86 using defaults: x86_64
07-26 13:57:27.662  1669  1695 I ActivityManager: Start proc 3009:com.android.defcontainer/u0a7 for service com.android.defcontainer/.DefaultContainerService
07-26 13:57:27.674  1669  1695 I PackageManager.DexOptimizer: Running dexopt (dex2oat) on: /data/app/vmdl1082908716.tmp/base.apk pkg=org.kore.kolabnotes.android isa=x86_64 vmSafeMode=false debuggable=true target-filter=interpret-only oatDir = /data/app/vmdl1082908716.tmp/oat sharedLibraries=null
07-26 13:57:27.679  3024  3024 W dex2oat : Unexpected CPU variant for X86 using defaults: x86_64
07-26 13:57:27.679  3024  3024 I dex2oat : /system/bin/dex2oat --compiler-filter=interpret-only --debuggable
07-26 13:57:28.796  3024  3024 W dex2oat : Before Android 4.1, method int android.support.v7.widget.ListViewCompat.lookForSelectablePosition(int, boolean) would have incorrectly overridden the package-private method in android.widget.ListView
07-26 13:57:28.809  3024  3027 W dex2oat : Before Android 4.1, method android.graphics.PorterDuffColorFilter android.support.graphics.drawable.VectorDrawableCompat.updateTintFilter(android.graphics.PorterDuffColorFilter, android.content.res.ColorStateList, android.graphics.PorterDuff$Mode) would have incorrectly overridden the package-private method in android.graphics.drawable.Drawable
07-26 13:57:28.811  3024  3027 W dex2oat : Before Android 4.1, method korex.mail.Session com.sun.mail.imap.IMAPStore.getSession() would have incorrectly overridden the package-private method in korex.mail.Service
07-26 13:57:28.811  3024  3027 W dex2oat : Before Android 4.1, method korex.mail.Session com.sun.mail.pop3.POP3Store.getSession() would have incorrectly overridden the package-private method in korex.mail.Service
07-26 13:57:29.794  3024  3024 I dex2oat : dex2oat took 2.114s (threads: 3) arena alloc=3KB (3288B) java alloc=6MB (7049048B) native alloc=6MB (6389176B) free=2MB (2523720B)
07-26 13:57:29.934  1669  1695 V BackupManagerService: restoreAtInstall pkg=org.kore.kolabnotes.android token=1 restoreSet=0
07-26 13:57:29.934  1669  1695 W BackupManagerService: Requested unavailable transport: android/com.android.internal.backup.LocalTransport
07-26 13:57:29.934  1669  1695 W BackupManagerService: No transport
07-26 13:57:29.934  1669  1695 V BackupManagerService: Finishing install immediately
07-26 13:57:29.934  1669  1695 I art     : Starting a blocking GC Explicit
07-26 13:57:29.944  1669  1695 I art     : Explicit concurrent mark sweep GC freed 40432(2MB) AllocSpace objects, 9(260KB) LOS objects, 27% free, 10MB/14MB, paused 522us total 10.036ms
07-26 13:57:29.945  1342  1342 E         : Couldn't opendir /data/app/vmdl1082908716.tmp: No such file or directory
07-26 13:57:29.949  1669  1720 I InputReader: Reconfiguring input devices.  changes=0x00000010
07-26 13:57:29.951  1946  1946 D CarrierSvcBindHelper: No carrier app for: 0
07-26 13:57:29.951  1946  1946 D CarrierConfigLoader: mHandler: 9 phoneId: 0
07-26 13:57:29.957  1669  1682 W VoiceInteractionManagerService: no available voice recognition services found for user 0
07-26 13:57:29.957  1669  1682 W LocationProviderProxy-network: Odd, no component found for service com.android.location.service.v3.NetworkLocationProvider
07-26 13:57:29.957  1669  1682 W GeocoderProxy: Odd, no component found for service com.android.location.service.GeocodeProvider
07-26 13:57:29.957  1669  1682 W GeofenceProxy: Odd, no component found for service com.android.location.service.GeofenceProvider
07-26 13:57:29.957  1669  1682 W ActivityRecognitionProxy: Odd, no component found for service com.android.location.service.ActivityRecognitionProvider
07-26 13:57:29.964  3031  3031 W art     : Unexpected CPU variant for X86 using defaults: x86_64
07-26 13:57:29.971  1669  2012 I ActivityManager: Start proc 3031:com.svox.pico/u0a48 for broadcast com.svox.pico/.VoiceDataInstallerReceiver
07-26 13:57:29.982  1669  1681 I ActivityManager: Killing 2205:com.android.carrierconfig/u0a3 (adj 906): empty #17
07-26 13:57:30.232  1669  2011 D ActivityManager: cleanUpApplicationRecord -- 2205
07-26 13:57:37.681  1669  1681 I ActivityManager: Killing 2357:com.android.keychain/1000 (adj 906): empty #17
07-26 13:57:39.282  1669  1685 E libprocessgroup: failed to kill 1 processes for processgroup 2357
07-26 13:57:39.953  1669  1979 D ActivityManager: cleanUpApplicationRecord -- 2357
07-26 13:58:08.279  1839  2097 D EGL_emulation: eglMakeCurrent: 0x73369a045fa0: ver 3 0 (tinfo 0x73369a00c6a0)
07-26 13:58:08.362  1339  1360 W audio_hw_generic: Not supplying enough data to HAL, expected position 1506291 , only wrote 1506240
07-26 13:58:10.129  1669  2012 I ActivityManager: START u0 {act=android.intent.action.MAIN cat=[android.intent.category.LAUNCHER] flg=0x10200000 cmp=org.kore.kolabnotes.android/.MainActivity (has extras)} from uid 10014 on display 0
07-26 13:58:10.134  3051  3051 I art     : Late-enabling -Xcheck:jni
07-26 13:58:10.134  3051  3051 W art     : Unexpected CPU variant for X86 using defaults: x86_64
07-26 13:58:10.142  1669  2181 I ActivityManager: Start proc 3051:org.kore.kolabnotes.android/u0a62 for activity org.kore.kolabnotes.android/.MainActivity
07-26 13:58:10.149  3051  3051 W System  : ClassLoader referenced unknown path: /data/app/org.kore.kolabnotes.android-1/lib/x86_64
07-26 13:58:10.164  1332  1392 D gralloc_ranchu: gralloc_alloc: Creating ashmem region of size 8294400
07-26 13:58:10.171  3051  3051 W art     : Before Android 4.1, method android.graphics.PorterDuffColorFilter android.support.graphics.drawable.VectorDrawableCompat.updateTintFilter(android.graphics.PorterDuffColorFilter, android.content.res.ColorStateList, android.graphics.PorterDuff$Mode) would have incorrectly overridden the package-private method in android.graphics.drawable.Drawable
07-26 13:58:10.182  3051  3051 I FloatingActionButton: Setting a custom background is not supported.
07-26 13:58:10.183  3051  3051 I AppCompatViewInflater: app:theme is now deprecated. Please move to using android:theme instead.
07-26 13:58:10.210  3051  3067 D getNoteSorting: column:null; or direction:null; is empty, so default ordering will be returned
07-26 13:58:10.211  3051  3067 D displayBlankFragment: tabletMode:false
07-26 13:58:10.212  1332  1392 E SurfaceFlinger: ro.sf.lcd_density must be defined as a build property
07-26 13:58:10.213  3051  3051 D         : HostConnection::get() New Host Connection established 0x7336958a6240, tid 3051
07-26 13:58:10.264  3051  3070 D         : HostConnection::get() New Host Connection established 0x7336958a6360, tid 3070
07-26 13:58:10.267  3051  3070 I OpenGLRenderer: Initialized EGL, version 1.4
07-26 13:58:10.267  3051  3070 D OpenGLRenderer: Swap behavior 1
07-26 13:58:10.267  3051  3070 W OpenGLRenderer: Failed to choose config with EGL_SWAP_BEHAVIOR_PRESERVED, retrying without...
07-26 13:58:10.267  3051  3070 D OpenGLRenderer: Swap behavior 0
07-26 13:58:10.273  3051  3070 D EGL_emulation: eglCreateContext: 0x7336a13f7f60: maj 3 min 0 rcv 3
07-26 13:58:10.274  3051  3070 D EGL_emulation: eglMakeCurrent: 0x7336a13f7f60: ver 3 0 (tinfo 0x7336958a5ae0)
07-26 13:58:10.274  3051  3070 E eglCodecCommon: glUtilsParamSize: unknow param 0x00008cdf
07-26 13:58:10.274  3051  3070 E eglCodecCommon: glUtilsParamSize: unknow param 0x00008824
07-26 13:58:10.290  3051  3070 D EGL_emulation: eglMakeCurrent: 0x7336a13f7f60: ver 3 0 (tinfo 0x7336958a5ae0)
07-26 13:58:10.303  2387  2470 D EGL_emulation: eglMakeCurrent: 0x73369a035aa0: ver 3 0 (tinfo 0x73369a00c8c0)
07-26 13:58:10.446  1669  1690 I ActivityManager: Displayed org.kore.kolabnotes.android/.MainActivity: +315ms
07-26 13:58:10.646  1669  1690 I WindowManager: Destroying surface Surface(name=Starting org.kore.kolabnotes.android) called by com.android.server.wm.WindowStateAnimator.destroySurface:2014 com.android.server.wm.WindowStateAnimator.destroySurfaceLocked:881 com.android.server.wm.WindowState.destroyOrSaveSurface:2073 com.android.server.wm.AppWindowToken.destroySurfaces:363 com.android.server.wm.WindowStateAnimator.finishExit:565 com.android.server.wm.WindowStateAnimator.stepAnimationLocked:491 com.android.server.wm.WindowAnimator.updateWindowsLocked:303 com.android.server.wm.WindowAnimator.animateLocked:704 
07-26 13:58:10.679  1669  1979 I WindowManager: Destroying surface Surface(name=com.android.launcher3/com.android.launcher3.Launcher) called by com.android.server.wm.WindowStateAnimator.destroySurface:2014 com.android.server.wm.WindowStateAnimator.destroySurfaceLocked:881 com.android.server.wm.WindowState.destroyOrSaveSurface:2073 com.android.server.wm.AppWindowToken.destroySurfaces:363 com.android.server.wm.AppWindowToken.notifyAppStopped:389 com.android.server.wm.WindowManagerService.notifyAppStopped:4456 com.android.server.am.ActivityStack.activityStoppedLocked:1252 com.android.server.am.ActivityManagerService.activityStopped:6903 
07-26 13:58:11.726  1669  1719 I ActivityManager: START u0 {act=android.intent.action.MAIN cat=[android.intent.category.HOME] flg=0x10200000 cmp=com.android.launcher3/.Launcher (has extras)} from uid 1000 on display 0
07-26 13:58:11.729  1332  1394 D PermissionCache: checking android.permission.READ_FRAME_BUFFER for uid=1000 => granted (145 us)
07-26 13:58:11.729  1332  1394 D gralloc_ranchu: gralloc_alloc: Creating ashmem region of size 2691072
07-26 13:58:11.731  1669  1719 D         : HostConnection::get() New Host Connection established 0x7336867a6b40, tid 1719
07-26 13:58:11.748  3051  3070 D EGL_emulation: eglMakeCurrent: 0x7336a13f7f60: ver 3 0 (tinfo 0x7336958a5ae0)
07-26 13:58:11.765  2387  2470 D EGL_emulation: eglMakeCurrent: 0x73369a035aa0: ver 3 0 (tinfo 0x73369a00c8c0)
07-26 13:58:12.281  2387  2470 W OpenGLRenderer: Incorrectly called buildLayer on View: ShortcutAndWidgetContainer, destroying layer...
07-26 13:58:14.932  1339  1362 W audio_hw_generic: Not supplying enough data to HAL, expected position 2135003 , only wrote 1821600
07-26 13:58:46.352  1377  1377 W /sbin/adbd: type=1400 audit(0.0:5): avc: denied { search } for comm=73657276696365203231 name="security" dev="vdc" ino=49281 scontext=u:r:adbd:s0 tcontext=u:object_r:security_file:s0 tclass=dir permissive=0
07-26 13:58:47.057  1342  1342 I         : free_cache(1596536) avail 6183596032
07-26 13:58:47.222  1669  1695 I PackageManager.DexOptimizer: Running dexopt (dex2oat) on: /data/app/vmdl524807538.tmp/base.apk pkg=com.github.uiautomator isa=x86_64 vmSafeMode=false debuggable=true target-filter=interpret-only oatDir = /data/app/vmdl524807538.tmp/oat sharedLibraries=null
07-26 13:58:47.227  3121  3121 W dex2oat : Unexpected CPU variant for X86 using defaults: x86_64
07-26 13:58:47.227  3121  3121 I dex2oat : /system/bin/dex2oat --compiler-filter=interpret-only --debuggable
07-26 13:58:47.396  3121  3121 W dex2oat : Before Android 4.1, method int android.support.v7.widget.ListViewCompat.lookForSelectablePosition(int, boolean) would have incorrectly overridden the package-private method in android.widget.ListView
07-26 13:58:47.409  3121  3121 W dex2oat : Before Android 4.1, method android.graphics.PorterDuffColorFilter android.support.graphics.drawable.VectorDrawableCompat.updateTintFilter(android.graphics.PorterDuffColorFilter, android.content.res.ColorStateList, android.graphics.PorterDuff$Mode) would have incorrectly overridden the package-private method in android.graphics.drawable.Drawable
07-26 13:58:48.166  3121  3121 I dex2oat : dex2oat took 939.758ms (threads: 3) arena alloc=3KB (3744B) java alloc=4MB (4921064B) native alloc=4MB (4777928B) free=1990KB (2037816B)
07-26 13:58:48.188  1669  1695 V BackupManagerService: restoreAtInstall pkg=com.github.uiautomator token=2 restoreSet=0
07-26 13:58:48.188  1669  1695 W BackupManagerService: Requested unavailable transport: android/com.android.internal.backup.LocalTransport
07-26 13:58:48.188  1669  1695 W BackupManagerService: No transport
07-26 13:58:48.188  1669  1695 V BackupManagerService: Finishing install immediately
07-26 13:58:48.189  1669  1695 I art     : Starting a blocking GC Explicit
07-26 13:58:48.196  1669  1695 I art     : Explicit concurrent mark sweep GC freed 30998(1677KB) AllocSpace objects, 16(416KB) LOS objects, 27% free, 10MB/14MB, paused 343us total 7.078ms
07-26 13:58:48.196  1342  1342 E         : Couldn't opendir /data/app/vmdl524807538.tmp: No such file or directory
07-26 13:58:48.203  1669  1720 I InputReader: Reconfiguring input devices.  changes=0x00000010
07-26 13:58:48.203  1946  1946 D CarrierSvcBindHelper: No carrier app for: 0
07-26 13:58:48.203  1946  1946 D CarrierConfigLoader: mHandler: 9 phoneId: 0
07-26 13:58:48.206  1669  1682 W VoiceInteractionManagerService: no available voice recognition services found for user 0
07-26 13:58:48.206  1669  1682 W LocationProviderProxy-network: Odd, no component found for service com.android.location.service.v3.NetworkLocationProvider
07-26 13:58:48.206  1669  1682 W GeocoderProxy: Odd, no component found for service com.android.location.service.GeocodeProvider
07-26 13:58:48.206  1669  1682 W GeofenceProxy: Odd, no component found for service com.android.location.service.GeofenceProvider
07-26 13:58:48.206  1669  1682 W ActivityRecognitionProxy: Odd, no component found for service com.android.location.service.ActivityRecognitionProvider
07-26 13:58:48.212  1342  1342 I         : free_cache(983765) avail 6177472512
07-26 13:58:48.234  1669  1695 I PackageManager.DexOptimizer: Running dexopt (dex2oat) on: /data/app/vmdl945886448.tmp/base.apk pkg=com.github.uiautomator.test isa=x86_64 vmSafeMode=false debuggable=true target-filter=interpret-only oatDir = /data/app/vmdl945886448.tmp/oat sharedLibraries=/system/framework/android.test.runner.jar
07-26 13:58:48.238  3132  3132 W dex2oat : Unexpected CPU variant for X86 using defaults: x86_64
07-26 13:58:48.238  3132  3132 I dex2oat : /system/bin/dex2oat --compiler-filter=interpret-only --debuggable
07-26 13:58:49.322  3132  3132 I dex2oat : dex2oat took 1.084s (threads: 3) arena alloc=7KB (7712B) java alloc=2MB (2446208B) native alloc=3MB (3582328B) free=1621KB (1660552B)
07-26 13:58:49.344  1669  1695 V BackupManagerService: restoreAtInstall pkg=com.github.uiautomator.test token=3 restoreSet=0
07-26 13:58:49.344  1669  1695 W BackupManagerService: Requested unavailable transport: android/com.android.internal.backup.LocalTransport
07-26 13:58:49.344  1669  1695 W BackupManagerService: No transport
07-26 13:58:49.344  1669  1695 V BackupManagerService: Finishing install immediately
07-26 13:58:49.344  1669  1695 I art     : Starting a blocking GC Explicit
07-26 13:58:49.351  1669  1695 I art     : Explicit concurrent mark sweep GC freed 34102(1859KB) AllocSpace objects, 15(396KB) LOS objects, 27% free, 10MB/14MB, paused 322us total 6.916ms
07-26 13:58:49.351  1342  1342 E         : Couldn't opendir /data/app/vmdl945886448.tmp: No such file or directory
07-26 13:58:49.355  1669  1720 I InputReader: Reconfiguring input devices.  changes=0x00000010
07-26 13:58:49.360  1946  1946 D CarrierSvcBindHelper: No carrier app for: 0
07-26 13:58:49.361  1946  1946 D CarrierConfigLoader: mHandler: 9 phoneId: 0
07-26 13:58:49.363  1669  1682 W VoiceInteractionManagerService: no available voice recognition services found for user 0
07-26 13:58:49.363  1669  1682 W LocationProviderProxy-network: Odd, no component found for service com.android.location.service.v3.NetworkLocationProvider
07-26 13:58:49.363  1669  1682 W GeocoderProxy: Odd, no component found for service com.android.location.service.GeocodeProvider
07-26 13:58:49.363  1669  1682 W GeofenceProxy: Odd, no component found for service com.android.location.service.GeofenceProvider
07-26 13:58:49.363  1669  1682 W ActivityRecognitionProxy: Odd, no component found for service com.android.location.service.ActivityRecognitionProvider
07-26 13:58:49.436  3136  3136 D AndroidRuntime: >>>>>> START com.android.internal.os.RuntimeInit uid 2000 <<<<<<
07-26 13:58:49.437  3136  3136 D AndroidRuntime: CheckJNI is OFF
07-26 13:58:49.447  3136  3136 W art     : Unexpected CPU variant for X86 using defaults: x86_64
07-26 13:58:49.448  3136  3136 D ICU     : No timezone override file found: /data/misc/zoneinfo/current/icu/icu_tzdata.dat
07-26 13:58:49.456  3136  3136 E memtrack: Couldn't load memtrack module (No such file or directory)
07-26 13:58:49.456  3136  3136 E android.os.Debug: failed to load memtrack module: -2
07-26 13:58:49.456  3136  3136 I Radio-JNI: register_android_hardware_Radio DONE
07-26 13:58:49.548  3136  3136 D AndroidRuntime: Calling main entry com.android.commands.am.Am
07-26 13:58:49.549  1669  1979 I ActivityManager: Force stopping com.github.uiautomator appid=10063 user=0: start instr
07-26 13:58:49.552  3147  3147 I art     : Late-enabling -Xcheck:jni
07-26 13:58:49.552  3147  3147 W art     : Unexpected CPU variant for X86 using defaults: x86_64
07-26 13:58:49.560  1669  1979 I ActivityManager: Start proc 3147:com.github.uiautomator/u0a63 for added application com.github.uiautomator
07-26 13:58:49.569  3147  3147 W System  : ClassLoader referenced unknown path: /data/app/com.github.uiautomator.test-1/lib/x86_64
07-26 13:58:49.569  3147  3147 W System  : ClassLoader referenced unknown path: /data/app/com.github.uiautomator-1/lib/x86_64
07-26 13:58:49.571  3147  3147 W System  : ClassLoader referenced unknown path: 
07-26 13:58:49.579  3147  3147 I MonitoringInstrumentation: Instrumentation Started!
07-26 13:58:49.580  3147  3147 I MonitoringInstrumentation: Setting context classloader to 'dalvik.system.PathClassLoader[DexPathList[[zip file "/system/framework/android.test.runner.jar", zip file "/data/app/com.github.uiautomator.test-1/base.apk", zip file "/data/app/com.github.uiautomator-1/base.apk"],nativeLibraryDirectories=[/data/app/com.github.uiautomator.test-1/lib/x86_64, /data/app/com.github.uiautomator-1/lib/x86_64, /system/lib64, /vendor/lib64]]]', Original: 'dalvik.system.PathClassLoader[DexPathList[[zip file "/system/framework/android.test.runner.jar", zip file "/data/app/com.github.uiautomator.test-1/base.apk", zip file "/data/app/com.github.uiautomator-1/base.apk"],nativeLibraryDirectories=[/data/app/com.github.uiautomator.test-1/lib/x86_64, /data/app/com.github.uiautomator-1/lib/x86_64, /system/lib64, /vendor/lib64]]]'
07-26 13:58:49.580  3147  3147 I MonitoringInstrumentation: No JSBridge.
07-26 13:58:49.582  3147  3162 I UsageTrackerFacilitator: Usage tracking enabled
07-26 13:58:49.582  3147  3162 I TestRequestBuilder: Scanning classpath to find tests in apks [/data/app/com.github.uiautomator.test-1/base.apk]
07-26 13:58:49.845  3147  3162 I art     : Rejecting re-init on previously-failed class java.lang.Class<com.googlecode.jsonrpc4j.spring.AbstractCompositeJsonServiceExporter>: java.lang.NoClassDefFoundError: Failed resolution of: Lorg/springframework/beans/factory/InitializingBean;
07-26 13:58:49.845  3147  3162 I art     :   at java.lang.Class java.lang.Class.classForName!(java.lang.String, boolean, java.lang.ClassLoader) (Class.java:-2)
07-26 13:58:49.845  3147  3162 I art     :   at java.lang.Class java.lang.Class.forName(java.lang.String, boolean, java.lang.ClassLoader) (Class.java:400)
07-26 13:58:49.845  3147  3162 I art     :   at java.lang.Class android.support.test.internal.runner.TestLoader.doLoadClass(java.lang.String) (TestLoader.java:92)
07-26 13:58:49.845  3147  3162 I art     :   at java.lang.Class android.support.test.internal.runner.TestLoader.loadIfTest(java.lang.String) (TestLoader.java:113)
07-26 13:58:49.845  3147  3162 I art     :   at void android.support.test.internal.runner.TestRequestBuilder.loadClassesFromClassPath(android.support.test.internal.runner.TestLoader, java.util.Set) (TestRequestBuilder.java:801)
07-26 13:58:49.845  3147  3162 I art     :   at android.support.test.internal.runner.TestRequest android.support.test.internal.runner.TestRequestBuilder.build() (TestRequestBuilder.java:747)
07-26 13:58:49.845  3147  3162 I art     :   at android.support.test.internal.runner.TestRequest android.support.test.runner.AndroidJUnitRunner.buildRequest(android.support.test.internal.runner.RunnerArgs, android.os.Bundle) (AndroidJUnitRunner.java:354)
07-26 13:58:49.845  3147  3162 I art     :   at void android.support.test.runner.AndroidJUnitRunner.onStart() (AndroidJUnitRunner.java:260)
07-26 13:58:49.845  3147  3162 I art     :   at void android.app.Instrumentation$InstrumentationThread.run() (Instrumentation.java:1932)
07-26 13:58:49.845  3147  3162 I art     : Caused by: java.lang.ClassNotFoundException: Didn't find class "org.springframework.beans.factory.InitializingBean" on path: DexPathList[[zip file "/system/framework/android.test.runner.jar", zip file "/data/app/com.github.uiautomator.test-1/base.apk", zip file "/data/app/com.github.uiautomator-1/base.apk"],nativeLibraryDirectories=[/data/app/com.github.uiautomator.test-1/lib/x86_64, /data/app/com.github.uiautomator-1/lib/x86_64, /system/lib64, /vendor/lib64]]
07-26 13:58:49.845  3147  3162 I art     :   at java.lang.Class dalvik.system.BaseDexClassLoader.findClass(java.lang.String) (BaseDexClassLoader.java:56)
07-26 13:58:49.845  3147  3162 I art     :   at java.lang.Class java.lang.ClassLoader.loadClass(java.lang.String, boolean) (ClassLoader.java:380)
07-26 13:58:49.845  3147  3162 I art     :   at java.lang.Class java.lang.ClassLoader.loadClass(java.lang.String) (ClassLoader.java:312)
07-26 13:58:49.845  3147  3162 I art     :   at java.lang.Class java.lang.Class.classForName!(java.lang.String, boolean, java.lang.ClassLoader) (Class.java:-2)
07-26 13:58:49.845  3147  3162 I art     :   at java.lang.Class java.lang.Class.forName(java.lang.String, boolean, java.lang.ClassLoader) (Class.java:400)
07-26 13:58:49.845  3147  3162 I art     :   at java.lang.Class android.support.test.internal.runner.TestLoader.doLoadClass(java.lang.String) (TestLoader.java:92)
07-26 13:58:49.845  3147  3162 I art     :   at java.lang.Class android.support.test.internal.runner.TestLoader.loadIfTest(java.lang.String) (TestLoader.java:113)
07-26 13:58:49.845  3147  3162 I art     :   at void android.support.test.internal.runner.TestRequestBuilder.loadClassesFromClassPath(android.support.test.internal.runner.TestLoader, java.util.Set) (TestRequestBuilder.java:801)
07-26 13:58:49.845  3147  3162 I art     :   at android.support.test.internal.runner.TestRequest android.support.test.internal.runner.TestRequestBuilder.build() (TestRequestBuilder.java:747)
07-26 13:58:49.845  3147  3162 I art     :   at android.support.test.internal.runner.TestRequest android.support.test.runner.AndroidJUnitRunner.buildRequest(android.support.test.internal.runner.RunnerArgs, android.os.Bundle) (AndroidJUnitRunner.java:354)
07-26 13:58:49.845  3147  3162 I art     :   at void android.support.test.runner.AndroidJUnitRunner.onStart() (AndroidJUnitRunner.java:260)
07-26 13:58:49.845  3147  3162 I art     :   at void android.app.Instrumentation$InstrumentationThread.run() (Instrumentation.java:1932)
07-26 13:58:49.845  3147  3162 I art     : 
07-26 13:58:49.845  3147  3162 E TestLoader: Could not find class: com.googlecode.jsonrpc4j.spring.AbstractCompositeJsonServiceExporter
07-26 13:58:49.845  3147  3162 I art     : Rejecting re-init on previously-failed class java.lang.Class<com.googlecode.jsonrpc4j.spring.AbstractJsonServiceExporter>: java.lang.NoClassDefFoundError: Failed resolution of: Lorg/springframework/remoting/support/RemoteExporter;
07-26 13:58:49.845  3147  3162 I art     :   at java.lang.Class java.lang.Class.classForName!(java.lang.String, boolean, java.lang.ClassLoader) (Class.java:-2)
07-26 13:58:49.845  3147  3162 I art     :   at java.lang.Class java.lang.Class.forName(java.lang.String, boolean, java.lang.ClassLoader) (Class.java:400)
07-26 13:58:49.845  3147  3162 I art     :   at java.lang.Class android.support.test.internal.runner.TestLoader.doLoadClass(java.lang.String) (TestLoader.java:92)
07-26 13:58:49.845  3147  3162 I art     :   at java.lang.Class android.support.test.internal.runner.TestLoader.loadIfTest(java.lang.String) (TestLoader.java:113)
07-26 13:58:49.845  3147  3162 I art     :   at void android.support.test.internal.runner.TestRequestBuilder.loadClassesFromClassPath(android.support.test.internal.runner.TestLoader, java.util.Set) (TestRequestBuilder.java:801)
07-26 13:58:49.846  3147  3162 I art     :   at android.support.test.internal.runner.TestRequest android.support.test.internal.runner.TestRequestBuilder.build() (TestRequestBuilder.java:747)
07-26 13:58:49.846  3147  3162 I art     :   at android.support.test.internal.runner.TestRequest android.support.test.runner.AndroidJUnitRunner.buildRequest(android.support.test.internal.runner.RunnerArgs, android.os.Bundle) (AndroidJUnitRunner.java:354)
07-26 13:58:49.846  3147  3162 I art     :   at void android.support.test.runner.AndroidJUnitRunner.onStart() (AndroidJUnitRunner.java:260)
07-26 13:58:49.846  3147  3162 I art     :   at void android.app.Instrumentation$InstrumentationThread.run() (Instrumentation.java:1932)
07-26 13:58:49.846  3147  3162 I art     : Caused by: java.lang.ClassNotFoundException: Didn't find class "org.springframework.remoting.support.RemoteExporter" on path: DexPathList[[zip file "/system/framework/android.test.runner.jar", zip file "/data/app/com.github.uiautomator.test-1/base.apk", zip file "/data/app/com.github.uiautomator-1/base.apk"],nativeLibraryDirectories=[/data/app/com.github.uiautomator.test-1/lib/x86_64, /data/app/com.github.uiautomator-1/lib/x86_64, /system/lib64, /vendor/lib64]]
07-26 13:58:49.846  3147  3162 I art     :   at java.lang.Class dalvik.system.BaseDexClassLoader.findClass(java.lang.String) (BaseDexClassLoader.java:56)
07-26 13:58:49.846  3147  3162 I art     :   at java.lang.Class java.lang.ClassLoader.loadClass(java.lang.String, boolean) (ClassLoader.java:380)
07-26 13:58:49.846  3147  3162 I art     :   at java.lang.Class java.lang.ClassLoader.loadClass(java.lang.String) (ClassLoader.java:312)
07-26 13:58:49.846  3147  3162 I art     :   at java.lang.Class java.lang.Class.classForName!(java.lang.String, boolean, java.lang.ClassLoader) (Class.java:-2)
07-26 13:58:49.846  3147  3162 I art     :   at java.lang.Class java.lang.Class.forName(java.lang.String, boolean, java.lang.ClassLoader) (Class.java:400)
07-26 13:58:49.846  3147  3162 I art     :   at java.lang.Class android.support.test.internal.runner.TestLoader.doLoadClass(java.lang.String) (TestLoader.java:92)
07-26 13:58:49.846  3147  3162 I art     :   at java.lang.Class android.support.test.internal.runner.TestLoader.loadIfTest(java.lang.String) (TestLoader.java:113)
07-26 13:58:49.846  3147  3162 I art     :   at void android.support.test.internal.runner.TestRequestBuilder.loadClassesFromClassPath(android.support.test.internal.runner.TestLoader, java.util.Set) (TestRequestBuilder.java:801)
07-26 13:58:49.846  3147  3162 I art     :   at android.support.test.internal.runner.TestRequest android.support.test.internal.runner.TestRequestBuilder.build() (TestRequestBuilder.java:747)
07-26 13:58:49.846  3147  3162 I art     :   at android.support.test.internal.runner.TestRequest android.support.test.runner.AndroidJUnitRunner.buildRequest(android.support.test.internal.runner.RunnerArgs, android.os.Bundle) (AndroidJUnitRunner.java:354)
07-26 13:58:49.846  3147  3162 I art     :   at void android.support.test.runner.AndroidJUnitRunner.onStart() (AndroidJUnitRunner.java:260)
07-26 13:58:49.846  3147  3162 I art     :   at void android.app.Instrumentation$InstrumentationThread.run() (Instrumentation.java:1932)
07-26 13:58:49.846  3147  3162 I art     : 
07-26 13:58:49.846  3147  3162 E TestLoader: Could not find class: com.googlecode.jsonrpc4j.spring.AbstractJsonServiceExporter
07-26 13:58:49.846  3147  3162 I art     : Rejecting re-init on previously-failed class java.lang.Class<com.googlecode.jsonrpc4j.spring.AutoJsonRpcClientProxyCreator>: java.lang.NoClassDefFoundError: Failed resolution of: Lorg/springframework/beans/factory/config/BeanFactoryPostProcessor;
07-26 13:58:49.846  3147  3162 I art     :   at java.lang.Class java.lang.Class.classForName!(java.lang.String, boolean, java.lang.ClassLoader) (Class.java:-2)
07-26 13:58:49.846  3147  3162 I art     :   at java.lang.Class java.lang.Class.forName(java.lang.String, boolean, java.lang.ClassLoader) (Class.java:400)
07-26 13:58:49.846  3147  3162 I art     :   at java.lang.Class android.support.test.internal.runner.TestLoader.doLoadClass(java.lang.String) (TestLoader.java:92)
07-26 13:58:49.846  3147  3162 I art     :   at java.lang.Class android.support.test.internal.runner.TestLoader.loadIfTest(java.lang.String) (TestLoader.java:113)
07-26 13:58:49.846  3147  3162 I art     :   at void android.support.test.internal.runner.TestRequestBuilder.loadClassesFromClassPath(android.support.test.internal.runner.TestLoader, java.util.Set) (TestRequestBuilder.java:801)
07-26 13:58:49.846  3147  3162 I art     :   at android.support.test.internal.runner.TestRequest android.support.test.internal.runner.TestRequestBuilder.build() (TestRequestBuilder.java:747)
07-26 13:58:49.846  3147  3162 I art     :   at android.support.test.internal.runner.TestRequest android.support.test.runner.AndroidJUnitRunner.buildRequest(android.support.test.internal.runner.RunnerArgs, android.os.Bundle) (AndroidJUnitRunner.java:354)
07-26 13:58:49.846  3147  3162 I art     :   at void android.support.test.runner.AndroidJUnitRunner.onStart() (AndroidJUnitRunner.java:260)
07-26 13:58:49.846  3147  3162 I art     :   at void android.app.Instrumentation$InstrumentationThread.run() (Instrumentation.java:1932)
07-26 13:58:49.846  3147  3162 I art     : Caused by: java.lang.ClassNotFoundException: Didn't find class "org.springframework.beans.factory.config.BeanFactoryPostProcessor" on path: DexPathList[[zip file "/system/framework/android.test.runner.jar", zip file "/data/app/com.github.uiautomator.test-1/base.apk", zip file "/data/app/com.github.uiautomator-1/base.apk"],nativeLibraryDirectories=[/data/app/com.github.uiautomator.test-1/lib/x86_64, /data/app/com.github.uiautomator-1/lib/x86_64, /system/lib64, /vendor/lib64]]
07-26 13:58:49.846  3147  3162 I art     :   at java.lang.Class dalvik.system.BaseDexClassLoader.findClass(java.lang.String) (BaseDexClassLoader.java:56)
07-26 13:58:49.846  3147  3162 I art     :   at java.lang.Class java.lang.ClassLoader.loadClass(java.lang.String, boolean) (ClassLoader.java:380)
07-26 13:58:49.846  3147  3162 I art     :   at java.lang.Class java.lang.ClassLoader.loadClass(java.lang.String) (ClassLoader.java:312)
